../Core/Src/main.cpp:106:6:void HAL_GPIO_EXTI_Callback(uint16_t)	16	static
../Core/Src/main.cpp:117:6:void HAL_TIM_IC_CaptureCallback(TIM_HandleTypeDef*)	16	static
../Core/Src/main.cpp:136:6:void HAL_TIM_PeriodElapsedCallback(TIM_HandleTypeDef*)	16	static
../Core/Src/main.cpp:149:5:int main()	200	dynamic
../Core/Src/main.cpp:566:6:void SystemClock_Config()	88	static
../Core/Src/main.cpp:613:13:void MX_I2C1_Init()	8	static
../Core/Src/main.cpp:647:13:void MX_TIM1_Init()	48	static
../Core/Src/main.cpp:710:13:void MX_TIM2_Init()	64	static
../Core/Src/main.cpp:769:13:void MX_TIM3_Init()	64	static
../Core/Src/main.cpp:832:13:void MX_TIM5_Init()	56	static
../Core/Src/main.cpp:881:13:void MX_USART2_UART_Init()	8	static
../Core/Src/main.cpp:914:13:void MX_GPIO_Init()	40	static
../Core/Src/main.cpp:949:6:void I2C_Scan(UART_HandleTypeDef*)	24	static
../Core/Src/main.cpp:972:13:void VL53L0X_Init()	16	static
../Core/Src/main.cpp:1003:6:void Error_Handler()	4	static,ignoring_inline_asm
