../Core/Src/main.cpp:86:6:void HAL_TIM_IC_CaptureCallback(TIM_HandleTypeDef*)	16	static
../Core/Src/main.cpp:112:5:int main()	96	static
../Core/Src/main.cpp:221:6:void SystemClock_Config()	88	static
../Core/Src/main.cpp:267:13:void MX_TIM1_Init()	32	static
../Core/Src/main.cpp:320:13:void MX_TIM3_Init()	64	static
../Core/Src/main.cpp:391:13:void MX_USART1_UART_Init()	8	static
../Core/Src/main.cpp:424:13:void MX_USART2_UART_Init()	8	static
../Core/Src/main.cpp:457:13:void MX_GPIO_Init()	48	static
../Core/Src/main.cpp:501:6:void Error_Handler()	4	static,ignoring_inline_asm
