../Core/Src/main.cpp:82:6:void HAL_TIM_IC_CaptureCallback(TIM_HandleTypeDef*)	16	static
../Core/Src/main.cpp:111:5:int main()	96	static
../Core/Src/main.cpp:192:6:void SystemClock_Config()	88	static
../Core/Src/main.cpp:238:13:void MX_TIM1_Init()	32	static
../Core/Src/main.cpp:291:13:void MX_TIM3_Init()	32	static
../Core/Src/main.cpp:336:13:void MX_USART1_UART_Init()	8	static
../Core/Src/main.cpp:369:13:void MX_USART2_UART_Init()	8	static
../Core/Src/main.cpp:402:13:void MX_GPIO_Init()	48	static
../Core/Src/main.cpp:446:6:void Error_Handler()	4	static,ignoring_inline_asm
