../Core/Src/main.cpp:86:6:void HAL_GPIO_EXTI_Callback(uint16_t)	16	static
../Core/Src/main.cpp:96:6:void HAL_TIM_IC_CaptureCallback(TIM_HandleTypeDef*)	16	static
../Core/Src/main.cpp:121:6:void HAL_TIM_PeriodElapsedCallback(TIM_HandleTypeDef*)	24	static
../Core/Src/main.cpp:142:5:int main()	40	static
../Core/Src/main.cpp:265:6:void SystemClock_Config()	88	static
../Core/Src/main.cpp:312:13:void MX_TIM1_Init()	48	static
../Core/Src/main.cpp:375:13:void MX_TIM2_Init()	64	static
../Core/Src/main.cpp:434:13:void MX_TIM5_Init()	56	static
../Core/Src/main.cpp:483:13:void MX_USART2_UART_Init()	8	static
../Core/Src/main.cpp:516:13:void MX_GPIO_Init()	40	static
../Core/Src/main.cpp:558:6:void Error_Handler()	4	static,ignoring_inline_asm
