../Core/Src/main.cpp:85:6:void HAL_GPIO_EXTI_Callback(uint16_t)	16	static
../Core/Src/main.cpp:95:6:void HAL_TIM_IC_CaptureCallback(TIM_HandleTypeDef*)	16	static
../Core/Src/main.cpp:121:6:void HAL_TIM_PeriodElapsedCallback(TIM_HandleTypeDef*)	24	static
../Core/Src/main.cpp:142:5:int main()	56	static
../Core/Src/main.cpp:259:6:void SystemClock_Config()	88	static
../Core/Src/main.cpp:306:13:void MX_TIM1_Init()	48	static
../Core/Src/main.cpp:369:13:void MX_TIM2_Init()	64	static
../Core/Src/main.cpp:428:13:void MX_TIM5_Init()	56	static
../Core/Src/main.cpp:477:13:void MX_USART2_UART_Init()	8	static
../Core/Src/main.cpp:510:13:void MX_GPIO_Init()	40	static
../Core/Src/main.cpp:552:6:void Error_Handler()	4	static,ignoring_inline_asm
