../Core/Src/main.cpp:87:6:void HAL_GPIO_EXTI_Callback(uint16_t)	16	static
../Core/Src/main.cpp:97:6:void HAL_TIM_IC_CaptureCallback(TIM_HandleTypeDef*)	16	static
../Core/Src/main.cpp:125:6:void HAL_TIM_PeriodElapsedCallback(TIM_HandleTypeDef*)	16	static
../Core/Src/main.cpp:135:5:int main()	64	static
../Core/Src/main.cpp:270:6:void SystemClock_Config()	88	static
../Core/Src/main.cpp:317:13:void MX_TIM1_Init()	48	static
../Core/Src/main.cpp:380:13:void MX_TIM2_Init()	64	static
../Core/Src/main.cpp:439:13:void MX_TIM5_Init()	56	static
../Core/Src/main.cpp:488:13:void MX_USART2_UART_Init()	8	static
../Core/Src/main.cpp:521:13:void MX_GPIO_Init()	40	static
../Core/Src/main.cpp:563:6:void Error_Handler()	4	static,ignoring_inline_asm
