../Core/Src/main.cpp:78:6:void HAL_TIM_IC_CaptureCallback(TIM_HandleTypeDef*)	16	static
../Core/Src/main.cpp:103:5:int main()	96	static
../Core/Src/main.cpp:186:6:void SystemClock_Config()	88	static
../Core/Src/main.cpp:232:13:void MX_TIM3_Init()	48	static
../Core/Src/main.cpp:294:13:void MX_USART1_UART_Init()	8	static
../Core/Src/main.cpp:327:13:void MX_USART2_UART_Init()	8	static
../Core/Src/main.cpp:360:13:void MX_GPIO_Init()	48	static
../Core/Src/main.cpp:404:6:void Error_Handler()	4	static,ignoring_inline_asm
