Archive member included to satisfy reference by file (symbol)

C:/ST/STM32CubeIDE_1.15.1/STM32CubeIDE/plugins/com.st.stm32cube.ide.mcu.externaltools.gnu-tools-for-stm32.12.3.rel1.win32_1.0.100.202403111256/tools/bin/../lib/gcc/arm-none-eabi/12.3.1/../../../../arm-none-eabi/lib/thumb/v7e-m+fp/hard\libstdc++_nano.a(del_ops.o)
                              ./Core/Src/ColoredBlock.o (operator delete(void*, unsigned int))
C:/ST/STM32CubeIDE_1.15.1/STM32CubeIDE/plugins/com.st.stm32cube.ide.mcu.externaltools.gnu-tools-for-stm32.12.3.rel1.win32_1.0.100.202403111256/tools/bin/../lib/gcc/arm-none-eabi/12.3.1/../../../../arm-none-eabi/lib/thumb/v7e-m+fp/hard\libstdc++_nano.a(new_op.o)
                              ./Core/Src/main.o (operator new(unsigned int))
C:/ST/STM32CubeIDE_1.15.1/STM32CubeIDE/plugins/com.st.stm32cube.ide.mcu.externaltools.gnu-tools-for-stm32.12.3.rel1.win32_1.0.100.202403111256/tools/bin/../lib/gcc/arm-none-eabi/12.3.1/../../../../arm-none-eabi/lib/thumb/v7e-m+fp/hard\libstdc++_nano.a(del_op.o)
                              C:/ST/STM32CubeIDE_1.15.1/STM32CubeIDE/plugins/com.st.stm32cube.ide.mcu.externaltools.gnu-tools-for-stm32.12.3.rel1.win32_1.0.100.202403111256/tools/bin/../lib/gcc/arm-none-eabi/12.3.1/../../../../arm-none-eabi/lib/thumb/v7e-m+fp/hard\libstdc++_nano.a(del_ops.o) (operator delete(void*))
C:/ST/STM32CubeIDE_1.15.1/STM32CubeIDE/plugins/com.st.stm32cube.ide.mcu.externaltools.gnu-tools-for-stm32.12.3.rel1.win32_1.0.100.202403111256/tools/bin/../lib/gcc/arm-none-eabi/12.3.1/../../../../arm-none-eabi/lib/thumb/v7e-m+fp/hard\libstdc++_nano.a(new_handler.o)
                              C:/ST/STM32CubeIDE_1.15.1/STM32CubeIDE/plugins/com.st.stm32cube.ide.mcu.externaltools.gnu-tools-for-stm32.12.3.rel1.win32_1.0.100.202403111256/tools/bin/../lib/gcc/arm-none-eabi/12.3.1/../../../../arm-none-eabi/lib/thumb/v7e-m+fp/hard\libstdc++_nano.a(new_op.o) (std::get_new_handler())
C:/ST/STM32CubeIDE_1.15.1/STM32CubeIDE/plugins/com.st.stm32cube.ide.mcu.externaltools.gnu-tools-for-stm32.12.3.rel1.win32_1.0.100.202403111256/tools/bin/../lib/gcc/arm-none-eabi/12.3.1/../../../../arm-none-eabi/lib/thumb/v7e-m+fp/hard\libc_nano.a(libc_a-abort.o)
                              C:/ST/STM32CubeIDE_1.15.1/STM32CubeIDE/plugins/com.st.stm32cube.ide.mcu.externaltools.gnu-tools-for-stm32.12.3.rel1.win32_1.0.100.202403111256/tools/bin/../lib/gcc/arm-none-eabi/12.3.1/../../../../arm-none-eabi/lib/thumb/v7e-m+fp/hard\libstdc++_nano.a(new_op.o) (abort)
C:/ST/STM32CubeIDE_1.15.1/STM32CubeIDE/plugins/com.st.stm32cube.ide.mcu.externaltools.gnu-tools-for-stm32.12.3.rel1.win32_1.0.100.202403111256/tools/bin/../lib/gcc/arm-none-eabi/12.3.1/../../../../arm-none-eabi/lib/thumb/v7e-m+fp/hard\libc_nano.a(libc_a-exit.o)
                              C:/ST/STM32CubeIDE_1.15.1/STM32CubeIDE/plugins/com.st.stm32cube.ide.mcu.externaltools.gnu-tools-for-stm32.12.3.rel1.win32_1.0.100.202403111256/tools/bin/../lib/gcc/arm-none-eabi/12.3.1/../../../../arm-none-eabi/lib/thumb/v7e-m+fp/hard/crt0.o (exit)
C:/ST/STM32CubeIDE_1.15.1/STM32CubeIDE/plugins/com.st.stm32cube.ide.mcu.externaltools.gnu-tools-for-stm32.12.3.rel1.win32_1.0.100.202403111256/tools/bin/../lib/gcc/arm-none-eabi/12.3.1/../../../../arm-none-eabi/lib/thumb/v7e-m+fp/hard\libc_nano.a(libc_a-malloc.o)
                              C:/ST/STM32CubeIDE_1.15.1/STM32CubeIDE/plugins/com.st.stm32cube.ide.mcu.externaltools.gnu-tools-for-stm32.12.3.rel1.win32_1.0.100.202403111256/tools/bin/../lib/gcc/arm-none-eabi/12.3.1/../../../../arm-none-eabi/lib/thumb/v7e-m+fp/hard\libstdc++_nano.a(new_op.o) (malloc)
C:/ST/STM32CubeIDE_1.15.1/STM32CubeIDE/plugins/com.st.stm32cube.ide.mcu.externaltools.gnu-tools-for-stm32.12.3.rel1.win32_1.0.100.202403111256/tools/bin/../lib/gcc/arm-none-eabi/12.3.1/../../../../arm-none-eabi/lib/thumb/v7e-m+fp/hard\libc_nano.a(libc_a-mallocr.o)
                              C:/ST/STM32CubeIDE_1.15.1/STM32CubeIDE/plugins/com.st.stm32cube.ide.mcu.externaltools.gnu-tools-for-stm32.12.3.rel1.win32_1.0.100.202403111256/tools/bin/../lib/gcc/arm-none-eabi/12.3.1/../../../../arm-none-eabi/lib/thumb/v7e-m+fp/hard\libc_nano.a(libc_a-malloc.o) (_malloc_r)
C:/ST/STM32CubeIDE_1.15.1/STM32CubeIDE/plugins/com.st.stm32cube.ide.mcu.externaltools.gnu-tools-for-stm32.12.3.rel1.win32_1.0.100.202403111256/tools/bin/../lib/gcc/arm-none-eabi/12.3.1/../../../../arm-none-eabi/lib/thumb/v7e-m+fp/hard\libc_nano.a(libc_a-mlock.o)
                              C:/ST/STM32CubeIDE_1.15.1/STM32CubeIDE/plugins/com.st.stm32cube.ide.mcu.externaltools.gnu-tools-for-stm32.12.3.rel1.win32_1.0.100.202403111256/tools/bin/../lib/gcc/arm-none-eabi/12.3.1/../../../../arm-none-eabi/lib/thumb/v7e-m+fp/hard\libc_nano.a(libc_a-mallocr.o) (__malloc_lock)
[...]
Memory Configuration

Name             Origin             Length             Attributes
RAM              0x20000000         0x00020000         xrw
FLASH            0x08000000         0x00080000         xr
*default*        0x00000000         0xffffffff

Linker script and memory map

LOAD C:/ST/STM32CubeIDE_1.15.1/STM32CubeIDE/plugins/com.st.stm32cube.ide.mcu.externaltools.gnu-tools-for-stm32.12.3.rel1.win32_1.0.100.202403111256/tools/bin/../lib/gcc/arm-none-eabi/12.3.1/thumb/v7e-m+fp/hard/crti.o
LOAD C:/ST/STM32CubeIDE_1.15.1/STM32CubeIDE/plugins/com.st.stm32cube.ide.mcu.externaltools.gnu-tools-for-stm32.12.3.rel1.win32_1.0.100.202403111256/tools/bin/../lib/gcc/arm-none-eabi/12.3.1/thumb/v7e-m+fp/hard/crtbegin.o
LOAD C:/ST/STM32CubeIDE_1.15.1/STM32CubeIDE/plugins/com.st.stm32cube.ide.mcu.externaltools.gnu-tools-for-stm32.12.3.rel1.win32_1.0.100.202403111256/tools/bin/../lib/gcc/arm-none-eabi/12.3.1/../../../../arm-none-eabi/lib/thumb/v7e-m+fp/hard/crt0.o
LOAD ./Core/Src/ColoredBlock.o
LOAD ./Core/Src/ConveyorBelt.o
LOAD ./Core/Src/MotorControl.o
LOAD ./Core/Src/PololuEncoder.o
LOAD ./Core/Src/PololuServo.o
LOAD ./Core/Src/RCChannel.o
LOAD ./Core/Src/RemoteControlControl.o
LOAD ./Core/Src/SparkFunAPDS9960.o
LOAD ./Core/Src/TB6612FNG_Motor.o
LOAD ./Core/Src/main.o
LOAD ./Core/Src/stm32f4xx_hal_msp.o
LOAD ./Core/Src/stm32f4xx_it.o
LOAD ./Core/Src/syscalls.o
LOAD ./Core/Src/sysmem.o
LOAD ./Core/Src/system_stm32f4xx.o
LOAD ./Core/Startup/startup_stm32f411ceux.o
LOAD ./Drivers/STM32F4xx_HAL_Driver/Src/stm32f4xx_hal.o
LOAD ./Drivers/STM32F4xx_HAL_Driver/Src/stm32f4xx_hal_cortex.o
LOAD ./Drivers/STM32F4xx_HAL_Driver/Src/stm32f4xx_hal_dma.o
LOAD ./Drivers/STM32F4xx_HAL_Driver/Src/stm32f4xx_hal_dma_ex.o
LOAD ./Drivers/STM32F4xx_HAL_Driver/Src/stm32f4xx_hal_exti.o
LOAD ./Drivers/STM32F4xx_HAL_Driver/Src/stm32f4xx_hal_flash.o
LOAD ./Drivers/STM32F4xx_HAL_Driver/Src/stm32f4xx_hal_flash_ex.o
LOAD ./Drivers/STM32F4xx_HAL_Driver/Src/stm32f4xx_hal_flash_ramfunc.o
LOAD ./Drivers/STM32F4xx_HAL_Driver/Src/stm32f4xx_hal_gpio.o
LOAD ./Drivers/STM32F4xx_HAL_Driver/Src/stm32f4xx_hal_i2c.o
LOAD ./Drivers/STM32F4xx_HAL_Driver/Src/stm32f4xx_hal_i2c_ex.o
LOAD ./Drivers/STM32F4xx_HAL_Driver/Src/stm32f4xx_hal_pwr.o
LOAD ./Drivers/STM32F4xx_HAL_Driver/Src/stm32f4xx_hal_pwr_ex.o
LOAD ./Drivers/STM32F4xx_HAL_Driver/Src/stm32f4xx_hal_rcc.o
LOAD ./Drivers/STM32F4xx_HAL_Driver/Src/stm32f4xx_hal_rcc_ex.o
LOAD ./Drivers/STM32F4xx_HAL_Driver/Src/stm32f4xx_hal_tim.o
LOAD ./Drivers/STM32F4xx_HAL_Driver/Src/stm32f4xx_hal_tim_ex.o
LOAD ./Drivers/STM32F4xx_HAL_Driver/Src/stm32f4xx_hal_uart.o
LOAD ./Drivers/VL53L0X/core/src/vl53l0x_api.o
LOAD ./Drivers/VL53L0X/core/src/vl53l0x_api_calibration.o
LOAD ./Drivers/VL53L0X/core/src/vl53l0x_api_core.o
LOAD ./Drivers/VL53L0X/core/src/vl53l0x_api_ranging.o
LOAD ./Drivers/VL53L0X/core/src/vl53l0x_api_strings.o
LOAD ./Drivers/VL53L0X/platform/src/vl53l0x_platform.o
LOAD ./Drivers/VL53L0X/platform/src/vl53l0x_platform_log.o
START GROUP
LOAD C:/ST/STM32CubeIDE_1.15.1/STM32CubeIDE/plugins/com.st.stm32cube.ide.mcu.externaltools.gnu-tools-for-stm32.12.3.rel1.win32_1.0.100.202403111256/tools/bin/../lib/gcc/arm-none-eabi/12.3.1/../../../../arm-none-eabi/lib/thumb/v7e-m+fp/hard\libstdc++_nano.a
LOAD C:/ST/STM32CubeIDE_1.15.1/STM32CubeIDE/plugins/com.st.stm32cube.ide.mcu.externaltools.gnu-tools-for-stm32.12.3.rel1.win32_1.0.100.202403111256/tools/bin/../lib/gcc/arm-none-eabi/12.3.1/../../../../arm-none-eabi/lib/thumb/v7e-m+fp/hard\libsupc++_nano.a
END GROUP
LOAD C:/ST/STM32CubeIDE_1.15.1/STM32CubeIDE/plugins/com.st.stm32cube.ide.mcu.externaltools.gnu-tools-for-stm32.12.3.rel1.win32_1.0.100.202403111256/tools/bin/../lib/gcc/arm-none-eabi/12.3.1/../../../../arm-none-eabi/lib/thumb/v7e-m+fp/hard\libstdc++_nano.a
LOAD C:/ST/STM32CubeIDE_1.15.1/STM32CubeIDE/plugins/com.st.stm32cube.ide.mcu.externaltools.gnu-tools-for-stm32.12.3.rel1.win32_1.0.100.202403111256/tools/bin/../lib/gcc/arm-none-eabi/12.3.1/../../../../arm-none-eabi/lib/thumb/v7e-m+fp/hard\libm.a
LOAD C:/ST/STM32CubeIDE_1.15.1/STM32CubeIDE/plugins/com.st.stm32cube.ide.mcu.externaltools.gnu-tools-for-stm32.12.3.rel1.win32_1.0.100.202403111256/tools/bin/../lib/gcc/arm-none-eabi/12.3.1/../../../../arm-none-eabi/lib/thumb/v7e-m+fp/hard\libc_nano.a
START GROUP
LOAD C:/ST/STM32CubeIDE_1.15.1/STM32CubeIDE/plugins/com.st.stm32cube.ide.mcu.externaltools.gnu-tools-for-stm32.12.3.rel1.win32_1.0.100.202403111256/tools/bin/../lib/gcc/arm-none-eabi/12.3.1/thumb/v7e-m+fp/hard\libgcc.a
LOAD C:/ST/STM32CubeIDE_1.15.1/STM32CubeIDE/plugins/com.st.stm32cube.ide.mcu.externaltools.gnu-tools-for-stm32.12.3.rel1.win32_1.0.100.202403111256/tools/bin/../lib/gcc/arm-none-eabi/12.3.1/../../../../arm-none-eabi/lib/thumb/v7e-m+fp/hard\libc_nano.a
END GROUP
START GROUP
LOAD C:/ST/STM32CubeIDE_1.15.1/STM32CubeIDE/plugins/com.st.stm32cube.ide.mcu.externaltools.gnu-tools-for-stm32.12.3.rel1.win32_1.0.100.202403111256/tools/bin/../lib/gcc/arm-none-eabi/12.3.1/thumb/v7e-m+fp/hard\libgcc.a
LOAD C:/ST/STM32CubeIDE_1.15.1/STM32CubeIDE/plugins/com.st.stm32cube.ide.mcu.externaltools.gnu-tools-for-stm32.12.3.rel1.win32_1.0.100.202403111256/tools/bin/../lib/gcc/arm-none-eabi/12.3.1/../../../../arm-none-eabi/lib/thumb/v7e-m+fp/hard\libc_nano.a
LOAD C:/ST/STM32CubeIDE_1.15.1/STM32CubeIDE/plugins/com.st.stm32cube.ide.mcu.externaltools.gnu-tools-for-stm32.12.3.rel1.win32_1.0.100.202403111256/tools/bin/../lib/gcc/arm-none-eabi/12.3.1/../../../../arm-none-eabi/lib/thumb/v7e-m+fp/hard\libnosys.a
END GROUP
START GROUP
LOAD C:/ST/STM32CubeIDE_1.15.1/STM32CubeIDE/plugins/com.st.stm32cube.ide.mcu.externaltools.gnu-tools-for-stm32.12.3.rel1.win32_1.0.100.202403111256/tools/bin/../lib/gcc/arm-none-eabi/12.3.1/thumb/v7e-m+fp/hard\libgcc.a
LOAD C:/ST/STM32CubeIDE_1.15.1/STM32CubeIDE/plugins/com.st.stm32cube.ide.mcu.externaltools.gnu-tools-for-stm32.12.3.rel1.win32_1.0.100.202403111256/tools/bin/../lib/gcc/arm-none-eabi/12.3.1/../../../../arm-none-eabi/lib/thumb/v7e-m+fp/hard\libc_nano.a
LOAD C:/ST/STM32CubeIDE_1.15.1/STM32CubeIDE/plugins/com.st.stm32cube.ide.mcu.externaltools.gnu-tools-for-stm32.12.3.rel1.win32_1.0.100.202403111256/tools/bin/../lib/gcc/arm-none-eabi/12.3.1/../../../../arm-none-eabi/lib/thumb/v7e-m+fp/hard\libnosys.a
END GROUP
LOAD C:/ST/STM32CubeIDE_1.15.1/STM32CubeIDE/plugins/com.st.stm32cube.ide.mcu.externaltools.gnu-tools-for-stm32.12.3.rel1.win32_1.0.100.202403111256/tools/bin/../lib/gcc/arm-none-eabi/12.3.1/thumb/v7e-m+fp/hard/crtend.o
LOAD C:/ST/STM32CubeIDE_1.15.1/STM32CubeIDE/plugins/com.st.stm32cube.ide.mcu.externaltools.gnu-tools-for-stm32.12.3.rel1.win32_1.0.100.202403111256/tools/bin/../lib/gcc/arm-none-eabi/12.3.1/thumb/v7e-m+fp/hard/crtn.o
                0x20020000                        _estack = (ORIGIN (RAM) + LENGTH (RAM))
                0x00000200                        _Min_Heap_Size = 0x200
                0x00000400                        _Min_Stack_Size = 0x400

.isr_vector     0x08000000      0x198
                0x08000000                        . = ALIGN (0x4)
 *(.isr_vector)
 .isr_vector    0x08000000      0x198 ./Core/Startup/startup_stm32f411ceux.o
                0x08000000                g_pfnVectors
                0x08000198                        . = ALIGN (0x4)

.text           0x080001a0    0x10b24
                0x080001a0                        . = ALIGN (0x4)
 *(.text)
 .text          0x080001a0       0x40 C:/ST/STM32CubeIDE_1.15.1/STM32CubeIDE/plugins/com.st.stm32cube.ide.mcu.externaltools.gnu-tools-for-stm32.12.3.rel1.win32_1.0.100.202403111256/tools/bin/../lib/gcc/arm-none-eabi/12.3.1/thumb/v7e-m+fp/hard/crtbegin.o
 .text          0x080001e0       0xa0 C:/ST/STM32CubeIDE_1.15.1/STM32CubeIDE/plugins/com.st.stm32cube.ide.mcu.externaltools.gnu-tools-for-stm32.12.3.rel1.win32_1.0.100.202403111256/tools/bin/../lib/gcc/arm-none-eabi/12.3.1/../../../../arm-none-eabi/lib/thumb/v7e-m+fp/hard\libc_nano.a(libc_a-memchr.o)
                0x080001e0                memchr
 .text          0x08000280       0x10 C:/ST/STM32CubeIDE_1.15.1/STM32CubeIDE/plugins/com.st.stm32cube.ide.mcu.externaltools.gnu-tools-for-stm32.12.3.rel1.win32_1.0.100.202403111256/tools/bin/../lib/gcc/arm-none-eabi/12.3.1/../../../../arm-none-eabi/lib/thumb/v7e-m+fp/hard\libc_nano.a(libc_a-strlen.o)
                0x08000280                strlen
 .text          0x08000290      0x378 C:/ST/STM32CubeIDE_1.15.1/STM32CubeIDE/plugins/com.st.stm32cube.ide.mcu.externaltools.gnu-tools-for-stm32.12.3.rel1.win32_1.0.100.202403111256/tools/bin/../lib/gcc/arm-none-eabi/12.3.1/thumb/v7e-m+fp/hard\libgcc.a(_arm_addsubdf3.o)
                0x08000290                __aeabi_drsub
                0x08000298                __aeabi_dsub
                0x08000298                __subdf3
                0x0800029c                __aeabi_dadd
                0x0800029c                __adddf3
                0x08000514                __floatunsidf
                0x08000514                __aeabi_ui2d
                0x08000534                __floatsidf
                0x08000534                __aeabi_i2d
                0x08000558                __aeabi_f2d
                0x08000558                __extendsfdf2
                0x0800059c                __floatundidf
                0x0800059c                __aeabi_ul2d
                0x080005ac                __floatdidf
                0x080005ac                __aeabi_l2d
 .text          0x08000608      0x424 C:/ST/STM32CubeIDE_1.15.1/STM32CubeIDE/plugins/com.st.stm32cube.ide.mcu.externaltools.gnu-tools-for-stm32.12.3.rel1.win32_1.0.100.202403111256/tools/bin/../lib/gcc/arm-none-eabi/12.3.1/thumb/v7e-m+fp/hard\libgcc.a(_arm_muldivdf3.o)
                0x08000608                __aeabi_dmul
                0x08000608                __muldf3
                0x0800085c                __divdf3
                0x0800085c                __aeabi_ddiv
 .text          0x08000a2c      0x110 C:/ST/STM32CubeIDE_1.15.1/STM32CubeIDE/plugins/com.st.stm32cube.ide.mcu.externaltools.gnu-tools-for-stm32.12.3.rel1.win32_1.0.100.202403111256/tools/bin/../lib/gcc/arm-none-eabi/12.3.1/thumb/v7e-m+fp/hard\libgcc.a(_arm_cmpdf2.o)
                0x08000a2c                __gtdf2
                0x08000a2c                __gedf2
                0x08000a34                __ltdf2
                0x08000a34                __ledf2
                0x08000a3c                __nedf2
                0x08000a3c                __eqdf2
                0x08000a3c                __cmpdf2
                0x08000ab8                __aeabi_cdrcmple
                0x08000ac8                __aeabi_cdcmpeq
                0x08000ac8                __aeabi_cdcmple
                0x08000ad8                __aeabi_dcmpeq
                0x08000aec                __aeabi_dcmplt
                0x08000b00                __aeabi_dcmple
                0x08000b14                __aeabi_dcmpge
                0x08000b28                __aeabi_dcmpgt
 .text          0x08000b3c       0x2c C:/ST/STM32CubeIDE_1.15.1/STM32CubeIDE/plugins/com.st.stm32cube.ide.mcu.externaltools.gnu-tools-for-stm32.12.3.rel1.win32_1.0.100.202403111256/tools/bin/../lib/gcc/arm-none-eabi/12.3.1/thumb/v7e-m+fp/hard\libgcc.a(_arm_unorddf2.o)
                0x08000b3c                __unorddf2
                0x08000b3c                __aeabi_dcmpun
 .text          0x08000b68       0x50 C:/ST/STM32CubeIDE_1.15.1/STM32CubeIDE/plugins/com.st.stm32cube.ide.mcu.externaltools.gnu-tools-for-stm32.12.3.rel1.win32_1.0.100.202403111256/tools/bin/../lib/gcc/arm-none-eabi/12.3.1/thumb/v7e-m+fp/hard\libgcc.a(_arm_fixdfsi.o)
                0x08000b68                __aeabi_d2iz
                0x08000b68                __fixdfsi
 .text          0x08000bb8       0xa0 C:/ST/STM32CubeIDE_1.15.1/STM32CubeIDE/plugins/com.st.stm32cube.ide.mcu.externaltools.gnu-tools-for-stm32.12.3.rel1.win32_1.0.100.202403111256/tools/bin/../lib/gcc/arm-none-eabi/12.3.1/thumb/v7e-m+fp/hard\libgcc.a(_arm_truncdfsf2.o)
                0x08000bb8                __truncdfsf2
                0x08000bb8                __aeabi_d2f
 .text          0x08000c58       0x30 C:/ST/STM32CubeIDE_1.15.1/STM32CubeIDE/plugins/com.st.stm32cube.ide.mcu.externaltools.gnu-tools-for-stm32.12.3.rel1.win32_1.0.100.202403111256/tools/bin/../lib/gcc/arm-none-eabi/12.3.1/thumb/v7e-m+fp/hard\libgcc.a(_aeabi_uldivmod.o)
                0x08000c58                __aeabi_uldivmod
 .text          0x08000c88      0x2bc C:/ST/STM32CubeIDE_1.15.1/STM32CubeIDE/plugins/com.st.stm32cube.ide.mcu.externaltools.gnu-tools-for-stm32.12.3.rel1.win32_1.0.100.202403111256/tools/bin/../lib/gcc/arm-none-eabi/12.3.1/thumb/v7e-m+fp/hard\libgcc.a(_udivmoddi4.o)
                0x08000c88                __udivmoddi4
 .text          0x08000f44        0x4 C:/ST/STM32CubeIDE_1.15.1/STM32CubeIDE/plugins/com.st.stm32cube.ide.mcu.externaltools.gnu-tools-for-stm32.12.3.rel1.win32_1.0.100.202403111256/tools/bin/../lib/gcc/arm-none-eabi/12.3.1/thumb/v7e-m+fp/hard\libgcc.a(_dvmd_tls.o)
                0x08000f44                __aeabi_idiv0
                0x08000f44                __aeabi_ldiv0
 *(.text*)
 .text._ZN12ColoredBlockC2EP12ConveyorBelt
                0x08000f48       0x3c ./Core/Src/ColoredBlock.o
                0x08000f48                ColoredBlock::ColoredBlock(ConveyorBelt*)
                0x08000f48                ColoredBlock::ColoredBlock(ConveyorBelt*)
 .text._ZN12ColoredBlock8set_homeEv
                0x08000f84       0x24 ./Core/Src/ColoredBlock.o
                0x08000f84                ColoredBlock::set_home()
 .text._ZN12ColoredBlock15update_positionEv
                0x08000fa8       0x38 ./Core/Src/ColoredBlock.o
                0x08000fa8                ColoredBlock::update_position()
 .text._ZN12ColoredBlock12update_colorEb
                0x08000fe0       0x1e ./Core/Src/ColoredBlock.o
                0x08000fe0                ColoredBlock::update_color(bool)
 *fill*         0x08000ffe        0x2 
 .text._ZN12ColoredBlockD2Ev
                0x08001000       0x20 ./Core/Src/ColoredBlock.o
                0x08001000                ColoredBlock::~ColoredBlock()
                0x08001000                ColoredBlock::~ColoredBlock()
 .text._ZN12ColoredBlockD0Ev
                0x08001020       0x20 ./Core/Src/ColoredBlock.o
                0x08001020                ColoredBlock::~ColoredBlock()
 .text._ZN12ConveyorBeltC2EP13PololuEncoderf
                0x08001040       0x40 ./Core/Src/ConveyorBelt.o
                0x08001040                ConveyorBelt::ConveyorBelt(PololuEncoder*, float)
                0x08001040                ConveyorBelt::ConveyorBelt(PololuEncoder*, float)
 .text._ZN12ConveyorBelt12get_positionEv
                0x08001080       0xc0 ./Core/Src/ConveyorBelt.o
                0x08001080                ConveyorBelt::get_position()
 .text._ZN12ConveyorBeltD2Ev
                0x08001140       0x20 ./Core/Src/ConveyorBelt.o
                0x08001140                ConveyorBelt::~ConveyorBelt()
                0x08001140                ConveyorBelt::~ConveyorBelt()
 .text._ZN12ConveyorBeltD0Ev
                0x08001160       0x20 ./Core/Src/ConveyorBelt.o
                0x08001160                ConveyorBelt::~ConveyorBelt()
 .text._ZN12MotorControlC2EP15TB6612FNG_MotorP13PololuEncodermfff
                0x08001180       0x78 ./Core/Src/MotorControl.o
                0x08001180                MotorControl::MotorControl(TB6612FNG_Motor*, PololuEncoder*, unsigned long, float, float, float)
                0x08001180                MotorControl::MotorControl(TB6612FNG_Motor*, PololuEncoder*, unsigned long, float, float, float)
 .text._ZN12MotorControlD2Ev
                0x080011f8       0x28 ./Core/Src/MotorControl.o
                0x080011f8                MotorControl::~MotorControl()
                0x080011f8                MotorControl::~MotorControl()
 .text._ZN12MotorControlD0Ev
                0x08001220       0x20 ./Core/Src/MotorControl.o
                0x08001220                MotorControl::~MotorControl()
 .text._ZN12MotorControl3runEf
                0x08001240       0x5c ./Core/Src/MotorControl.o
                0x08001240                MotorControl::run(float)
 .text._ZN12MotorControl14get_effort_satEff
                0x0800129c      0x14a ./Core/Src/MotorControl.o
                0x0800129c                MotorControl::get_effort_sat(float, float)
 .text._ZN12MotorControl12reinitializeEv
                0x080013e6       0x4c ./Core/Src/MotorControl.o
                0x080013e6                MotorControl::reinitialize()
 *fill*         0x08001432        0x2 
 .text._ZN13PololuEncoderC2EP17TIM_HandleTypeDefsfhb
                0x08001434       0xb4 ./Core/Src/PololuEncoder.o
                0x08001434                PololuEncoder::PololuEncoder(TIM_HandleTypeDef*, short, float, unsigned char, bool)
                0x08001434                PololuEncoder::PololuEncoder(TIM_HandleTypeDef*, short, float, unsigned char, bool)
 .text._ZN13PololuEncoder6updateEv
                0x080014e8       0xb4 ./Core/Src/PololuEncoder.o
                0x080014e8                PololuEncoder::update()
 .text._ZN13PololuEncoder12get_positionEv
                0x0800159c       0x18 ./Core/Src/PololuEncoder.o
                0x0800159c                PololuEncoder::get_position()
 .text._ZN13PololuEncoder9get_speedEm
                0x080015b4       0x7c ./Core/Src/PololuEncoder.o
                0x080015b4                PololuEncoder::get_speed(unsigned long)
 .text._ZN13PololuEncoderD2Ev
                0x08001630       0x40 ./Core/Src/PololuEncoder.o
                0x08001630                PololuEncoder::~PololuEncoder()
                0x08001630                PololuEncoder::~PololuEncoder()
 .text._ZN13PololuEncoderD0Ev
                0x08001670       0x20 ./Core/Src/PololuEncoder.o
                0x08001670                PololuEncoder::~PololuEncoder()
 .text._ZN11PololuServoC2EP17TIM_HandleTypeDefmtmbtttt
                0x08001690       0x94 ./Core/Src/PololuServo.o
                0x08001690                PololuServo::PololuServo(TIM_HandleTypeDef*, unsigned long, unsigned short, unsigned long, bool, unsigned short, unsigned short, unsigned short, unsigned short)
                0x08001690                PololuServo::PololuServo(TIM_HandleTypeDef*, unsigned long, unsigned short, unsigned long, bool, unsigned short, unsigned short, unsigned short, unsigned short)
 .text._ZN11PololuServo12set_positionEs
                0x08001724      0x136 ./Core/Src/PololuServo.o
                0x08001724                PololuServo::set_position(short)
 *fill*         0x0800185a        0x2 
 .text._ZN11PololuServoD2Ev
                0x0800185c       0x20 ./Core/Src/PololuServo.o
                0x0800185c                PololuServo::~PololuServo()
                0x0800185c                PololuServo::~PololuServo()
 .text._ZN11PololuServoD0Ev
                0x0800187c       0x20 ./Core/Src/PololuServo.o
                0x0800187c                PololuServo::~PololuServo()
 .text._ZN9RCChannelC2EP12GPIO_TypeDeftP17TIM_HandleTypeDefmlmlllllb
                0x0800189c      0x10c ./Core/Src/RCChannel.o
                0x0800189c                RCChannel::RCChannel(GPIO_TypeDef*, unsigned short, TIM_HandleTypeDef*, unsigned long, long, unsigned long, long, long, long, long, long, bool)
                0x0800189c                RCChannel::RCChannel(GPIO_TypeDef*, unsigned short, TIM_HandleTypeDef*, unsigned long, long, unsigned long, long, long, long, long, long, bool)
 .text._ZN9RCChannel8callbackEv
                0x080019a8      0x13a ./Core/Src/RCChannel.o
                0x080019a8                RCChannel::callback()
 *fill*         0x08001ae2        0x2 
 .text._ZN9RCChannelD2Ev
                0x08001ae4       0x2c ./Core/Src/RCChannel.o
                0x08001ae4                RCChannel::~RCChannel()
                0x08001ae4                RCChannel::~RCChannel()
 .text._ZN9RCChannelD0Ev
                0x08001b10       0x20 ./Core/Src/RCChannel.o
                0x08001b10                RCChannel::~RCChannel()
 .text._ZN20RemoteControlControlC2EP9RCChannelP12MotorControlt
                0x08001b30       0x38 ./Core/Src/RemoteControlControl.o
                0x08001b30                RemoteControlControl::RemoteControlControl(RCChannel*, MotorControl*, unsigned short)
                0x08001b30                RemoteControlControl::RemoteControlControl(RCChannel*, MotorControl*, unsigned short)
 .text._ZN20RemoteControlControlD2Ev
                0x08001b68       0x5c ./Core/Src/RemoteControlControl.o
                0x08001b68                RemoteControlControl::~RemoteControlControl()
                0x08001b68                RemoteControlControl::~RemoteControlControl()
 .text._ZN20RemoteControlControlD0Ev
                0x08001bc4       0x20 ./Core/Src/RemoteControlControl.o
                0x08001bc4                RemoteControlControl::~RemoteControlControl()
 .text._ZN17SparkFun_APDS9960C2EP17I2C_HandleTypeDef
                0x08001be4       0x60 ./Core/Src/SparkFunAPDS9960.o
                0x08001be4                SparkFun_APDS9960::SparkFun_APDS9960(I2C_HandleTypeDef*)
                0x08001be4                SparkFun_APDS9960::SparkFun_APDS9960(I2C_HandleTypeDef*)
 .text._ZN17SparkFun_APDS99604initEv
                0x08001c44      0x334 ./Core/Src/SparkFunAPDS9960.o
                0x08001c44                SparkFun_APDS9960::init()
 .text._ZN17SparkFun_APDS99607getModeEv
                0x08001f78       0x30 ./Core/Src/SparkFunAPDS9960.o
                0x08001f78                SparkFun_APDS9960::getMode()
 .text._ZN17SparkFun_APDS99607setModeEhh
                0x08001fa8       0xa4 ./Core/Src/SparkFunAPDS9960.o
                0x08001fa8                SparkFun_APDS9960::setMode(unsigned char, unsigned char)
 .text._ZN17SparkFun_APDS996017enableLightSensorEb
                0x0800204c       0x94 ./Core/Src/SparkFunAPDS9960.o
                0x0800204c                SparkFun_APDS9960::enableLightSensor(bool)
 .text._ZN17SparkFun_APDS996022disableProximitySensorEv
                0x080020e0       0x44 ./Core/Src/SparkFunAPDS9960.o
                0x080020e0                SparkFun_APDS9960::disableProximitySensor()
 .text._ZN17SparkFun_APDS996020disableGestureSensorEv
                0x08002124       0x62 ./Core/Src/SparkFunAPDS9960.o
                0x08002124                SparkFun_APDS9960::disableGestureSensor()
 .text._ZN17SparkFun_APDS996011enablePowerEv
                0x08002186       0x2c ./Core/Src/SparkFunAPDS9960.o
                0x08002186                SparkFun_APDS9960::enablePower()
 .text._ZN17SparkFun_APDS996016readAmbientLightERt
                0x080021b2       0x70 ./Core/Src/SparkFunAPDS9960.o
                0x080021b2                SparkFun_APDS9960::readAmbientLight(unsigned short&)
 .text._ZN17SparkFun_APDS996012readRedLightERt
                0x08002222       0x70 ./Core/Src/SparkFunAPDS9960.o
                0x08002222                SparkFun_APDS9960::readRedLight(unsigned short&)
 .text._ZN17SparkFun_APDS996014readGreenLightERt
                0x08002292       0x70 ./Core/Src/SparkFunAPDS9960.o
                0x08002292                SparkFun_APDS9960::readGreenLight(unsigned short&)
 .text._ZN17SparkFun_APDS996013readBlueLightERt
                0x08002302       0x70 ./Core/Src/SparkFunAPDS9960.o
                0x08002302                SparkFun_APDS9960::readBlueLight(unsigned short&)
 .text._ZN17SparkFun_APDS996022resetGestureParametersEv
                0x08002372       0x64 ./Core/Src/SparkFunAPDS9960.o
                0x08002372                SparkFun_APDS9960::resetGestureParameters()
 .text._ZN17SparkFun_APDS996019setProxIntLowThreshEh
                0x080023d6       0x32 ./Core/Src/SparkFunAPDS9960.o
                0x080023d6                SparkFun_APDS9960::setProxIntLowThresh(unsigned char)
 .text._ZN17SparkFun_APDS996020setProxIntHighThreshEh
                0x08002408       0x32 ./Core/Src/SparkFunAPDS9960.o
                0x08002408                SparkFun_APDS9960::setProxIntHighThresh(unsigned char)
 .text._ZN17SparkFun_APDS996011setLEDDriveEh
                0x0800243a       0x72 ./Core/Src/SparkFunAPDS9960.o
                0x0800243a                SparkFun_APDS9960::setLEDDrive(unsigned char)
 .text._ZN17SparkFun_APDS996016setProximityGainEh
                0x080024ac       0x72 ./Core/Src/SparkFunAPDS9960.o
                0x080024ac                SparkFun_APDS9960::setProximityGain(unsigned char)
 .text._ZN17SparkFun_APDS996019setAmbientLightGainEh
                0x0800251e       0x6c ./Core/Src/SparkFunAPDS9960.o
                0x0800251e                SparkFun_APDS9960::setAmbientLightGain(unsigned char)
 .text._ZN17SparkFun_APDS996021setGestureEnterThreshEh
                0x0800258a       0x32 ./Core/Src/SparkFunAPDS9960.o
                0x0800258a                SparkFun_APDS9960::setGestureEnterThresh(unsigned char)
 .text._ZN17SparkFun_APDS996020setGestureExitThreshEh
                0x080025bc       0x32 ./Core/Src/SparkFunAPDS9960.o
                0x080025bc                SparkFun_APDS9960::setGestureExitThresh(unsigned char)
 .text._ZN17SparkFun_APDS996014setGestureGainEh
                0x080025ee       0x72 ./Core/Src/SparkFunAPDS9960.o
                0x080025ee                SparkFun_APDS9960::setGestureGain(unsigned char)
 .text._ZN17SparkFun_APDS996018setGestureLEDDriveEh
                0x08002660       0x72 ./Core/Src/SparkFunAPDS9960.o
                0x08002660                SparkFun_APDS9960::setGestureLEDDrive(unsigned char)
 .text._ZN17SparkFun_APDS996018setGestureWaitTimeEh
                0x080026d2       0x6c ./Core/Src/SparkFunAPDS9960.o
                0x080026d2                SparkFun_APDS9960::setGestureWaitTime(unsigned char)
 .text._ZN17SparkFun_APDS996023setLightIntLowThresholdEt
                0x0800273e       0x5a ./Core/Src/SparkFunAPDS9960.o
                0x0800273e                SparkFun_APDS9960::setLightIntLowThreshold(unsigned short)
 .text._ZN17SparkFun_APDS996024setLightIntHighThresholdEt
                0x08002798       0x5a ./Core/Src/SparkFunAPDS9960.o
                0x08002798                SparkFun_APDS9960::setLightIntHighThreshold(unsigned short)
 .text._ZN17SparkFun_APDS996024setAmbientLightIntEnableEh
                0x080027f2       0x72 ./Core/Src/SparkFunAPDS9960.o
                0x080027f2                SparkFun_APDS9960::setAmbientLightIntEnable(unsigned char)
 .text._ZN17SparkFun_APDS996021setProximityIntEnableEh
                0x08002864       0x72 ./Core/Src/SparkFunAPDS9960.o
                0x08002864                SparkFun_APDS9960::setProximityIntEnable(unsigned char)
 .text._ZN17SparkFun_APDS996019setGestureIntEnableEh
                0x080028d6       0x72 ./Core/Src/SparkFunAPDS9960.o
                0x080028d6                SparkFun_APDS9960::setGestureIntEnable(unsigned char)
 .text._ZN17SparkFun_APDS996014setGestureModeEh
                0x08002948       0x6c ./Core/Src/SparkFunAPDS9960.o
                0x08002948                SparkFun_APDS9960::setGestureMode(unsigned char)
 .text._ZN17SparkFun_APDS996013wireWriteByteEh
                0x080029b4       0x3a ./Core/Src/SparkFunAPDS9960.o
                0x080029b4                SparkFun_APDS9960::wireWriteByte(unsigned char)
 .text._ZN17SparkFun_APDS996017wireWriteDataByteEhh
                0x080029ee       0x48 ./Core/Src/SparkFunAPDS9960.o
                0x080029ee                SparkFun_APDS9960::wireWriteDataByte(unsigned char, unsigned char)
 .text._ZN17SparkFun_APDS996016wireReadDataByteEhRh
                0x08002a36       0x68 ./Core/Src/SparkFunAPDS9960.o
                0x08002a36                SparkFun_APDS9960::wireReadDataByte(unsigned char, unsigned char&)
 *fill*         0x08002a9e        0x2 
 .text._ZN15TB6612FNG_MotorC2EP12GPIO_TypeDeftS1_tP17TIM_HandleTypeDefmmm
                0x08002aa0       0xac ./Core/Src/TB6612FNG_Motor.o
                0x08002aa0                TB6612FNG_Motor::TB6612FNG_Motor(GPIO_TypeDef*, unsigned short, GPIO_TypeDef*, unsigned short, TIM_HandleTypeDef*, unsigned long, unsigned long, unsigned long)
                0x08002aa0                TB6612FNG_Motor::TB6612FNG_Motor(GPIO_TypeDef*, unsigned short, GPIO_TypeDef*, unsigned short, TIM_HandleTypeDef*, unsigned long, unsigned long, unsigned long)
 .text._ZN15TB6612FNG_MotorD2Ev
                0x08002b4c       0x24 ./Core/Src/TB6612FNG_Motor.o
                0x08002b4c                TB6612FNG_Motor::~TB6612FNG_Motor()
                0x08002b4c                TB6612FNG_Motor::~TB6612FNG_Motor()
 .text._ZN15TB6612FNG_MotorD0Ev
                0x08002b70       0x20 ./Core/Src/TB6612FNG_Motor.o
                0x08002b70                TB6612FNG_Motor::~TB6612FNG_Motor()
 .text._ZN15TB6612FNG_Motor8set_dutyEss
                0x08002b90       0xde ./Core/Src/TB6612FNG_Motor.o
                0x08002b90                TB6612FNG_Motor::set_duty(short, short)
 .text._ZN15TB6612FNG_Motor5startEv
                0x08002c6e       0x20 ./Core/Src/TB6612FNG_Motor.o
                0x08002c6e                TB6612FNG_Motor::start()
 .text._ZN15TB6612FNG_Motor4stopEv
                0x08002c8e       0x40 ./Core/Src/TB6612FNG_Motor.o
                0x08002c8e                TB6612FNG_Motor::stop()
 *fill*         0x08002cce        0x2 
 .text.HAL_TIM_IC_CaptureCallback
                0x08002cd0       0x64 ./Core/Src/main.o
                0x08002cd0                HAL_TIM_IC_CaptureCallback
 *fill*         0x08002d34        0x4 
 .text.main     0x08002d38      0x85c ./Core/Src/main.o
                0x08002d38                main
 .text._Z18SystemClock_Configv
                0x08003594       0xe4 ./Core/Src/main.o
                0x08003594                SystemClock_Config()
 .text._ZL12MX_I2C1_Initv
                0x08003678       0x68 ./Core/Src/main.o
 .text._ZL12MX_TIM1_Initv
                0x080036e0      0x138 ./Core/Src/main.o
 .text._ZL12MX_TIM2_Initv
                0x08003818      0x11c ./Core/Src/main.o
 .text._ZL12MX_TIM3_Initv
                0x08003934      0x140 ./Core/Src/main.o
 .text._ZL12MX_TIM5_Initv
                0x08003a74       0xbc ./Core/Src/main.o
 .text._ZL19MX_USART2_UART_Initv
                0x08003b30       0x5c ./Core/Src/main.o
 .text._ZL12MX_GPIO_Initv
                0x08003b8c       0xb4 ./Core/Src/main.o
 .text._ZL12VL53L0X_Initv
                0x08003c40       0xd8 ./Core/Src/main.o
 .text.Error_Handler
                0x08003d18        0xc ./Core/Src/main.o
                0x08003d18                Error_Handler
 .text.HAL_MspInit
                0x08003d24       0x50 ./Core/Src/stm32f4xx_hal_msp.o
                0x08003d24                HAL_MspInit
 .text.HAL_I2C_MspInit
                0x08003d74       0x90 ./Core/Src/stm32f4xx_hal_msp.o
                0x08003d74                HAL_I2C_MspInit
 .text.HAL_TIM_Base_MspInit
                0x08003e04      0x124 ./Core/Src/stm32f4xx_hal_msp.o
                0x08003e04                HAL_TIM_Base_MspInit
 .text.HAL_TIM_Encoder_MspInit
                0x08003f28       0xa0 ./Core/Src/stm32f4xx_hal_msp.o
                0x08003f28                HAL_TIM_Encoder_MspInit
 .text.HAL_TIM_MspPostInit
                0x08003fc8       0xc0 ./Core/Src/stm32f4xx_hal_msp.o
                0x08003fc8                HAL_TIM_MspPostInit
 .text.HAL_UART_MspInit
                0x08004088       0x90 ./Core/Src/stm32f4xx_hal_msp.o
                0x08004088                HAL_UART_MspInit
 .text.NMI_Handler
                0x08004118        0x8 ./Core/Src/stm32f4xx_it.o
                0x08004118                NMI_Handler
 .text.HardFault_Handler
                0x08004120        0x8 ./Core/Src/stm32f4xx_it.o
                0x08004120                HardFault_Handler
 .text.MemManage_Handler
                0x08004128        0x8 ./Core/Src/stm32f4xx_it.o
                0x08004128                MemManage_Handler
 .text.BusFault_Handler
                0x08004130        0x8 ./Core/Src/stm32f4xx_it.o
                0x08004130                BusFault_Handler
 .text.UsageFault_Handler
                0x08004138        0x8 ./Core/Src/stm32f4xx_it.o
                0x08004138                UsageFault_Handler
 .text.SVC_Handler
                0x08004140        0xe ./Core/Src/stm32f4xx_it.o
                0x08004140                SVC_Handler
 .text.DebugMon_Handler
                0x0800414e        0xe ./Core/Src/stm32f4xx_it.o
                0x0800414e                DebugMon_Handler
 .text.PendSV_Handler
                0x0800415c        0xe ./Core/Src/stm32f4xx_it.o
                0x0800415c                PendSV_Handler
 .text.SysTick_Handler
                0x0800416a        0xc ./Core/Src/stm32f4xx_it.o
                0x0800416a                SysTick_Handler
 *fill*         0x08004176        0x2 
 .text.TIM1_BRK_TIM9_IRQHandler
                0x08004178       0x14 ./Core/Src/stm32f4xx_it.o
                0x08004178                TIM1_BRK_TIM9_IRQHandler
 .text.TIM1_UP_TIM10_IRQHandler
                0x0800418c       0x14 ./Core/Src/stm32f4xx_it.o
                0x0800418c                TIM1_UP_TIM10_IRQHandler
 .text.TIM1_TRG_COM_TIM11_IRQHandler
                0x080041a0       0x14 ./Core/Src/stm32f4xx_it.o
                0x080041a0                TIM1_TRG_COM_TIM11_IRQHandler
 .text.TIM1_CC_IRQHandler
                0x080041b4       0x14 ./Core/Src/stm32f4xx_it.o
                0x080041b4                TIM1_CC_IRQHandler
 .text.EXTI15_10_IRQHandler
                0x080041c8       0x10 ./Core/Src/stm32f4xx_it.o
                0x080041c8                EXTI15_10_IRQHandler
 .text.TIM5_IRQHandler
                0x080041d8       0x14 ./Core/Src/stm32f4xx_it.o
                0x080041d8                TIM5_IRQHandler
 .text._getpid  0x080041ec       0x10 ./Core/Src/syscalls.o
                0x080041ec                _getpid
 .text._kill    0x080041fc       0x20 ./Core/Src/syscalls.o
                0x080041fc                _kill
 .text._exit    0x0800421c       0x16 ./Core/Src/syscalls.o
                0x0800421c                _exit
 .text._read    0x08004232       0x3a ./Core/Src/syscalls.o
                0x08004232                _read
 .text._write   0x0800426c       0x38 ./Core/Src/syscalls.o
                0x0800426c                _write
 .text._close   0x080042a4       0x18 ./Core/Src/syscalls.o
                0x080042a4                _close
 .text._fstat   0x080042bc       0x20 ./Core/Src/syscalls.o
                0x080042bc                _fstat
 .text._isatty  0x080042dc       0x16 ./Core/Src/syscalls.o
                0x080042dc                _isatty
 .text._lseek   0x080042f2       0x1a ./Core/Src/syscalls.o
                0x080042f2                _lseek
 .text._sbrk    0x0800430c       0x6c ./Core/Src/sysmem.o
                0x0800430c                _sbrk
 .text.SystemInit
                0x08004378       0x24 ./Core/Src/system_stm32f4xx.o
                0x08004378                SystemInit
 .text.Reset_Handler
                0x0800439c       0x50 ./Core/Startup/startup_stm32f411ceux.o
                0x0800439c                Reset_Handler
 .text.Default_Handler
                0x080043ec        0x2 ./Core/Startup/startup_stm32f411ceux.o
                0x080043ec                RTC_Alarm_IRQHandler
                0x080043ec                EXTI2_IRQHandler
                0x080043ec                SPI4_IRQHandler
                0x080043ec                DMA2_Stream5_IRQHandler
                0x080043ec                DMA1_Stream5_IRQHandler
                0x080043ec                PVD_IRQHandler
                0x080043ec                SDIO_IRQHandler
                0x080043ec                TAMP_STAMP_IRQHandler
                0x080043ec                EXTI3_IRQHandler
                0x080043ec                I2C3_ER_IRQHandler
                0x080043ec                EXTI0_IRQHandler
                0x080043ec                I2C2_EV_IRQHandler
                0x080043ec                DMA1_Stream2_IRQHandler
                0x080043ec                FPU_IRQHandler
                0x080043ec                DMA2_Stream2_IRQHandler
                0x080043ec                SPI1_IRQHandler
                0x080043ec                DMA2_Stream3_IRQHandler
                0x080043ec                USART6_IRQHandler
                0x080043ec                DMA2_Stream0_IRQHandler
                0x080043ec                TIM4_IRQHandler
                0x080043ec                I2C1_EV_IRQHandler
                0x080043ec                DMA1_Stream6_IRQHandler
                0x080043ec                DMA1_Stream1_IRQHandler
                0x080043ec                TIM3_IRQHandler
                0x080043ec                RCC_IRQHandler
                0x080043ec                Default_Handler
                0x080043ec                ADC_IRQHandler
                0x080043ec                DMA1_Stream7_IRQHandler
                0x080043ec                SPI5_IRQHandler
                0x080043ec                DMA2_Stream7_IRQHandler
                0x080043ec                I2C3_EV_IRQHandler
                0x080043ec                EXTI9_5_IRQHandler
                0x080043ec                RTC_WKUP_IRQHandler
                0x080043ec                SPI2_IRQHandler
                0x080043ec                DMA1_Stream0_IRQHandler
                0x080043ec                EXTI4_IRQHandler
                0x080043ec                WWDG_IRQHandler
                0x080043ec                TIM2_IRQHandler
                0x080043ec                OTG_FS_WKUP_IRQHandler
                0x080043ec                EXTI1_IRQHandler
                0x080043ec                USART2_IRQHandler
                0x080043ec                I2C2_ER_IRQHandler
                0x080043ec                DMA2_Stream1_IRQHandler
                0x080043ec                FLASH_IRQHandler
                0x080043ec                DMA2_Stream4_IRQHandler
                0x080043ec                USART1_IRQHandler
                0x080043ec                OTG_FS_IRQHandler
                0x080043ec                SPI3_IRQHandler
                0x080043ec                DMA1_Stream4_IRQHandler
                0x080043ec                I2C1_ER_IRQHandler
                0x080043ec                DMA2_Stream6_IRQHandler
                0x080043ec                DMA1_Stream3_IRQHandler
 *fill*         0x080043ee        0x2 
 .text.HAL_Init
                0x080043f0       0x44 ./Drivers/STM32F4xx_HAL_Driver/Src/stm32f4xx_hal.o
                0x080043f0                HAL_Init
 .text.HAL_InitTick
                0x08004434       0x60 ./Drivers/STM32F4xx_HAL_Driver/Src/stm32f4xx_hal.o
                0x08004434                HAL_InitTick
 .text.HAL_IncTick
                0x08004494       0x28 ./Drivers/STM32F4xx_HAL_Driver/Src/stm32f4xx_hal.o
                0x08004494                HAL_IncTick
 .text.HAL_GetTick
                0x080044bc       0x18 ./Drivers/STM32F4xx_HAL_Driver/Src/stm32f4xx_hal.o
                0x080044bc                HAL_GetTick
 .text.HAL_Delay
                0x080044d4       0x48 ./Drivers/STM32F4xx_HAL_Driver/Src/stm32f4xx_hal.o
                0x080044d4                HAL_Delay
 .text.__NVIC_SetPriorityGrouping
                0x0800451c       0x48 ./Drivers/STM32F4xx_HAL_Driver/Src/stm32f4xx_hal_cortex.o
 .text.__NVIC_GetPriorityGrouping
                0x08004564       0x1c ./Drivers/STM32F4xx_HAL_Driver/Src/stm32f4xx_hal_cortex.o
 .text.__NVIC_EnableIRQ
                0x08004580       0x3c ./Drivers/STM32F4xx_HAL_Driver/Src/stm32f4xx_hal_cortex.o
 .text.__NVIC_SetPriority
                0x080045bc       0x54 ./Drivers/STM32F4xx_HAL_Driver/Src/stm32f4xx_hal_cortex.o
 .text.NVIC_EncodePriority
                0x08004610       0x66 ./Drivers/STM32F4xx_HAL_Driver/Src/stm32f4xx_hal_cortex.o
 *fill*         0x08004676        0x2 
 .text.SysTick_Config
                0x08004678       0x44 ./Drivers/STM32F4xx_HAL_Driver/Src/stm32f4xx_hal_cortex.o
 .text.HAL_NVIC_SetPriorityGrouping
                0x080046bc       0x16 ./Drivers/STM32F4xx_HAL_Driver/Src/stm32f4xx_hal_cortex.o
                0x080046bc                HAL_NVIC_SetPriorityGrouping
 .text.HAL_NVIC_SetPriority
                0x080046d2       0x38 ./Drivers/STM32F4xx_HAL_Driver/Src/stm32f4xx_hal_cortex.o
                0x080046d2                HAL_NVIC_SetPriority
 .text.HAL_NVIC_EnableIRQ
                0x0800470a       0x1c ./Drivers/STM32F4xx_HAL_Driver/Src/stm32f4xx_hal_cortex.o
                0x0800470a                HAL_NVIC_EnableIRQ
 .text.HAL_SYSTICK_Config
                0x08004726       0x18 ./Drivers/STM32F4xx_HAL_Driver/Src/stm32f4xx_hal_cortex.o
                0x08004726                HAL_SYSTICK_Config
 *fill*         0x0800473e        0x2 
 .text.HAL_GPIO_Init
                0x08004740      0x308 ./Drivers/STM32F4xx_HAL_Driver/Src/stm32f4xx_hal_gpio.o
                0x08004740                HAL_GPIO_Init
 .text.HAL_GPIO_ReadPin
                0x08004a48       0x30 ./Drivers/STM32F4xx_HAL_Driver/Src/stm32f4xx_hal_gpio.o
                0x08004a48                HAL_GPIO_ReadPin
 .text.HAL_GPIO_WritePin
                0x08004a78       0x32 ./Drivers/STM32F4xx_HAL_Driver/Src/stm32f4xx_hal_gpio.o
                0x08004a78                HAL_GPIO_WritePin
 *fill*         0x08004aaa        0x2 
 .text.HAL_GPIO_EXTI_IRQHandler
                0x08004aac       0x30 ./Drivers/STM32F4xx_HAL_Driver/Src/stm32f4xx_hal_gpio.o
                0x08004aac                HAL_GPIO_EXTI_IRQHandler
 .text.HAL_GPIO_EXTI_Callback
                0x08004adc       0x16 ./Drivers/STM32F4xx_HAL_Driver/Src/stm32f4xx_hal_gpio.o
                0x08004adc                HAL_GPIO_EXTI_Callback
 *fill*         0x08004af2        0x2 
 .text.HAL_I2C_Init
                0x08004af4      0x288 ./Drivers/STM32F4xx_HAL_Driver/Src/stm32f4xx_hal_i2c.o
                0x08004af4                HAL_I2C_Init
 .text.HAL_I2C_Master_Transmit
                0x08004d7c      0x1fc ./Drivers/STM32F4xx_HAL_Driver/Src/stm32f4xx_hal_i2c.o
                0x08004d7c                HAL_I2C_Master_Transmit
 .text.HAL_I2C_Master_Receive
                0x08004f78      0x464 ./Drivers/STM32F4xx_HAL_Driver/Src/stm32f4xx_hal_i2c.o
                0x08004f78                HAL_I2C_Master_Receive
 .text.HAL_I2C_Mem_Read
                0x080053dc      0x464 ./Drivers/STM32F4xx_HAL_Driver/Src/stm32f4xx_hal_i2c.o
                0x080053dc                HAL_I2C_Mem_Read
 .text.I2C_MasterRequestWrite
                0x08005840      0x104 ./Drivers/STM32F4xx_HAL_Driver/Src/stm32f4xx_hal_i2c.o
 .text.I2C_MasterRequestRead
                0x08005944      0x19c ./Drivers/STM32F4xx_HAL_Driver/Src/stm32f4xx_hal_i2c.o
 .text.I2C_RequestMemoryRead
                0x08005ae0      0x1d0 ./Drivers/STM32F4xx_HAL_Driver/Src/stm32f4xx_hal_i2c.o
 .text.I2C_WaitOnFlagUntilTimeout
                0x08005cb0       0xf4 ./Drivers/STM32F4xx_HAL_Driver/Src/stm32f4xx_hal_i2c.o
 .text.I2C_WaitOnMasterAddressFlagUntilTimeout
                0x08005da4      0x140 ./Drivers/STM32F4xx_HAL_Driver/Src/stm32f4xx_hal_i2c.o
 .text.I2C_WaitOnTXEFlagUntilTimeout
                0x08005ee4       0x90 ./Drivers/STM32F4xx_HAL_Driver/Src/stm32f4xx_hal_i2c.o
 .text.I2C_WaitOnBTFFlagUntilTimeout
                0x08005f74       0x90 ./Drivers/STM32F4xx_HAL_Driver/Src/stm32f4xx_hal_i2c.o
 .text.I2C_WaitOnRXNEFlagUntilTimeout
                0x08006004       0xba ./Drivers/STM32F4xx_HAL_Driver/Src/stm32f4xx_hal_i2c.o
 .text.I2C_IsAcknowledgeFailed
                0x080060be       0x5e ./Drivers/STM32F4xx_HAL_Driver/Src/stm32f4xx_hal_i2c.o
 .text.HAL_RCC_OscConfig
                0x0800611c      0x4f0 ./Drivers/STM32F4xx_HAL_Driver/Src/stm32f4xx_hal_rcc.o
                0x0800611c                HAL_RCC_OscConfig
 .text.HAL_RCC_ClockConfig
                0x0800660c      0x1cc ./Drivers/STM32F4xx_HAL_Driver/Src/stm32f4xx_hal_rcc.o
                0x0800660c                HAL_RCC_ClockConfig
 .text.HAL_RCC_GetSysClockFreq
                0x080067d8      0x18c ./Drivers/STM32F4xx_HAL_Driver/Src/stm32f4xx_hal_rcc.o
                0x080067d8                HAL_RCC_GetSysClockFreq
 .text.HAL_RCC_GetHCLKFreq
                0x08006964       0x18 ./Drivers/STM32F4xx_HAL_Driver/Src/stm32f4xx_hal_rcc.o
                0x08006964                HAL_RCC_GetHCLKFreq
 .text.HAL_RCC_GetPCLK1Freq
                0x0800697c       0x28 ./Drivers/STM32F4xx_HAL_Driver/Src/stm32f4xx_hal_rcc.o
                0x0800697c                HAL_RCC_GetPCLK1Freq
 .text.HAL_RCC_GetPCLK2Freq
                0x080069a4       0x28 ./Drivers/STM32F4xx_HAL_Driver/Src/stm32f4xx_hal_rcc.o
                0x080069a4                HAL_RCC_GetPCLK2Freq
 .text.HAL_TIM_Base_Init
                0x080069cc       0x9e ./Drivers/STM32F4xx_HAL_Driver/Src/stm32f4xx_hal_tim.o
                0x080069cc                HAL_TIM_Base_Init
 .text.HAL_TIM_PWM_Init
                0x08006a6a       0x9e ./Drivers/STM32F4xx_HAL_Driver/Src/stm32f4xx_hal_tim.o
                0x08006a6a                HAL_TIM_PWM_Init
 .text.HAL_TIM_PWM_MspInit
                0x08006b08       0x14 ./Drivers/STM32F4xx_HAL_Driver/Src/stm32f4xx_hal_tim.o
                0x08006b08                HAL_TIM_PWM_MspInit
 .text.HAL_TIM_PWM_Start
                0x08006b1c      0x160 ./Drivers/STM32F4xx_HAL_Driver/Src/stm32f4xx_hal_tim.o
                0x08006b1c                HAL_TIM_PWM_Start
 .text.HAL_TIM_PWM_Stop
                0x08006c7c       0xc8 ./Drivers/STM32F4xx_HAL_Driver/Src/stm32f4xx_hal_tim.o
                0x08006c7c                HAL_TIM_PWM_Stop
 .text.HAL_TIM_IC_Init
                0x08006d44       0x9e ./Drivers/STM32F4xx_HAL_Driver/Src/stm32f4xx_hal_tim.o
                0x08006d44                HAL_TIM_IC_Init
 .text.HAL_TIM_IC_MspInit
                0x08006de2       0x14 ./Drivers/STM32F4xx_HAL_Driver/Src/stm32f4xx_hal_tim.o
                0x08006de2                HAL_TIM_IC_MspInit
 *fill*         0x08006df6        0x2 
 .text.HAL_TIM_IC_Start_IT
                0x08006df8      0x234 ./Drivers/STM32F4xx_HAL_Driver/Src/stm32f4xx_hal_tim.o
                0x08006df8                HAL_TIM_IC_Start_IT
 .text.HAL_TIM_IC_Stop_IT
                0x0800702c      0x15c ./Drivers/STM32F4xx_HAL_Driver/Src/stm32f4xx_hal_tim.o
                0x0800702c                HAL_TIM_IC_Stop_IT
 .text.HAL_TIM_Encoder_Init
                0x08007188      0x14c ./Drivers/STM32F4xx_HAL_Driver/Src/stm32f4xx_hal_tim.o
                0x08007188                HAL_TIM_Encoder_Init
 .text.HAL_TIM_Encoder_Start
                0x080072d4      0x11c ./Drivers/STM32F4xx_HAL_Driver/Src/stm32f4xx_hal_tim.o
                0x080072d4                HAL_TIM_Encoder_Start
 .text.HAL_TIM_Encoder_Stop
                0x080073f0      0x12e ./Drivers/STM32F4xx_HAL_Driver/Src/stm32f4xx_hal_tim.o
                0x080073f0                HAL_TIM_Encoder_Stop
 .text.HAL_TIM_Encoder_Start_IT
                0x0800751e      0x15c ./Drivers/STM32F4xx_HAL_Driver/Src/stm32f4xx_hal_tim.o
                0x0800751e                HAL_TIM_Encoder_Start_IT
 .text.HAL_TIM_Encoder_Stop_IT
                0x0800767a      0x16a ./Drivers/STM32F4xx_HAL_Driver/Src/stm32f4xx_hal_tim.o
                0x0800767a                HAL_TIM_Encoder_Stop_IT
 .text.HAL_TIM_IRQHandler
                0x080077e4      0x1e0 ./Drivers/STM32F4xx_HAL_Driver/Src/stm32f4xx_hal_tim.o
                0x080077e4                HAL_TIM_IRQHandler
 .text.HAL_TIM_IC_ConfigChannel
                0x080079c4      0x138 ./Drivers/STM32F4xx_HAL_Driver/Src/stm32f4xx_hal_tim.o
                0x080079c4                HAL_TIM_IC_ConfigChannel
 .text.HAL_TIM_PWM_ConfigChannel
                0x08007afc      0x184 ./Drivers/STM32F4xx_HAL_Driver/Src/stm32f4xx_hal_tim.o
                0x08007afc                HAL_TIM_PWM_ConfigChannel
 .text.HAL_TIM_ConfigClockSource
                0x08007c80      0x18e ./Drivers/STM32F4xx_HAL_Driver/Src/stm32f4xx_hal_tim.o
                0x08007c80                HAL_TIM_ConfigClockSource
 *fill*         0x08007e0e        0x2 
 .text.HAL_TIM_ReadCapturedValue
                0x08007e10       0x88 ./Drivers/STM32F4xx_HAL_Driver/Src/stm32f4xx_hal_tim.o
                0x08007e10                HAL_TIM_ReadCapturedValue
 .text.HAL_TIM_PeriodElapsedCallback
                0x08007e98       0x14 ./Drivers/STM32F4xx_HAL_Driver/Src/stm32f4xx_hal_tim.o
                0x08007e98                HAL_TIM_PeriodElapsedCallback
 .text.HAL_TIM_OC_DelayElapsedCallback
                0x08007eac       0x14 ./Drivers/STM32F4xx_HAL_Driver/Src/stm32f4xx_hal_tim.o
                0x08007eac                HAL_TIM_OC_DelayElapsedCallback
 .text.HAL_TIM_PWM_PulseFinishedCallback
                0x08007ec0       0x14 ./Drivers/STM32F4xx_HAL_Driver/Src/stm32f4xx_hal_tim.o
                0x08007ec0                HAL_TIM_PWM_PulseFinishedCallback
 .text.HAL_TIM_TriggerCallback
                0x08007ed4       0x14 ./Drivers/STM32F4xx_HAL_Driver/Src/stm32f4xx_hal_tim.o
                0x08007ed4                HAL_TIM_TriggerCallback
 .text.TIM_Base_SetConfig
                0x08007ee8      0x118 ./Drivers/STM32F4xx_HAL_Driver/Src/stm32f4xx_hal_tim.o
                0x08007ee8                TIM_Base_SetConfig
 .text.TIM_OC1_SetConfig
                0x08008000       0xcc ./Drivers/STM32F4xx_HAL_Driver/Src/stm32f4xx_hal_tim.o
 .text.TIM_OC2_SetConfig
                0x080080cc       0xd8 ./Drivers/STM32F4xx_HAL_Driver/Src/stm32f4xx_hal_tim.o
                0x080080cc                TIM_OC2_SetConfig
 .text.TIM_OC3_SetConfig
                0x080081a4       0xd4 ./Drivers/STM32F4xx_HAL_Driver/Src/stm32f4xx_hal_tim.o
 .text.TIM_OC4_SetConfig
                0x08008278       0xa0 ./Drivers/STM32F4xx_HAL_Driver/Src/stm32f4xx_hal_tim.o
 .text.TIM_TI1_SetConfig
                0x08008318       0xd0 ./Drivers/STM32F4xx_HAL_Driver/Src/stm32f4xx_hal_tim.o
                0x08008318                TIM_TI1_SetConfig
 .text.TIM_TI1_ConfigInputStage
                0x080083e8       0x5e ./Drivers/STM32F4xx_HAL_Driver/Src/stm32f4xx_hal_tim.o
 .text.TIM_TI2_SetConfig
                0x08008446       0x7a ./Drivers/STM32F4xx_HAL_Driver/Src/stm32f4xx_hal_tim.o
 .text.TIM_TI2_ConfigInputStage
                0x080084c0       0x60 ./Drivers/STM32F4xx_HAL_Driver/Src/stm32f4xx_hal_tim.o
 .text.TIM_TI3_SetConfig
                0x08008520       0x78 ./Drivers/STM32F4xx_HAL_Driver/Src/stm32f4xx_hal_tim.o
 .text.TIM_TI4_SetConfig
                0x08008598       0x7a ./Drivers/STM32F4xx_HAL_Driver/Src/stm32f4xx_hal_tim.o
 .text.TIM_ITRx_SetConfig
                0x08008612       0x36 ./Drivers/STM32F4xx_HAL_Driver/Src/stm32f4xx_hal_tim.o
 .text.TIM_ETR_SetConfig
                0x08008648       0x40 ./Drivers/STM32F4xx_HAL_Driver/Src/stm32f4xx_hal_tim.o
                0x08008648                TIM_ETR_SetConfig
 .text.TIM_CCxChannelCmd
                0x08008688       0x4a ./Drivers/STM32F4xx_HAL_Driver/Src/stm32f4xx_hal_tim.o
                0x08008688                TIM_CCxChannelCmd
 *fill*         0x080086d2        0x2 
 .text.HAL_TIMEx_MasterConfigSynchronization
                0x080086d4       0xdc ./Drivers/STM32F4xx_HAL_Driver/Src/stm32f4xx_hal_tim_ex.o
                0x080086d4                HAL_TIMEx_MasterConfigSynchronization
 .text.HAL_TIMEx_CommutCallback
                0x080087b0       0x14 ./Drivers/STM32F4xx_HAL_Driver/Src/stm32f4xx_hal_tim_ex.o
                0x080087b0                HAL_TIMEx_CommutCallback
 .text.HAL_TIMEx_BreakCallback
                0x080087c4       0x14 ./Drivers/STM32F4xx_HAL_Driver/Src/stm32f4xx_hal_tim_ex.o
                0x080087c4                HAL_TIMEx_BreakCallback
 .text.HAL_UART_Init
                0x080087d8       0xa0 ./Drivers/STM32F4xx_HAL_Driver/Src/stm32f4xx_hal_uart.o
                0x080087d8                HAL_UART_Init
 .text.HAL_UART_Transmit
                0x08008878      0x116 ./Drivers/STM32F4xx_HAL_Driver/Src/stm32f4xx_hal_uart.o
                0x08008878                HAL_UART_Transmit
 .text.UART_WaitOnFlagUntilTimeout
                0x0800898e       0xb2 ./Drivers/STM32F4xx_HAL_Driver/Src/stm32f4xx_hal_uart.o
 .text.UART_EndRxTransfer
                0x08008a40       0xc6 ./Drivers/STM32F4xx_HAL_Driver/Src/stm32f4xx_hal_uart.o
 *fill*         0x08008b06        0x2 
 .text.UART_SetConfig
                0x08008b08      0x4e8 ./Drivers/STM32F4xx_HAL_Driver/Src/stm32f4xx_hal_uart.o
 .text.VL53L0X_GetOffsetCalibrationDataMicroMeter
                0x08008ff0       0x26 ./Drivers/VL53L0X/core/src/vl53l0x_api.o
                0x08008ff0                VL53L0X_GetOffsetCalibrationDataMicroMeter
 *fill*         0x08009016        0x2 
 .text.VL53L0X_DataInit
                0x08009018      0x2c8 ./Drivers/VL53L0X/core/src/vl53l0x_api.o
                0x08009018                VL53L0X_DataInit
 .text.VL53L0X_StaticInit
                0x080092e0      0x300 ./Drivers/VL53L0X/core/src/vl53l0x_api.o
                0x080092e0                VL53L0X_StaticInit
 .text.VL53L0X_WaitDeviceBooted
                0x080095e0       0x1c ./Drivers/VL53L0X/core/src/vl53l0x_api.o
                0x080095e0                VL53L0X_WaitDeviceBooted
 .text.VL53L0X_GetDeviceParameters
                0x080095fc      0x120 ./Drivers/VL53L0X/core/src/vl53l0x_api.o
                0x080095fc                VL53L0X_GetDeviceParameters
 .text.VL53L0X_SetDeviceMode
                0x0800971c       0x58 ./Drivers/VL53L0X/core/src/vl53l0x_api.o
                0x0800971c                VL53L0X_SetDeviceMode
 .text.VL53L0X_GetDeviceMode
                0x08009774       0x26 ./Drivers/VL53L0X/core/src/vl53l0x_api.o
                0x08009774                VL53L0X_GetDeviceMode
 .text.VL53L0X_GetFractionEnable
                0x0800979a       0x3e ./Drivers/VL53L0X/core/src/vl53l0x_api.o
                0x0800979a                VL53L0X_GetFractionEnable
 .text.VL53L0X_SetMeasurementTimingBudgetMicroSeconds
                0x080097d8       0x26 ./Drivers/VL53L0X/core/src/vl53l0x_api.o
                0x080097d8                VL53L0X_SetMeasurementTimingBudgetMicroSeconds
 .text.VL53L0X_GetMeasurementTimingBudgetMicroSeconds
                0x080097fe       0x26 ./Drivers/VL53L0X/core/src/vl53l0x_api.o
                0x080097fe                VL53L0X_GetMeasurementTimingBudgetMicroSeconds
 .text.VL53L0X_SetVcselPulsePeriod
                0x08009824       0x30 ./Drivers/VL53L0X/core/src/vl53l0x_api.o
                0x08009824                VL53L0X_SetVcselPulsePeriod
 .text.VL53L0X_GetVcselPulsePeriod
                0x08009854       0x2e ./Drivers/VL53L0X/core/src/vl53l0x_api.o
                0x08009854                VL53L0X_GetVcselPulsePeriod
 *fill*         0x08009882        0x2 
 .text.VL53L0X_SetSequenceStepEnable
                0x08009884      0x140 ./Drivers/VL53L0X/core/src/vl53l0x_api.o
                0x08009884                VL53L0X_SetSequenceStepEnable
 .text.sequence_step_enabled
                0x080099c4       0xa4 ./Drivers/VL53L0X/core/src/vl53l0x_api.o
                0x080099c4                sequence_step_enabled
 .text.VL53L0X_GetSequenceStepEnables
                0x08009a68       0xb0 ./Drivers/VL53L0X/core/src/vl53l0x_api.o
                0x08009a68                VL53L0X_GetSequenceStepEnables
 .text.VL53L0X_GetInterMeasurementPeriodMilliSeconds
                0x08009b18       0x68 ./Drivers/VL53L0X/core/src/vl53l0x_api.o
                0x08009b18                VL53L0X_GetInterMeasurementPeriodMilliSeconds
 .text.VL53L0X_GetXTalkCompensationEnable
                0x08009b80       0x2a ./Drivers/VL53L0X/core/src/vl53l0x_api.o
                0x08009b80                VL53L0X_GetXTalkCompensationEnable
 .text.VL53L0X_GetXTalkCompensationRateMegaCps
                0x08009baa       0x66 ./Drivers/VL53L0X/core/src/vl53l0x_api.o
                0x08009baa                VL53L0X_GetXTalkCompensationRateMegaCps
 .text.VL53L0X_SetLimitCheckEnable
                0x08009c10      0x118 ./Drivers/VL53L0X/core/src/vl53l0x_api.o
                0x08009c10                VL53L0X_SetLimitCheckEnable
 .text.VL53L0X_GetLimitCheckEnable
                0x08009d28       0x46 ./Drivers/VL53L0X/core/src/vl53l0x_api.o
                0x08009d28                VL53L0X_GetLimitCheckEnable
 *fill*         0x08009d6e        0x2 
 .text.VL53L0X_SetLimitCheckValue
                0x08009d70       0xc4 ./Drivers/VL53L0X/core/src/vl53l0x_api.o
                0x08009d70                VL53L0X_SetLimitCheckValue
 .text.VL53L0X_GetLimitCheckValue
                0x08009e34      0x11c ./Drivers/VL53L0X/core/src/vl53l0x_api.o
                0x08009e34                VL53L0X_GetLimitCheckValue
 .text.VL53L0X_GetWrapAroundCheckEnable
                0x08009f50       0x64 ./Drivers/VL53L0X/core/src/vl53l0x_api.o
                0x08009f50                VL53L0X_GetWrapAroundCheckEnable
 .text.VL53L0X_PerformSingleMeasurement
                0x08009fb4       0x68 ./Drivers/VL53L0X/core/src/vl53l0x_api.o
                0x08009fb4                VL53L0X_PerformSingleMeasurement
 .text.VL53L0X_PerformRefCalibration
                0x0800a01c       0x2c ./Drivers/VL53L0X/core/src/vl53l0x_api.o
                0x0800a01c                VL53L0X_PerformRefCalibration
 .text.VL53L0X_CheckAndLoadInterruptSettings
                0x0800a048       0xcc ./Drivers/VL53L0X/core/src/vl53l0x_api.o
                0x0800a048                VL53L0X_CheckAndLoadInterruptSettings
 .text.VL53L0X_StartMeasurement
                0x0800a114      0x184 ./Drivers/VL53L0X/core/src/vl53l0x_api.o
                0x0800a114                VL53L0X_StartMeasurement
 .text.VL53L0X_GetMeasurementDataReady
                0x0800a298       0x80 ./Drivers/VL53L0X/core/src/vl53l0x_api.o
                0x0800a298                VL53L0X_GetMeasurementDataReady
 .text.VL53L0X_GetRangingMeasurementData
                0x0800a318      0x238 ./Drivers/VL53L0X/core/src/vl53l0x_api.o
                0x0800a318                VL53L0X_GetRangingMeasurementData
 .text.VL53L0X_PerformSingleRangingMeasurement
                0x0800a550       0x60 ./Drivers/VL53L0X/core/src/vl53l0x_api.o
                0x0800a550                VL53L0X_PerformSingleRangingMeasurement
 .text.VL53L0X_SetGpioConfig
                0x0800a5b0      0x244 ./Drivers/VL53L0X/core/src/vl53l0x_api.o
                0x0800a5b0                VL53L0X_SetGpioConfig
 .text.VL53L0X_GetInterruptThresholds
                0x0800a7f4       0x68 ./Drivers/VL53L0X/core/src/vl53l0x_api.o
                0x0800a7f4                VL53L0X_GetInterruptThresholds
 .text.VL53L0X_ClearInterruptMask
                0x0800a85c       0x80 ./Drivers/VL53L0X/core/src/vl53l0x_api.o
                0x0800a85c                VL53L0X_ClearInterruptMask
 .text.VL53L0X_GetInterruptMaskStatus
                0x0800a8dc       0x44 ./Drivers/VL53L0X/core/src/vl53l0x_api.o
                0x0800a8dc                VL53L0X_GetInterruptMaskStatus
 .text.VL53L0X_PerformRefSpadManagement
                0x0800a920       0x2a ./Drivers/VL53L0X/core/src/vl53l0x_api.o
                0x0800a920                VL53L0X_PerformRefSpadManagement
 .text.VL53L0X_get_offset_calibration_data_micro_meter
                0x0800a94a       0x7e ./Drivers/VL53L0X/core/src/vl53l0x_api_calibration.o
                0x0800a94a                VL53L0X_get_offset_calibration_data_micro_meter
 .text.get_next_good_spad
                0x0800a9c8       0xbc ./Drivers/VL53L0X/core/src/vl53l0x_api_calibration.o
                0x0800a9c8                get_next_good_spad
 .text.is_aperture
                0x0800aa84       0x34 ./Drivers/VL53L0X/core/src/vl53l0x_api_calibration.o
                0x0800aa84                is_aperture
 .text.enable_spad_bit
                0x0800aab8       0x70 ./Drivers/VL53L0X/core/src/vl53l0x_api_calibration.o
                0x0800aab8                enable_spad_bit
 .text.set_ref_spad_map
                0x0800ab28       0x26 ./Drivers/VL53L0X/core/src/vl53l0x_api_calibration.o
                0x0800ab28                set_ref_spad_map
 .text.get_ref_spad_map
                0x0800ab4e       0x26 ./Drivers/VL53L0X/core/src/vl53l0x_api_calibration.o
                0x0800ab4e                get_ref_spad_map
 .text.enable_ref_spads
                0x0800ab74       0xf8 ./Drivers/VL53L0X/core/src/vl53l0x_api_calibration.o
                0x0800ab74                enable_ref_spads
 .text.perform_ref_signal_measurement
                0x0800ac6c       0xd4 ./Drivers/VL53L0X/core/src/vl53l0x_api_calibration.o
                0x0800ac6c                perform_ref_signal_measurement
 .text.VL53L0X_perform_ref_spad_management
                0x0800ad40      0x418 ./Drivers/VL53L0X/core/src/vl53l0x_api_calibration.o
                0x0800ad40                VL53L0X_perform_ref_spad_management
 .text.VL53L0X_set_reference_spads
                0x0800b158      0x14a ./Drivers/VL53L0X/core/src/vl53l0x_api_calibration.o
                0x0800b158                VL53L0X_set_reference_spads
 .text.VL53L0X_perform_single_ref_calibration
                0x0800b2a2       0x76 ./Drivers/VL53L0X/core/src/vl53l0x_api_calibration.o
                0x0800b2a2                VL53L0X_perform_single_ref_calibration
 .text.VL53L0X_ref_calibration_io
                0x0800b318      0x132 ./Drivers/VL53L0X/core/src/vl53l0x_api_calibration.o
                0x0800b318                VL53L0X_ref_calibration_io
 .text.VL53L0X_perform_vhv_calibration
                0x0800b44a       0xce ./Drivers/VL53L0X/core/src/vl53l0x_api_calibration.o
                0x0800b44a                VL53L0X_perform_vhv_calibration
 .text.VL53L0X_perform_phase_calibration
                0x0800b518       0xca ./Drivers/VL53L0X/core/src/vl53l0x_api_calibration.o
                0x0800b518                VL53L0X_perform_phase_calibration
 .text.VL53L0X_perform_ref_calibration
                0x0800b5e2       0x7a ./Drivers/VL53L0X/core/src/vl53l0x_api_calibration.o
                0x0800b5e2                VL53L0X_perform_ref_calibration
 .text.VL53L0X_measurement_poll_for_completion
                0x0800b65c       0x60 ./Drivers/VL53L0X/core/src/vl53l0x_api_core.o
                0x0800b65c                VL53L0X_measurement_poll_for_completion
 .text.VL53L0X_decode_vcsel_period
                0x0800b6bc       0x26 ./Drivers/VL53L0X/core/src/vl53l0x_api_core.o
                0x0800b6bc                VL53L0X_decode_vcsel_period
 .text.VL53L0X_encode_vcsel_period
                0x0800b6e2       0x26 ./Drivers/VL53L0X/core/src/vl53l0x_api_core.o
                0x0800b6e2                VL53L0X_encode_vcsel_period
 .text.VL53L0X_isqrt
                0x0800b708       0x68 ./Drivers/VL53L0X/core/src/vl53l0x_api_core.o
                0x0800b708                VL53L0X_isqrt
 .text.VL53L0X_device_read_strobe
                0x0800b770       0x86 ./Drivers/VL53L0X/core/src/vl53l0x_api_core.o
                0x0800b770                VL53L0X_device_read_strobe
 .text.VL53L0X_get_info_from_device
                0x0800b7f6      0x99a ./Drivers/VL53L0X/core/src/vl53l0x_api_core.o
                0x0800b7f6                VL53L0X_get_info_from_device
 .text.VL53L0X_calc_macro_period_ps
                0x0800c190       0x3c ./Drivers/VL53L0X/core/src/vl53l0x_api_core.o
                0x0800c190                VL53L0X_calc_macro_period_ps
 .text.VL53L0X_encode_timeout
                0x0800c1cc       0x54 ./Drivers/VL53L0X/core/src/vl53l0x_api_core.o
                0x0800c1cc                VL53L0X_encode_timeout
 .text.VL53L0X_decode_timeout
                0x0800c220       0x2c ./Drivers/VL53L0X/core/src/vl53l0x_api_core.o
                0x0800c220                VL53L0X_decode_timeout
 .text.VL53L0X_calc_timeout_mclks
                0x0800c24c       0x54 ./Drivers/VL53L0X/core/src/vl53l0x_api_core.o
                0x0800c24c                VL53L0X_calc_timeout_mclks
 .text.VL53L0X_calc_timeout_us
                0x0800c2a0       0x54 ./Drivers/VL53L0X/core/src/vl53l0x_api_core.o
                0x0800c2a0                VL53L0X_calc_timeout_us
 .text.get_sequence_step_timeout
                0x0800c2f4      0x1c0 ./Drivers/VL53L0X/core/src/vl53l0x_api_core.o
                0x0800c2f4                get_sequence_step_timeout
 .text.set_sequence_step_timeout
                0x0800c4b4      0x1e4 ./Drivers/VL53L0X/core/src/vl53l0x_api_core.o
                0x0800c4b4                set_sequence_step_timeout
 .text.VL53L0X_set_vcsel_pulse_period
                0x0800c698      0x50e ./Drivers/VL53L0X/core/src/vl53l0x_api_core.o
                0x0800c698                VL53L0X_set_vcsel_pulse_period
 .text.VL53L0X_get_vcsel_pulse_period
                0x0800cba6       0x6e ./Drivers/VL53L0X/core/src/vl53l0x_api_core.o
                0x0800cba6                VL53L0X_get_vcsel_pulse_period
 .text.VL53L0X_set_measurement_timing_budget_micro_seconds
                0x0800cc14      0x1c0 ./Drivers/VL53L0X/core/src/vl53l0x_api_core.o
                0x0800cc14                VL53L0X_set_measurement_timing_budget_micro_seconds
 .text.VL53L0X_get_measurement_timing_budget_micro_seconds
                0x0800cdd4      0x162 ./Drivers/VL53L0X/core/src/vl53l0x_api_core.o
                0x0800cdd4                VL53L0X_get_measurement_timing_budget_micro_seconds
 *fill*         0x0800cf36        0x2 
 .text.VL53L0X_load_tuning_settings
                0x0800cf38      0x1c4 ./Drivers/VL53L0X/core/src/vl53l0x_api_core.o
                0x0800cf38                VL53L0X_load_tuning_settings
 .text.VL53L0X_get_total_xtalk_rate
                0x0800d0fc       0x5e ./Drivers/VL53L0X/core/src/vl53l0x_api_core.o
                0x0800d0fc                VL53L0X_get_total_xtalk_rate
 .text.VL53L0X_get_total_signal_rate
                0x0800d15a       0x4a ./Drivers/VL53L0X/core/src/vl53l0x_api_core.o
                0x0800d15a                VL53L0X_get_total_signal_rate
 .text.VL53L0X_calc_dmax
                0x0800d1a4      0x238 ./Drivers/VL53L0X/core/src/vl53l0x_api_core.o
                0x0800d1a4                VL53L0X_calc_dmax
 .text.VL53L0X_calc_sigma_estimate
                0x0800d3dc      0x498 ./Drivers/VL53L0X/core/src/vl53l0x_api_core.o
                0x0800d3dc                VL53L0X_calc_sigma_estimate
 .text.VL53L0X_get_pal_range_status
                0x0800d874      0x3b6 ./Drivers/VL53L0X/core/src/vl53l0x_api_core.o
                0x0800d874                VL53L0X_get_pal_range_status
 .text._I2CWrite
                0x0800dc2a       0x3e ./Drivers/VL53L0X/platform/src/vl53l0x_platform.o
                0x0800dc2a                _I2CWrite
 .text._I2CRead
                0x0800dc68       0x44 ./Drivers/VL53L0X/platform/src/vl53l0x_platform.o
                0x0800dc68                _I2CRead
 .text.VL53L0X_WriteMulti
                0x0800dcac       0x60 ./Drivers/VL53L0X/platform/src/vl53l0x_platform.o
                0x0800dcac                VL53L0X_WriteMulti
 .text.VL53L0X_ReadMulti
                0x0800dd0c       0x56 ./Drivers/VL53L0X/platform/src/vl53l0x_platform.o
                0x0800dd0c                VL53L0X_ReadMulti
 *fill*         0x0800dd62        0x2 
 .text.VL53L0X_WrByte
                0x0800dd64       0x48 ./Drivers/VL53L0X/platform/src/vl53l0x_platform.o
                0x0800dd64                VL53L0X_WrByte
 .text.VL53L0X_WrWord
                0x0800ddac       0x54 ./Drivers/VL53L0X/platform/src/vl53l0x_platform.o
                0x0800ddac                VL53L0X_WrWord
 .text.VL53L0X_UpdateByte
                0x0800de00       0x68 ./Drivers/VL53L0X/platform/src/vl53l0x_platform.o
                0x0800de00                VL53L0X_UpdateByte
 .text.VL53L0X_RdByte
                0x0800de68       0x54 ./Drivers/VL53L0X/platform/src/vl53l0x_platform.o
                0x0800de68                VL53L0X_RdByte
 .text.VL53L0X_RdWord
                0x0800debc       0x6c ./Drivers/VL53L0X/platform/src/vl53l0x_platform.o
                0x0800debc                VL53L0X_RdWord
 .text.VL53L0X_RdDWord
                0x0800df28       0x78 ./Drivers/VL53L0X/platform/src/vl53l0x_platform.o
                0x0800df28                VL53L0X_RdDWord
 .text.VL53L0X_PollingDelay
                0x0800dfa0       0x1e ./Drivers/VL53L0X/platform/src/vl53l0x_platform.o
                0x0800dfa0                VL53L0X_PollingDelay
 .text._ZdlPvj  0x0800dfbe        0x4 C:/ST/STM32CubeIDE_1.15.1/STM32CubeIDE/plugins/com.st.stm32cube.ide.mcu.externaltools.gnu-tools-for-stm32.12.3.rel1.win32_1.0.100.202403111256/tools/bin/../lib/gcc/arm-none-eabi/12.3.1/../../../../arm-none-eabi/lib/thumb/v7e-m+fp/hard\libstdc++_nano.a(del_ops.o)
                0x0800dfbe                operator delete(void*, unsigned int)
 .text._Znwj    0x0800dfc2       0x22 C:/ST/STM32CubeIDE_1.15.1/STM32CubeIDE/plugins/com.st.stm32cube.ide.mcu.externaltools.gnu-tools-for-stm32.12.3.rel1.win32_1.0.100.202403111256/tools/bin/../lib/gcc/arm-none-eabi/12.3.1/../../../../arm-none-eabi/lib/thumb/v7e-m+fp/hard\libstdc++_nano.a(new_op.o)
                0x0800dfc2                operator new(unsigned int)
 .text._ZdlPv   0x0800dfe4        0x4 C:/ST/STM32CubeIDE_1.15.1/STM32CubeIDE/plugins/com.st.stm32cube.ide.mcu.externaltools.gnu-tools-for-stm32.12.3.rel1.win32_1.0.100.202403111256/tools/bin/../lib/gcc/arm-none-eabi/12.3.1/../../../../arm-none-eabi/lib/thumb/v7e-m+fp/hard\libstdc++_nano.a(del_op.o)
                0x0800dfe4                operator delete(void*)
 .text._ZSt15get_new_handlerv
                0x0800dfe8       0x10 C:/ST/STM32CubeIDE_1.15.1/STM32CubeIDE/plugins/com.st.stm32cube.ide.mcu.externaltools.gnu-tools-for-stm32.12.3.rel1.win32_1.0.100.202403111256/tools/bin/../lib/gcc/arm-none-eabi/12.3.1/../../../../arm-none-eabi/lib/thumb/v7e-m+fp/hard\libstdc++_nano.a(new_handler.o)
                0x0800dfe8                std::get_new_handler()
 .text.abort    0x0800dff8        0xe C:/ST/STM32CubeIDE_1.15.1/STM32CubeIDE/plugins/com.st.stm32cube.ide.mcu.externaltools.gnu-tools-for-stm32.12.3.rel1.win32_1.0.100.202403111256/tools/bin/../lib/gcc/arm-none-eabi/12.3.1/../../../../arm-none-eabi/lib/thumb/v7e-m+fp/hard\libc_nano.a(libc_a-abort.o)
                0x0800dff8                abort
 *fill*         0x0800e006        0x2 
 .text.malloc   0x0800e008       0x10 C:/ST/STM32CubeIDE_1.15.1/STM32CubeIDE/plugins/com.st.stm32cube.ide.mcu.externaltools.gnu-tools-for-stm32.12.3.rel1.win32_1.0.100.202403111256/tools/bin/../lib/gcc/arm-none-eabi/12.3.1/../../../../arm-none-eabi/lib/thumb/v7e-m+fp/hard\libc_nano.a(libc_a-malloc.o)
                0x0800e008                malloc
 .text.free     0x0800e018       0x10 C:/ST/STM32CubeIDE_1.15.1/STM32CubeIDE/plugins/com.st.stm32cube.ide.mcu.externaltools.gnu-tools-for-stm32.12.3.rel1.win32_1.0.100.202403111256/tools/bin/../lib/gcc/arm-none-eabi/12.3.1/../../../../arm-none-eabi/lib/thumb/v7e-m+fp/hard\libc_nano.a(libc_a-malloc.o)
                0x0800e018                free
 .text.sbrk_aligned
                0x0800e028       0x44 C:/ST/STM32CubeIDE_1.15.1/STM32CubeIDE/plugins/com.st.stm32cube.ide.mcu.externaltools.gnu-tools-for-stm32.12.3.rel1.win32_1.0.100.202403111256/tools/bin/../lib/gcc/arm-none-eabi/12.3.1/../../../../arm-none-eabi/lib/thumb/v7e-m+fp/hard\libc_nano.a(libc_a-mallocr.o)
 .text._malloc_r
                0x0800e06c      0x100 C:/ST/STM32CubeIDE_1.15.1/STM32CubeIDE/plugins/com.st.stm32cube.ide.mcu.externaltools.gnu-tools-for-stm32.12.3.rel1.win32_1.0.100.202403111256/tools/bin/../lib/gcc/arm-none-eabi/12.3.1/../../../../arm-none-eabi/lib/thumb/v7e-m+fp/hard\libc_nano.a(libc_a-mallocr.o)
                0x0800e06c                _malloc_r
 .text.__malloc_lock
                0x0800e16c        0xc C:/ST/STM32CubeIDE_1.15.1/STM32CubeIDE/plugins/com.st.stm32cube.ide.mcu.externaltools.gnu-tools-for-stm32.12.3.rel1.win32_1.0.100.202403111256/tools/bin/../lib/gcc/arm-none-eabi/12.3.1/../../../../arm-none-eabi/lib/thumb/v7e-m+fp/hard\libc_nano.a(libc_a-mlock.o)
                0x0800e16c                __malloc_lock
 .text.__malloc_unlock
                0x0800e178        0xc C:/ST/STM32CubeIDE_1.15.1/STM32CubeIDE/plugins/com.st.stm32cube.ide.mcu.externaltools.gnu-tools-for-stm32.12.3.rel1.win32_1.0.100.202403111256/tools/bin/../lib/gcc/arm-none-eabi/12.3.1/../../../../arm-none-eabi/lib/thumb/v7e-m+fp/hard\libc_nano.a(libc_a-mlock.o)
                0x0800e178                __malloc_unlock
 .text.__cvt    0x0800e184       0xca C:/ST/STM32CubeIDE_1.15.1/STM32CubeIDE/plugins/com.st.stm32cube.ide.mcu.externaltools.gnu-tools-for-stm32.12.3.rel1.win32_1.0.100.202403111256/tools/bin/../lib/gcc/arm-none-eabi/12.3.1/../../../../arm-none-eabi/lib/thumb/v7e-m+fp/hard\libc_nano.a(libc_a-nano-vfprintf_float.o)
                0x0800e184                __cvt
 .text.__exponent
                0x0800e24e       0x74 C:/ST/STM32CubeIDE_1.15.1/STM32CubeIDE/plugins/com.st.stm32cube.ide.mcu.externaltools.gnu-tools-for-stm32.12.3.rel1.win32_1.0.100.202403111256/tools/bin/../lib/gcc/arm-none-eabi/12.3.1/../../../../arm-none-eabi/lib/thumb/v7e-m+fp/hard\libc_nano.a(libc_a-nano-vfprintf_float.o)
                0x0800e24e                __exponent
 *fill*         0x0800e2c2        0x2 
 .text._printf_float
                0x0800e2c4      0x454 C:/ST/STM32CubeIDE_1.15.1/STM32CubeIDE/plugins/com.st.stm32cube.ide.mcu.externaltools.gnu-tools-for-stm32.12.3.rel1.win32_1.0.100.202403111256/tools/bin/../lib/gcc/arm-none-eabi/12.3.1/../../../../arm-none-eabi/lib/thumb/v7e-m+fp/hard\libc_nano.a(libc_a-nano-vfprintf_float.o)
                0x0800e2c4                _printf_float
 .text._printf_common
                0x0800e718       0xda C:/ST/STM32CubeIDE_1.15.1/STM32CubeIDE/plugins/com.st.stm32cube.ide.mcu.externaltools.gnu-tools-for-stm32.12.3.rel1.win32_1.0.100.202403111256/tools/bin/../lib/gcc/arm-none-eabi/12.3.1/../../../../arm-none-eabi/lib/thumb/v7e-m+fp/hard\libc_nano.a(libc_a-nano-vfprintf_i.o)
                0x0800e718                _printf_common
 *fill*         0x0800e7f2        0x2 
 .text._printf_i
                0x0800e7f4      0x240 C:/ST/STM32CubeIDE_1.15.1/STM32CubeIDE/plugins/com.st.stm32cube.ide.mcu.externaltools.gnu-tools-for-stm32.12.3.rel1.win32_1.0.100.202403111256/tools/bin/../lib/gcc/arm-none-eabi/12.3.1/../../../../arm-none-eabi/lib/thumb/v7e-m+fp/hard\libc_nano.a(libc_a-nano-vfprintf_i.o)
                0x0800e7f4                _printf_i
 .text.std      0x0800ea34       0x6c C:/ST/STM32CubeIDE_1.15.1/STM32CubeIDE/plugins/com.st.stm32cube.ide.mcu.externaltools.gnu-tools-for-stm32.12.3.rel1.win32_1.0.100.202403111256/tools/bin/../lib/gcc/arm-none-eabi/12.3.1/../../../../arm-none-eabi/lib/thumb/v7e-m+fp/hard\libc_nano.a(libc_a-findfp.o)
 .text.stdio_exit_handler
                0x0800eaa0       0x18 C:/ST/STM32CubeIDE_1.15.1/STM32CubeIDE/plugins/com.st.stm32cube.ide.mcu.externaltools.gnu-tools-for-stm32.12.3.rel1.win32_1.0.100.202403111256/tools/bin/../lib/gcc/arm-none-eabi/12.3.1/../../../../arm-none-eabi/lib/thumb/v7e-m+fp/hard\libc_nano.a(libc_a-findfp.o)
 .text.cleanup_stdio
                0x0800eab8       0x40 C:/ST/STM32CubeIDE_1.15.1/STM32CubeIDE/plugins/com.st.stm32cube.ide.mcu.externaltools.gnu-tools-for-stm32.12.3.rel1.win32_1.0.100.202403111256/tools/bin/../lib/gcc/arm-none-eabi/12.3.1/../../../../arm-none-eabi/lib/thumb/v7e-m+fp/hard\libc_nano.a(libc_a-findfp.o)
 .text.global_stdio_init.part.0
                0x0800eaf8       0x3c C:/ST/STM32CubeIDE_1.15.1/STM32CubeIDE/plugins/com.st.stm32cube.ide.mcu.externaltools.gnu-tools-for-stm32.12.3.rel1.win32_1.0.100.202403111256/tools/bin/../lib/gcc/arm-none-eabi/12.3.1/../../../../arm-none-eabi/lib/thumb/v7e-m+fp/hard\libc_nano.a(libc_a-findfp.o)
 .text.__sfp_lock_acquire
                0x0800eb34        0xc C:/ST/STM32CubeIDE_1.15.1/STM32CubeIDE/plugins/com.st.stm32cube.ide.mcu.externaltools.gnu-tools-for-stm32.12.3.rel1.win32_1.0.100.202403111256/tools/bin/../lib/gcc/arm-none-eabi/12.3.1/../../../../arm-none-eabi/lib/thumb/v7e-m+fp/hard\libc_nano.a(libc_a-findfp.o)
                0x0800eb34                __sfp_lock_acquire
 .text.__sfp_lock_release
                0x0800eb40        0xc C:/ST/STM32CubeIDE_1.15.1/STM32CubeIDE/plugins/com.st.stm32cube.ide.mcu.externaltools.gnu-tools-for-stm32.12.3.rel1.win32_1.0.100.202403111256/tools/bin/../lib/gcc/arm-none-eabi/12.3.1/../../../../arm-none-eabi/lib/thumb/v7e-m+fp/hard\libc_nano.a(libc_a-findfp.o)
                0x0800eb40                __sfp_lock_release
 .text.__sinit  0x0800eb4c       0x30 C:/ST/STM32CubeIDE_1.15.1/STM32CubeIDE/plugins/com.st.stm32cube.ide.mcu.externaltools.gnu-tools-for-stm32.12.3.rel1.win32_1.0.100.202403111256/tools/bin/../lib/gcc/arm-none-eabi/12.3.1/../../../../arm-none-eabi/lib/thumb/v7e-m+fp/hard\libc_nano.a(libc_a-findfp.o)
                0x0800eb4c                __sinit
 .text._fwalk_sglue
                0x0800eb7c       0x3c C:/ST/STM32CubeIDE_1.15.1/STM32CubeIDE/plugins/com.st.stm32cube.ide.mcu.externaltools.gnu-tools-for-stm32.12.3.rel1.win32_1.0.100.202403111256/tools/bin/../lib/gcc/arm-none-eabi/12.3.1/../../../../arm-none-eabi/lib/thumb/v7e-m+fp/hard\libc_nano.a(libc_a-fwalk.o)
                0x0800eb7c                _fwalk_sglue
 .text.sprintf  0x0800ebb8       0x40 C:/ST/STM32CubeIDE_1.15.1/STM32CubeIDE/plugins/com.st.stm32cube.ide.mcu.externaltools.gnu-tools-for-stm32.12.3.rel1.win32_1.0.100.202403111256/tools/bin/../lib/gcc/arm-none-eabi/12.3.1/../../../../arm-none-eabi/lib/thumb/v7e-m+fp/hard\libc_nano.a(libc_a-sprintf.o)
                0x0800ebb8                siprintf
                0x0800ebb8                sprintf
 .text.__sread  0x0800ebf8       0x22 C:/ST/STM32CubeIDE_1.15.1/STM32CubeIDE/plugins/com.st.stm32cube.ide.mcu.externaltools.gnu-tools-for-stm32.12.3.rel1.win32_1.0.100.202403111256/tools/bin/../lib/gcc/arm-none-eabi/12.3.1/../../../../arm-none-eabi/lib/thumb/v7e-m+fp/hard\libc_nano.a(libc_a-stdio.o)
                0x0800ebf8                __sread
 .text.__swrite
                0x0800ec1a       0x38 C:/ST/STM32CubeIDE_1.15.1/STM32CubeIDE/plugins/com.st.stm32cube.ide.mcu.externaltools.gnu-tools-for-stm32.12.3.rel1.win32_1.0.100.202403111256/tools/bin/../lib/gcc/arm-none-eabi/12.3.1/../../../../arm-none-eabi/lib/thumb/v7e-m+fp/hard\libc_nano.a(libc_a-stdio.o)
                0x0800ec1a                __swrite
 .text.__sseek  0x0800ec52       0x24 C:/ST/STM32CubeIDE_1.15.1/STM32CubeIDE/plugins/com.st.stm32cube.ide.mcu.externaltools.gnu-tools-for-stm32.12.3.rel1.win32_1.0.100.202403111256/tools/bin/../lib/gcc/arm-none-eabi/12.3.1/../../../../arm-none-eabi/lib/thumb/v7e-m+fp/hard\libc_nano.a(libc_a-stdio.o)
                0x0800ec52                __sseek
 .text.__sclose
                0x0800ec76        0x8 C:/ST/STM32CubeIDE_1.15.1/STM32CubeIDE/plugins/com.st.stm32cube.ide.mcu.externaltools.gnu-tools-for-stm32.12.3.rel1.win32_1.0.100.202403111256/tools/bin/../lib/gcc/arm-none-eabi/12.3.1/../../../../arm-none-eabi/lib/thumb/v7e-m+fp/hard\libc_nano.a(libc_a-stdio.o)
                0x0800ec76                __sclose
 .text.memset   0x0800ec7e       0x10 C:/ST/STM32CubeIDE_1.15.1/STM32CubeIDE/plugins/com.st.stm32cube.ide.mcu.externaltools.gnu-tools-for-stm32.12.3.rel1.win32_1.0.100.202403111256/tools/bin/../lib/gcc/arm-none-eabi/12.3.1/../../../../arm-none-eabi/lib/thumb/v7e-m+fp/hard\libc_nano.a(libc_a-memset.o)
                0x0800ec7e                memset
 .text._raise_r
                0x0800ec8e       0x50 C:/ST/STM32CubeIDE_1.15.1/STM32CubeIDE/plugins/com.st.stm32cube.ide.mcu.externaltools.gnu-tools-for-stm32.12.3.rel1.win32_1.0.100.202403111256/tools/bin/../lib/gcc/arm-none-eabi/12.3.1/../../../../arm-none-eabi/lib/thumb/v7e-m+fp/hard\libc_nano.a(libc_a-signal.o)
                0x0800ec8e                _raise_r
 *fill*         0x0800ecde        0x2 
 .text.raise    0x0800ece0       0x10 C:/ST/STM32CubeIDE_1.15.1/STM32CubeIDE/plugins/com.st.stm32cube.ide.mcu.externaltools.gnu-tools-for-stm32.12.3.rel1.win32_1.0.100.202403111256/tools/bin/../lib/gcc/arm-none-eabi/12.3.1/../../../../arm-none-eabi/lib/thumb/v7e-m+fp/hard\libc_nano.a(libc_a-signal.o)
                0x0800ece0                raise
 .text._localeconv_r
                0x0800ecf0        0x8 C:/ST/STM32CubeIDE_1.15.1/STM32CubeIDE/plugins/com.st.stm32cube.ide.mcu.externaltools.gnu-tools-for-stm32.12.3.rel1.win32_1.0.100.202403111256/tools/bin/../lib/gcc/arm-none-eabi/12.3.1/../../../../arm-none-eabi/lib/thumb/v7e-m+fp/hard\libc_nano.a(libc_a-localeconv.o)
                0x0800ecf0                _localeconv_r
 .text._close_r
                0x0800ecf8       0x20 C:/ST/STM32CubeIDE_1.15.1/STM32CubeIDE/plugins/com.st.stm32cube.ide.mcu.externaltools.gnu-tools-for-stm32.12.3.rel1.win32_1.0.100.202403111256/tools/bin/../lib/gcc/arm-none-eabi/12.3.1/../../../../arm-none-eabi/lib/thumb/v7e-m+fp/hard\libc_nano.a(libc_a-closer.o)
                0x0800ecf8                _close_r
 .text._lseek_r
                0x0800ed18       0x24 C:/ST/STM32CubeIDE_1.15.1/STM32CubeIDE/plugins/com.st.stm32cube.ide.mcu.externaltools.gnu-tools-for-stm32.12.3.rel1.win32_1.0.100.202403111256/tools/bin/../lib/gcc/arm-none-eabi/12.3.1/../../../../arm-none-eabi/lib/thumb/v7e-m+fp/hard\libc_nano.a(libc_a-lseekr.o)
                0x0800ed18                _lseek_r
 .text._read_r  0x0800ed3c       0x24 C:/ST/STM32CubeIDE_1.15.1/STM32CubeIDE/plugins/com.st.stm32cube.ide.mcu.externaltools.gnu-tools-for-stm32.12.3.rel1.win32_1.0.100.202403111256/tools/bin/../lib/gcc/arm-none-eabi/12.3.1/../../../../arm-none-eabi/lib/thumb/v7e-m+fp/hard\libc_nano.a(libc_a-readr.o)
                0x0800ed3c                _read_r
 .text._kill_r  0x0800ed60       0x24 C:/ST/STM32CubeIDE_1.15.1/STM32CubeIDE/plugins/com.st.stm32cube.ide.mcu.externaltools.gnu-tools-for-stm32.12.3.rel1.win32_1.0.100.202403111256/tools/bin/../lib/gcc/arm-none-eabi/12.3.1/../../../../arm-none-eabi/lib/thumb/v7e-m+fp/hard\libc_nano.a(libc_a-signalr.o)
                0x0800ed60                _kill_r
 .text._getpid_r
                0x0800ed84        0x4 C:/ST/STM32CubeIDE_1.15.1/STM32CubeIDE/plugins/com.st.stm32cube.ide.mcu.externaltools.gnu-tools-for-stm32.12.3.rel1.win32_1.0.100.202403111256/tools/bin/../lib/gcc/arm-none-eabi/12.3.1/../../../../arm-none-eabi/lib/thumb/v7e-m+fp/hard\libc_nano.a(libc_a-signalr.o)
                0x0800ed84                _getpid_r
 .text._sbrk_r  0x0800ed88       0x20 C:/ST/STM32CubeIDE_1.15.1/STM32CubeIDE/plugins/com.st.stm32cube.ide.mcu.externaltools.gnu-tools-for-stm32.12.3.rel1.win32_1.0.100.202403111256/tools/bin/../lib/gcc/arm-none-eabi/12.3.1/../../../../arm-none-eabi/lib/thumb/v7e-m+fp/hard\libc_nano.a(libc_a-sbrkr.o)
                0x0800ed88                _sbrk_r
 .text._write_r
                0x0800eda8       0x24 C:/ST/STM32CubeIDE_1.15.1/STM32CubeIDE/plugins/com.st.stm32cube.ide.mcu.externaltools.gnu-tools-for-stm32.12.3.rel1.win32_1.0.100.202403111256/tools/bin/../lib/gcc/arm-none-eabi/12.3.1/../../../../arm-none-eabi/lib/thumb/v7e-m+fp/hard\libc_nano.a(libc_a-writer.o)
                0x0800eda8                _write_r
 .text.__errno  0x0800edcc        0xc C:/ST/STM32CubeIDE_1.15.1/STM32CubeIDE/plugins/com.st.stm32cube.ide.mcu.externaltools.gnu-tools-for-stm32.12.3.rel1.win32_1.0.100.202403111256/tools/bin/../lib/gcc/arm-none-eabi/12.3.1/../../../../arm-none-eabi/lib/thumb/v7e-m+fp/hard\libc_nano.a(libc_a-errno.o)
                0x0800edcc                __errno
 .text.__libc_init_array
                0x0800edd8       0x48 C:/ST/STM32CubeIDE_1.15.1/STM32CubeIDE/plugins/com.st.stm32cube.ide.mcu.externaltools.gnu-tools-for-stm32.12.3.rel1.win32_1.0.100.202403111256/tools/bin/../lib/gcc/arm-none-eabi/12.3.1/../../../../arm-none-eabi/lib/thumb/v7e-m+fp/hard\libc_nano.a(libc_a-init.o)
                0x0800edd8                __libc_init_array
 .text.__retarget_lock_init_recursive
                0x0800ee20        0x2 C:/ST/STM32CubeIDE_1.15.1/STM32CubeIDE/plugins/com.st.stm32cube.ide.mcu.externaltools.gnu-tools-for-stm32.12.3.rel1.win32_1.0.100.202403111256/tools/bin/../lib/gcc/arm-none-eabi/12.3.1/../../../../arm-none-eabi/lib/thumb/v7e-m+fp/hard\libc_nano.a(libc_a-lock.o)
                0x0800ee20                __retarget_lock_init_recursive
 .text.__retarget_lock_acquire_recursive
                0x0800ee22        0x2 C:/ST/STM32CubeIDE_1.15.1/STM32CubeIDE/plugins/com.st.stm32cube.ide.mcu.externaltools.gnu-tools-for-stm32.12.3.rel1.win32_1.0.100.202403111256/tools/bin/../lib/gcc/arm-none-eabi/12.3.1/../../../../arm-none-eabi/lib/thumb/v7e-m+fp/hard\libc_nano.a(libc_a-lock.o)
                0x0800ee22                __retarget_lock_acquire_recursive
 .text.__retarget_lock_release_recursive
                0x0800ee24        0x2 C:/ST/STM32CubeIDE_1.15.1/STM32CubeIDE/plugins/com.st.stm32cube.ide.mcu.externaltools.gnu-tools-for-stm32.12.3.rel1.win32_1.0.100.202403111256/tools/bin/../lib/gcc/arm-none-eabi/12.3.1/../../../../arm-none-eabi/lib/thumb/v7e-m+fp/hard\libc_nano.a(libc_a-lock.o)
                0x0800ee24                __retarget_lock_release_recursive
 .text.strcpy   0x0800ee26       0x10 C:/ST/STM32CubeIDE_1.15.1/STM32CubeIDE/plugins/com.st.stm32cube.ide.mcu.externaltools.gnu-tools-for-stm32.12.3.rel1.win32_1.0.100.202403111256/tools/bin/../lib/gcc/arm-none-eabi/12.3.1/../../../../arm-none-eabi/lib/thumb/v7e-m+fp/hard\libc_nano.a(libc_a-strcpy.o)
                0x0800ee26                strcpy
 .text.memcpy   0x0800ee36       0x1c C:/ST/STM32CubeIDE_1.15.1/STM32CubeIDE/plugins/com.st.stm32cube.ide.mcu.externaltools.gnu-tools-for-stm32.12.3.rel1.win32_1.0.100.202403111256/tools/bin/../lib/gcc/arm-none-eabi/12.3.1/../../../../arm-none-eabi/lib/thumb/v7e-m+fp/hard\libc_nano.a(libc_a-memcpy-stub.o)
                0x0800ee36                memcpy
 .text.quorem   0x0800ee52      0x110 C:/ST/STM32CubeIDE_1.15.1/STM32CubeIDE/plugins/com.st.stm32cube.ide.mcu.externaltools.gnu-tools-for-stm32.12.3.rel1.win32_1.0.100.202403111256/tools/bin/../lib/gcc/arm-none-eabi/12.3.1/../../../../arm-none-eabi/lib/thumb/v7e-m+fp/hard\libc_nano.a(libc_a-dtoa.o)
 *fill*         0x0800ef62        0x6 
 .text._dtoa_r  0x0800ef68      0xb88 C:/ST/STM32CubeIDE_1.15.1/STM32CubeIDE/plugins/com.st.stm32cube.ide.mcu.externaltools.gnu-tools-for-stm32.12.3.rel1.win32_1.0.100.202403111256/tools/bin/../lib/gcc/arm-none-eabi/12.3.1/../../../../arm-none-eabi/lib/thumb/v7e-m+fp/hard\libc_nano.a(libc_a-dtoa.o)
                0x0800ef68                _dtoa_r
 .text._free_r  0x0800faf0       0x94 C:/ST/STM32CubeIDE_1.15.1/STM32CubeIDE/plugins/com.st.stm32cube.ide.mcu.externaltools.gnu-tools-for-stm32.12.3.rel1.win32_1.0.100.202403111256/tools/bin/../lib/gcc/arm-none-eabi/12.3.1/../../../../arm-none-eabi/lib/thumb/v7e-m+fp/hard\libc_nano.a(libc_a-freer.o)
                0x0800faf0                _free_r
 .text._Balloc  0x0800fb84       0x80 C:/ST/STM32CubeIDE_1.15.1/STM32CubeIDE/plugins/com.st.stm32cube.ide.mcu.externaltools.gnu-tools-for-stm32.12.3.rel1.win32_1.0.100.202403111256/tools/bin/../lib/gcc/arm-none-eabi/12.3.1/../../../../arm-none-eabi/lib/thumb/v7e-m+fp/hard\libc_nano.a(libc_a-mprec.o)
                0x0800fb84                _Balloc
 .text._Bfree   0x0800fc04       0x44 C:/ST/STM32CubeIDE_1.15.1/STM32CubeIDE/plugins/com.st.stm32cube.ide.mcu.externaltools.gnu-tools-for-stm32.12.3.rel1.win32_1.0.100.202403111256/tools/bin/../lib/gcc/arm-none-eabi/12.3.1/../../../../arm-none-eabi/lib/thumb/v7e-m+fp/hard\libc_nano.a(libc_a-mprec.o)
                0x0800fc04                _Bfree
 .text.__multadd
                0x0800fc48       0x8c C:/ST/STM32CubeIDE_1.15.1/STM32CubeIDE/plugins/com.st.stm32cube.ide.mcu.externaltools.gnu-tools-for-stm32.12.3.rel1.win32_1.0.100.202403111256/tools/bin/../lib/gcc/arm-none-eabi/12.3.1/../../../../arm-none-eabi/lib/thumb/v7e-m+fp/hard\libc_nano.a(libc_a-mprec.o)
                0x0800fc48                __multadd
 .text.__hi0bits
                0x0800fcd4       0x3e C:/ST/STM32CubeIDE_1.15.1/STM32CubeIDE/plugins/com.st.stm32cube.ide.mcu.externaltools.gnu-tools-for-stm32.12.3.rel1.win32_1.0.100.202403111256/tools/bin/../lib/gcc/arm-none-eabi/12.3.1/../../../../arm-none-eabi/lib/thumb/v7e-m+fp/hard\libc_nano.a(libc_a-mprec.o)
                0x0800fcd4                __hi0bits
 .text.__lo0bits
                0x0800fd12       0x5a C:/ST/STM32CubeIDE_1.15.1/STM32CubeIDE/plugins/com.st.stm32cube.ide.mcu.externaltools.gnu-tools-for-stm32.12.3.rel1.win32_1.0.100.202403111256/tools/bin/../lib/gcc/arm-none-eabi/12.3.1/../../../../arm-none-eabi/lib/thumb/v7e-m+fp/hard\libc_nano.a(libc_a-mprec.o)
                0x0800fd12                __lo0bits
 .text.__i2b    0x0800fd6c       0x2c C:/ST/STM32CubeIDE_1.15.1/STM32CubeIDE/plugins/com.st.stm32cube.ide.mcu.externaltools.gnu-tools-for-stm32.12.3.rel1.win32_1.0.100.202403111256/tools/bin/../lib/gcc/arm-none-eabi/12.3.1/../../../../arm-none-eabi/lib/thumb/v7e-m+fp/hard\libc_nano.a(libc_a-mprec.o)
                0x0800fd6c                __i2b
 .text.__multiply
                0x0800fd98      0x154 C:/ST/STM32CubeIDE_1.15.1/STM32CubeIDE/plugins/com.st.stm32cube.ide.mcu.externaltools.gnu-tools-for-stm32.12.3.rel1.win32_1.0.100.202403111256/tools/bin/../lib/gcc/arm-none-eabi/12.3.1/../../../../arm-none-eabi/lib/thumb/v7e-m+fp/hard\libc_nano.a(libc_a-mprec.o)
                0x0800fd98                __multiply
 .text.__pow5mult
                0x0800feec       0xb4 C:/ST/STM32CubeIDE_1.15.1/STM32CubeIDE/plugins/com.st.stm32cube.ide.mcu.externaltools.gnu-tools-for-stm32.12.3.rel1.win32_1.0.100.202403111256/tools/bin/../lib/gcc/arm-none-eabi/12.3.1/../../../../arm-none-eabi/lib/thumb/v7e-m+fp/hard\libc_nano.a(libc_a-mprec.o)
                0x0800feec                __pow5mult
 .text.__lshift
                0x0800ffa0       0xd8 C:/ST/STM32CubeIDE_1.15.1/STM32CubeIDE/plugins/com.st.stm32cube.ide.mcu.externaltools.gnu-tools-for-stm32.12.3.rel1.win32_1.0.100.202403111256/tools/bin/../lib/gcc/arm-none-eabi/12.3.1/../../../../arm-none-eabi/lib/thumb/v7e-m+fp/hard\libc_nano.a(libc_a-mprec.o)
                0x0800ffa0                __lshift
 .text.__mcmp   0x08010078       0x36 C:/ST/STM32CubeIDE_1.15.1/STM32CubeIDE/plugins/com.st.stm32cube.ide.mcu.externaltools.gnu-tools-for-stm32.12.3.rel1.win32_1.0.100.202403111256/tools/bin/../lib/gcc/arm-none-eabi/12.3.1/../../../../arm-none-eabi/lib/thumb/v7e-m+fp/hard\libc_nano.a(libc_a-mprec.o)
                0x08010078                __mcmp
 *fill*         0x080100ae        0x2 
 .text.__mdiff  0x080100b0      0x128 C:/ST/STM32CubeIDE_1.15.1/STM32CubeIDE/plugins/com.st.stm32cube.ide.mcu.externaltools.gnu-tools-for-stm32.12.3.rel1.win32_1.0.100.202403111256/tools/bin/../lib/gcc/arm-none-eabi/12.3.1/../../../../arm-none-eabi/lib/thumb/v7e-m+fp/hard\libc_nano.a(libc_a-mprec.o)
                0x080100b0                __mdiff
 .text.__d2b    0x080101d8       0xb0 C:/ST/STM32CubeIDE_1.15.1/STM32CubeIDE/plugins/com.st.stm32cube.ide.mcu.externaltools.gnu-tools-for-stm32.12.3.rel1.win32_1.0.100.202403111256/tools/bin/../lib/gcc/arm-none-eabi/12.3.1/../../../../arm-none-eabi/lib/thumb/v7e-m+fp/hard\libc_nano.a(libc_a-mprec.o)
                0x080101d8                __d2b
 .text.__ssputs_r
                0x08010288       0xb6 C:/ST/STM32CubeIDE_1.15.1/STM32CubeIDE/plugins/com.st.stm32cube.ide.mcu.externaltools.gnu-tools-for-stm32.12.3.rel1.win32_1.0.100.202403111256/tools/bin/../lib/gcc/arm-none-eabi/12.3.1/../../../../arm-none-eabi/lib/thumb/v7e-m+fp/hard\libc_nano.a(libc_a-nano-svfprintf.o)
                0x08010288                __ssputs_r
 *fill*         0x0801033e        0x2 
 .text._svfprintf_r
                0x08010340      0x1f8 C:/ST/STM32CubeIDE_1.15.1/STM32CubeIDE/plugins/com.st.stm32cube.ide.mcu.externaltools.gnu-tools-for-stm32.12.3.rel1.win32_1.0.100.202403111256/tools/bin/../lib/gcc/arm-none-eabi/12.3.1/../../../../arm-none-eabi/lib/thumb/v7e-m+fp/hard\libc_nano.a(libc_a-nano-svfprintf.o)
                0x08010340                _svfiprintf_r
                0x08010340                _svfprintf_r
 .text.__sflush_r
                0x08010538      0x108 C:/ST/STM32CubeIDE_1.15.1/STM32CubeIDE/plugins/com.st.stm32cube.ide.mcu.externaltools.gnu-tools-for-stm32.12.3.rel1.win32_1.0.100.202403111256/tools/bin/../lib/gcc/arm-none-eabi/12.3.1/../../../../arm-none-eabi/lib/thumb/v7e-m+fp/hard\libc_nano.a(libc_a-fflush.o)
                0x08010538                __sflush_r
 .text._fflush_r
                0x08010640       0x50 C:/ST/STM32CubeIDE_1.15.1/STM32CubeIDE/plugins/com.st.stm32cube.ide.mcu.externaltools.gnu-tools-for-stm32.12.3.rel1.win32_1.0.100.202403111256/tools/bin/../lib/gcc/arm-none-eabi/12.3.1/../../../../arm-none-eabi/lib/thumb/v7e-m+fp/hard\libc_nano.a(libc_a-fflush.o)
                0x08010640                _fflush_r
 .text.memmove  0x08010690       0x34 C:/ST/STM32CubeIDE_1.15.1/STM32CubeIDE/plugins/com.st.stm32cube.ide.mcu.externaltools.gnu-tools-for-stm32.12.3.rel1.win32_1.0.100.202403111256/tools/bin/../lib/gcc/arm-none-eabi/12.3.1/../../../../arm-none-eabi/lib/thumb/v7e-m+fp/hard\libc_nano.a(libc_a-memmove.o)
                0x08010690                memmove
 .text.__assert_func
                0x080106c4       0x3c C:/ST/STM32CubeIDE_1.15.1/STM32CubeIDE/plugins/com.st.stm32cube.ide.mcu.externaltools.gnu-tools-for-stm32.12.3.rel1.win32_1.0.100.202403111256/tools/bin/../lib/gcc/arm-none-eabi/12.3.1/../../../../arm-none-eabi/lib/thumb/v7e-m+fp/hard\libc_nano.a(libc_a-assert.o)
                0x080106c4                __assert_func
 .text._calloc_r
                0x08010700       0x28 C:/ST/STM32CubeIDE_1.15.1/STM32CubeIDE/plugins/com.st.stm32cube.ide.mcu.externaltools.gnu-tools-for-stm32.12.3.rel1.win32_1.0.100.202403111256/tools/bin/../lib/gcc/arm-none-eabi/12.3.1/../../../../arm-none-eabi/lib/thumb/v7e-m+fp/hard\libc_nano.a(libc_a-callocr.o)
                0x08010700                _calloc_r
 .text.__ascii_mbtowc
                0x08010728       0x24 C:/ST/STM32CubeIDE_1.15.1/STM32CubeIDE/plugins/com.st.stm32cube.ide.mcu.externaltools.gnu-tools-for-stm32.12.3.rel1.win32_1.0.100.202403111256/tools/bin/../lib/gcc/arm-none-eabi/12.3.1/../../../../arm-none-eabi/lib/thumb/v7e-m+fp/hard\libc_nano.a(libc_a-mbtowc_r.o)
                0x08010728                __ascii_mbtowc
 .text._realloc_r
                0x0801074c       0x5c C:/ST/STM32CubeIDE_1.15.1/STM32CubeIDE/plugins/com.st.stm32cube.ide.mcu.externaltools.gnu-tools-for-stm32.12.3.rel1.win32_1.0.100.202403111256/tools/bin/../lib/gcc/arm-none-eabi/12.3.1/../../../../arm-none-eabi/lib/thumb/v7e-m+fp/hard\libc_nano.a(libc_a-reallocr.o)
                0x0801074c                _realloc_r