../Core/Src/main.cpp:108:6:void HAL_TIM_IC_CaptureCallback(TIM_HandleTypeDef*)	16	static
../Core/Src/main.cpp:133:5:int main()	192	dynamic
../Core/Src/main.cpp:499:7:void SystemClock_Config()	88	static
../Core/Src/main.cpp:546:14:void MX_I2C1_Init()	8	static
../Core/Src/main.cpp:580:14:void MX_TIM1_Init()	48	static
../Core/Src/main.cpp:643:14:void MX_TIM2_Init()	64	static
../Core/Src/main.cpp:702:14:void MX_TIM3_Init()	64	static
../Core/Src/main.cpp:765:14:void MX_TIM5_Init()	56	static
../Core/Src/main.cpp:814:14:void MX_USART2_UART_Init()	8	static
../Core/Src/main.cpp:847:14:void MX_GPIO_Init()	40	static
../Core/Src/main.cpp:882:6:void I2C_Scan(UART_HandleTypeDef*)	24	static
../Core/Src/main.cpp:905:13:void VL53L0X_Init()	16	static
../Core/Src/main.cpp:936:6:void Error_Handler()	4	static,ignoring_inline_asm
