../Core/Src/main.cpp:80:6:void HAL_UART_RxCpltCallback(UART_HandleTypeDef*)	16	static
../Core/Src/main.cpp:88:6:void HAL_GPIO_EXTI_Callback(uint16_t)	16	static
../Core/Src/main.cpp:102:5:int main()	104	static
../Core/Src/main.cpp:285:6:void SystemClock_Config()	96	static
../Core/Src/main.cpp:335:13:void MX_TIM3_Init()	48	static
../Core/Src/main.cpp:396:13:void MX_USART2_UART_Init()	8	static
../Core/Src/main.cpp:431:13:void MX_GPIO_Init()	48	static
../Core/Src/main.cpp:485:6:void Error_Handler()	4	static,ignoring_inline_asm
