../Core/Src/main.cpp:82:5:int main()	8	static
../Core/Src/main.cpp:132:6:void SystemClock_Config()	88	static
../Core/Src/main.cpp:179:13:void MX_I2C1_Init()	8	static
../Core/Src/main.cpp:213:13:void MX_TIM1_Init()	48	static
../Core/Src/main.cpp:276:13:void MX_TIM2_Init()	64	static
../Core/Src/main.cpp:335:13:void MX_TIM3_Init()	64	static
../Core/Src/main.cpp:398:13:void MX_TIM5_Init()	56	static
../Core/Src/main.cpp:447:13:void MX_USART2_UART_Init()	8	static
../Core/Src/main.cpp:480:13:void MX_GPIO_Init()	40	static
../Core/Src/main.cpp:522:6:void Error_Handler()	4	static,ignoring_inline_asm
