../Core/Src/main.cpp:80:6:void HAL_TIM_IC_CaptureCallback(TIM_HandleTypeDef*)	16	static
../Core/Src/main.cpp:109:5:int main()	96	static
../Core/Src/main.cpp:190:6:void SystemClock_Config()	88	static
../Core/Src/main.cpp:236:13:void MX_TIM1_Init()	32	static
../Core/Src/main.cpp:289:13:void MX_TIM3_Init()	32	static
../Core/Src/main.cpp:334:13:void MX_USART1_UART_Init()	8	static
../Core/Src/main.cpp:367:13:void MX_USART2_UART_Init()	8	static
../Core/Src/main.cpp:400:13:void MX_GPIO_Init()	48	static
../Core/Src/main.cpp:444:6:void Error_Handler()	4	static,ignoring_inline_asm
