18:13:17 **** Incremental Build of configuration Debug for project final-code ****
make -j16 all 
arm-none-eabi-g++ "../Core/Src/PololuEncoder.cpp" -mcpu=cortex-m4 -std=gnu++14 -g3 -DDEBUG -DUSE_HAL_DRIVER -DSTM32F411xE -c -I../Core/Inc -I../Drivers/VL53L0X/platform/src -I../Drivers/VL53L0X/platform/inc -I../Drivers/VL53L0X/core/inc -I../Drivers/VL53L0X/core/src -I../Drivers/STM32F4xx_HAL_Driver/Inc -I../Drivers/STM32F4xx_HAL_Driver/Inc/Legacy -I../Drivers/CMSIS/Device/ST/STM32F4xx/Include -I../Drivers/CMSIS/Include -O0 -ffunction-sections -fdata-sections -fno-exceptions -fno-rtti -fno-use-cxa-atexit -Wall -fstack-usage -fcyclomatic-complexity -MMD -MP -MF"Core/Src/PololuEncoder.d" -MT"Core/Src/PololuEncoder.o" --specs=nano.specs -mfpu=fpv4-sp-d16 -mfloat-abi=hard -mthumb -o "Core/Src/PololuEncoder.o"
arm-none-eabi-g++ "../Core/Src/PololuServo.cpp" -mcpu=cortex-m4 -std=gnu++14 -g3 -DDEBUG -DUSE_HAL_DRIVER -DSTM32F411xE -c -I../Core/Inc -I../Drivers/VL53L0X/platform/src -I../Drivers/VL53L0X/platform/inc -I../Drivers/VL53L0X/core/inc -I../Drivers/VL53L0X/core/src -I../Drivers/STM32F4xx_HAL_Driver/Inc -I../Drivers/STM32F4xx_HAL_Driver/Inc/Legacy -I../Drivers/CMSIS/Device/ST/STM32F4xx/Include -I../Drivers/CMSIS/Include -O0 -ffunction-sections -fdata-sections -fno-exceptions -fno-rtti -fno-use-cxa-atexit -Wall -fstack-usage -fcyclomatic-complexity -MMD -MP -MF"Core/Src/PololuServo.d" -MT"Core/Src/PololuServo.o" --specs=nano.specs -mfpu=fpv4-sp-d16 -mfloat-abi=hard -mthumb -o "Core/Src/PololuServo.o"
arm-none-eabi-g++ "../Core/Src/RemoteControlControl.cpp" -mcpu=cortex-m4 -std=gnu++14 -g3 -DDEBUG -DUSE_HAL_DRIVER -DSTM32F411xE -c -I../Core/Inc -I../Drivers/VL53L0X/platform/src -I../Drivers/VL53L0X/platform/inc -I../Drivers/VL53L0X/core/inc -I../Drivers/VL53L0X/core/src -I../Drivers/STM32F4xx_HAL_Driver/Inc -I../Drivers/STM32F4xx_HAL_Driver/Inc/Legacy -I../Drivers/CMSIS/Device/ST/STM32F4xx/Include -I../Drivers/CMSIS/Include -O0 -ffunction-sections -fdata-sections -fno-exceptions -fno-rtti -fno-use-cxa-atexit -Wall -fstack-usage -fcyclomatic-complexity -MMD -MP -MF"Core/Src/RemoteControlControl.d" -MT"Core/Src/RemoteControlControl.o" --specs=nano.specs -mfpu=fpv4-sp-d16 -mfloat-abi=hard -mthumb -o "Core/Src/RemoteControlControl.o"
arm-none-eabi-g++ -o "final-code.elf" @"objects.list"   -mcpu=cortex-m4 -T"C:\Users\Max\OneDrive - Cal Poly\Documents\5 Hobbies\1 Coding\Mechatronics Codebases\ME 507 Codebase\final-code\STM32F411CEUX_FLASH.ld" --specs=nosys.specs -Wl,-Map="final-code.map" -Wl,--gc-sections -static -u _printf_float --specs=nano.specs -mfpu=fpv4-sp-d16 -mfloat-abi=hard -mthumb -Wl,--start-group -lc -lm -lstdc++ -lsupc++ -Wl,--end-group
Finished building target: final-code.elf
 
arm-none-eabi-size  final-code.elf 
arm-none-eabi-objdump -h -S final-code.elf  > "final-code.list"
   text	   data	    bss	    dec	    hex	filename
  70124	   1172	   2988	  74284	  1222c	final-code.elf
Finished building: default.size.stdout
 
Finished building: final-code.list
 

18:13:18 Build Finished. 0 errors, 0 warnings. (took 858ms)

