12:51:07 **** Incremental Build of configuration Debug for project test-19 ****
make -j16 all 
arm-none-eabi-g++ "../Core/Src/ConveyorBelt.cpp" -mcpu=cortex-m4 -std=gnu++14 -g3 -DDEBUG -DUSE_HAL_DRIVER -DSTM32F411xE -c -I../Core/Inc -I../Drivers/VL53L0X/platform/src -I../Drivers/VL53L0X/platform/inc -I../Drivers/VL53L0X/core/inc -I../Drivers/VL53L0X/core/src -I../Drivers/STM32F4xx_HAL_Driver/Inc -I../Drivers/STM32F4xx_HAL_Driver/Inc/Legacy -I../Drivers/CMSIS/Device/ST/STM32F4xx/Include -I../Drivers/CMSIS/Include -O0 -ffunction-sections -fdata-sections -fno-exceptions -fno-rtti -fno-use-cxa-atexit -Wall -fstack-usage -fcyclomatic-complexity -MMD -MP -MF"Core/Src/ConveyorBelt.d" -MT"Core/Src/ConveyorBelt.o" --specs=nano.specs -mfpu=fpv4-sp-d16 -mfloat-abi=hard -mthumb -o "Core/Src/ConveyorBelt.o"
arm-none-eabi-g++ "../Core/Src/main.cpp" -mcpu=cortex-m4 -std=gnu++14 -g3 -DDEBUG -DUSE_HAL_DRIVER -DSTM32F411xE -c -I../Core/Inc -I../Drivers/VL53L0X/platform/src -I../Drivers/VL53L0X/platform/inc -I../Drivers/VL53L0X/core/inc -I../Drivers/VL53L0X/core/src -I../Drivers/STM32F4xx_HAL_Driver/Inc -I../Drivers/STM32F4xx_HAL_Driver/Inc/Legacy -I../Drivers/CMSIS/Device/ST/STM32F4xx/Include -I../Drivers/CMSIS/Include -O0 -ffunction-sections -fdata-sections -fno-exceptions -fno-rtti -fno-use-cxa-atexit -Wall -fstack-usage -fcyclomatic-complexity -MMD -MP -MF"Core/Src/main.d" -MT"Core/Src/main.o" --specs=nano.specs -mfpu=fpv4-sp-d16 -mfloat-abi=hard -mthumb -o "Core/Src/main.o"
../Core/Src/main.cpp: In function 'int main()':
../Core/Src/main.cpp:495:53: warning: unused variable 'string_length' [-Wunused-variable]
  495 |                                                 int string_length = sprintf(my_message, "Ambient: %u, Red: %u, Green: %u, Blue: %u\r\n", ambient_light, red_light, green_light, blue_light);
      |                                                     ^~~~~~~~~~~~~
../Core/Src/main.cpp:498:53: warning: unused variable 'string_length' [-Wunused-variable]
  498 |                                                 int string_length = sprintf(my_message, "Error reading light values!\r\n");
      |                                                     ^~~~~~~~~~~~~
arm-none-eabi-g++ -o "test-19.elf" @"objects.list"   -mcpu=cortex-m4 -T"C:\Users\Max\OneDrive - Cal Poly\Documents\5 Hobbies\1 Coding\Mechatronics Codebases\ME 507 Codebase\test-19\STM32F411CEUX_FLASH.ld" --specs=nosys.specs -Wl,-Map="test-19.map" -Wl,--gc-sections -static -u _printf_float --specs=nano.specs -mfpu=fpv4-sp-d16 -mfloat-abi=hard -mthumb -Wl,--start-group -lc -lm -lstdc++ -lsupc++ -Wl,--end-group
Finished building target: test-19.elf
 
arm-none-eabi-size  test-19.elf 
arm-none-eabi-objdump -h -S test-19.elf  > "test-19.list"
   text	   data	    bss	    dec	    hex	filename
  69876	   1172	   2988	  74036	  12134	test-19.elf
Finished building: default.size.stdout
 
Finished building: test-19.list
 
12:51:11 **** Incremental Build of configuration Debug for project test-19 ****
make -j16 all 
arm-none-eabi-size  test-19.elf 
   text	   data	    bss	    dec	    hex	filename
  69876	   1172	   2988	  74036	  12134	test-19.elf
Finished building: default.size.stdout
 
12:52:59 **** Incremental Build of configuration Debug for project test-19 ****
make -j16 all 
arm-none-eabi-g++ "../Core/Src/ColoredBlock.cpp" -mcpu=cortex-m4 -std=gnu++14 -g3 -DDEBUG -DUSE_HAL_DRIVER -DSTM32F411xE -c -I../Core/Inc -I../Drivers/VL53L0X/platform/src -I../Drivers/VL53L0X/platform/inc -I../Drivers/VL53L0X/core/inc -I../Drivers/VL53L0X/core/src -I../Drivers/STM32F4xx_HAL_Driver/Inc -I../Drivers/STM32F4xx_HAL_Driver/Inc/Legacy -I../Drivers/CMSIS/Device/ST/STM32F4xx/Include -I../Drivers/CMSIS/Include -O0 -ffunction-sections -fdata-sections -fno-exceptions -fno-rtti -fno-use-cxa-atexit -Wall -fstack-usage -fcyclomatic-complexity -MMD -MP -MF"Core/Src/ColoredBlock.d" -MT"Core/Src/ColoredBlock.o" --specs=nano.specs -mfpu=fpv4-sp-d16 -mfloat-abi=hard -mthumb -o "Core/Src/ColoredBlock.o"
arm-none-eabi-g++ "../Core/Src/ConveyorBelt.cpp" -mcpu=cortex-m4 -std=gnu++14 -g3 -DDEBUG -DUSE_HAL_DRIVER -DSTM32F411xE -c -I../Core/Inc -I../Drivers/VL53L0X/platform/src -I../Drivers/VL53L0X/platform/inc -I../Drivers/VL53L0X/core/inc -I../Drivers/VL53L0X/core/src -I../Drivers/STM32F4xx_HAL_Driver/Inc -I../Drivers/STM32F4xx_HAL_Driver/Inc/Legacy -I../Drivers/CMSIS/Device/ST/STM32F4xx/Include -I../Drivers/CMSIS/Include -O0 -ffunction-sections -fdata-sections -fno-exceptions -fno-rtti -fno-use-cxa-atexit -Wall -fstack-usage -fcyclomatic-complexity -MMD -MP -MF"Core/Src/ConveyorBelt.d" -MT"Core/Src/ConveyorBelt.o" --specs=nano.specs -mfpu=fpv4-sp-d16 -mfloat-abi=hard -mthumb -o "Core/Src/ConveyorBelt.o"
arm-none-eabi-g++ "../Core/Src/main.cpp" -mcpu=cortex-m4 -std=gnu++14 -g3 -DDEBUG -DUSE_HAL_DRIVER -DSTM32F411xE -c -I../Core/Inc -I../Drivers/VL53L0X/platform/src -I../Drivers/VL53L0X/platform/inc -I../Drivers/VL53L0X/core/inc -I../Drivers/VL53L0X/core/src -I../Drivers/STM32F4xx_HAL_Driver/Inc -I../Drivers/STM32F4xx_HAL_Driver/Inc/Legacy -I../Drivers/CMSIS/Device/ST/STM32F4xx/Include -I../Drivers/CMSIS/Include -O0 -ffunction-sections -fdata-sections -fno-exceptions -fno-rtti -fno-use-cxa-atexit -Wall -fstack-usage -fcyclomatic-complexity -MMD -MP -MF"Core/Src/main.d" -MT"Core/Src/main.o" --specs=nano.specs -mfpu=fpv4-sp-d16 -mfloat-abi=hard -mthumb -o "Core/Src/main.o"
../Core/Src/main.cpp: In function 'int main()':
../Core/Src/main.cpp:494:53: warning: unused variable 'string_length' [-Wunused-variable]
  494 |                                                 int string_length = sprintf(my_message, "Ambient: %u, Red: %u, Green: %u, Blue: %u\r\n", ambient_light, red_light, green_light, blue_light);
      |                                                     ^~~~~~~~~~~~~
../Core/Src/main.cpp:497:53: warning: unused variable 'string_length' [-Wunused-variable]
  497 |                                                 int string_length = sprintf(my_message, "Error reading light values!\r\n");
      |                                                     ^~~~~~~~~~~~~
arm-none-eabi-g++ -o "test-19.elf" @"objects.list"   -mcpu=cortex-m4 -T"C:\Users\Max\OneDrive - Cal Poly\Documents\5 Hobbies\1 Coding\Mechatronics Codebases\ME 507 Codebase\test-19\STM32F411CEUX_FLASH.ld" --specs=nosys.specs -Wl,-Map="test-19.map" -Wl,--gc-sections -static -u _printf_float --specs=nano.specs -mfpu=fpv4-sp-d16 -mfloat-abi=hard -mthumb -Wl,--start-group -lc -lm -lstdc++ -lsupc++ -Wl,--end-group
Finished building target: test-19.elf
 
arm-none-eabi-size  test-19.elf 
arm-none-eabi-objdump -h -S test-19.elf  > "test-19.list"
   text	   data	    bss	    dec	    hex	filename
  69892	   1172	   2988	  74052	  12144	test-19.elf
Finished building: default.size.stdout
 
Finished building: test-19.list
 
12:54:51 **** Incremental Build of configuration Debug for project test-19 ****
make -j16 all 
arm-none-eabi-g++ "../Core/Src/ConveyorBelt.cpp" -mcpu=cortex-m4 -std=gnu++14 -g3 -DDEBUG -DUSE_HAL_DRIVER -DSTM32F411xE -c -I../Core/Inc -I../Drivers/VL53L0X/platform/src -I../Drivers/VL53L0X/platform/inc -I../Drivers/VL53L0X/core/inc -I../Drivers/VL53L0X/core/src -I../Drivers/STM32F4xx_HAL_Driver/Inc -I../Drivers/STM32F4xx_HAL_Driver/Inc/Legacy -I../Drivers/CMSIS/Device/ST/STM32F4xx/Include -I../Drivers/CMSIS/Include -O0 -ffunction-sections -fdata-sections -fno-exceptions -fno-rtti -fno-use-cxa-atexit -Wall -fstack-usage -fcyclomatic-complexity -MMD -MP -MF"Core/Src/ConveyorBelt.d" -MT"Core/Src/ConveyorBelt.o" --specs=nano.specs -mfpu=fpv4-sp-d16 -mfloat-abi=hard -mthumb -o "Core/Src/ConveyorBelt.o"
arm-none-eabi-g++ -o "test-19.elf" @"objects.list"   -mcpu=cortex-m4 -T"C:\Users\Max\OneDrive - Cal Poly\Documents\5 Hobbies\1 Coding\Mechatronics Codebases\ME 507 Codebase\test-19\STM32F411CEUX_FLASH.ld" --specs=nosys.specs -Wl,-Map="test-19.map" -Wl,--gc-sections -static -u _printf_float --specs=nano.specs -mfpu=fpv4-sp-d16 -mfloat-abi=hard -mthumb -Wl,--start-group -lc -lm -lstdc++ -lsupc++ -Wl,--end-group
Finished building target: test-19.elf
 
arm-none-eabi-size  test-19.elf 
arm-none-eabi-objdump -h -S test-19.elf  > "test-19.list"
   text	   data	    bss	    dec	    hex	filename
  70124	   1172	   2988	  74284	  1222c	test-19.elf
Finished building: default.size.stdout
 
Finished building: test-19.list
 
12:55:00 **** Incremental Build of configuration Debug for project test-19 ****
make -j16 all 
arm-none-eabi-size  test-19.elf 
   text	   data	    bss	    dec	    hex	filename
  70124	   1172	   2988	  74284	  1222c	test-19.elf
Finished building: default.size.stdout
 
12:56:04 **** Incremental Build of configuration Debug for project test-19 ****
make -j16 all 
arm-none-eabi-size  test-19.elf 
   text	   data	    bss	    dec	    hex	filename
  70124	   1172	   2988	  74284	  1222c	test-19.elf
Finished building: default.size.stdout
 
12:58:16 **** Incremental Build of configuration Debug for project test-19 ****
make -j16 all 
arm-none-eabi-g++ "../Core/Src/main.cpp" -mcpu=cortex-m4 -std=gnu++14 -g3 -DDEBUG -DUSE_HAL_DRIVER -DSTM32F411xE -c -I../Core/Inc -I../Drivers/VL53L0X/platform/src -I../Drivers/VL53L0X/platform/inc -I../Drivers/VL53L0X/core/inc -I../Drivers/VL53L0X/core/src -I../Drivers/STM32F4xx_HAL_Driver/Inc -I../Drivers/STM32F4xx_HAL_Driver/Inc/Legacy -I../Drivers/CMSIS/Device/ST/STM32F4xx/Include -I../Drivers/CMSIS/Include -O0 -ffunction-sections -fdata-sections -fno-exceptions -fno-rtti -fno-use-cxa-atexit -Wall -fstack-usage -fcyclomatic-complexity -MMD -MP -MF"Core/Src/main.d" -MT"Core/Src/main.o" --specs=nano.specs -mfpu=fpv4-sp-d16 -mfloat-abi=hard -mthumb -o "Core/Src/main.o"
arm-none-eabi-g++ -o "test-19.elf" @"objects.list"   -mcpu=cortex-m4 -T"C:\Users\Max\OneDrive - Cal Poly\Documents\5 Hobbies\1 Coding\Mechatronics Codebases\ME 507 Codebase\test-19\STM32F411CEUX_FLASH.ld" --specs=nosys.specs -Wl,-Map="test-19.map" -Wl,--gc-sections -static -u _printf_float --specs=nano.specs -mfpu=fpv4-sp-d16 -mfloat-abi=hard -mthumb -Wl,--start-group -lc -lm -lstdc++ -lsupc++ -Wl,--end-group
Finished building target: test-19.elf
 
arm-none-eabi-size  test-19.elf 
arm-none-eabi-objdump -h -S test-19.elf  > "test-19.list"
   text	   data	    bss	    dec	    hex	filename
  70292	   1172	   2988	  74452	  122d4	test-19.elf
Finished building: default.size.stdout
 
Finished building: test-19.list
 
12:58:24 **** Incremental Build of configuration Debug for project test-19 ****
make -j16 all 
arm-none-eabi-size  test-19.elf 
   text	   data	    bss	    dec	    hex	filename
  70292	   1172	   2988	  74452	  122d4	test-19.elf
Finished building: default.size.stdout
 
12:59:13 **** Incremental Build of configuration Debug for project test-19 ****
make -j16 all 
arm-none-eabi-g++ "../Core/Src/main.cpp" -mcpu=cortex-m4 -std=gnu++14 -g3 -DDEBUG -DUSE_HAL_DRIVER -DSTM32F411xE -c -I../Core/Inc -I../Drivers/VL53L0X/platform/src -I../Drivers/VL53L0X/platform/inc -I../Drivers/VL53L0X/core/inc -I../Drivers/VL53L0X/core/src -I../Drivers/STM32F4xx_HAL_Driver/Inc -I../Drivers/STM32F4xx_HAL_Driver/Inc/Legacy -I../Drivers/CMSIS/Device/ST/STM32F4xx/Include -I../Drivers/CMSIS/Include -O0 -ffunction-sections -fdata-sections -fno-exceptions -fno-rtti -fno-use-cxa-atexit -Wall -fstack-usage -fcyclomatic-complexity -MMD -MP -MF"Core/Src/main.d" -MT"Core/Src/main.o" --specs=nano.specs -mfpu=fpv4-sp-d16 -mfloat-abi=hard -mthumb -o "Core/Src/main.o"
arm-none-eabi-g++ -o "test-19.elf" @"objects.list"   -mcpu=cortex-m4 -T"C:\Users\Max\OneDrive - Cal Poly\Documents\5 Hobbies\1 Coding\Mechatronics Codebases\ME 507 Codebase\test-19\STM32F411CEUX_FLASH.ld" --specs=nosys.specs -Wl,-Map="test-19.map" -Wl,--gc-sections -static -u _printf_float --specs=nano.specs -mfpu=fpv4-sp-d16 -mfloat-abi=hard -mthumb -Wl,--start-group -lc -lm -lstdc++ -lsupc++ -Wl,--end-group
Finished building target: test-19.elf
 
arm-none-eabi-size  test-19.elf 
arm-none-eabi-objdump -h -S test-19.elf  > "test-19.list"
   text	   data	    bss	    dec	    hex	filename
  70100	   1172	   2988	  74260	  12214	test-19.elf
Finished building: default.size.stdout
 
Finished building: test-19.list
 
13:00:30 **** Incremental Build of configuration Debug for project test-19 ****
make -j16 all 
arm-none-eabi-g++ "../Core/Src/main.cpp" -mcpu=cortex-m4 -std=gnu++14 -g3 -DDEBUG -DUSE_HAL_DRIVER -DSTM32F411xE -c -I../Core/Inc -I../Drivers/VL53L0X/platform/src -I../Drivers/VL53L0X/platform/inc -I../Drivers/VL53L0X/core/inc -I../Drivers/VL53L0X/core/src -I../Drivers/STM32F4xx_HAL_Driver/Inc -I../Drivers/STM32F4xx_HAL_Driver/Inc/Legacy -I../Drivers/CMSIS/Device/ST/STM32F4xx/Include -I../Drivers/CMSIS/Include -O0 -ffunction-sections -fdata-sections -fno-exceptions -fno-rtti -fno-use-cxa-atexit -Wall -fstack-usage -fcyclomatic-complexity -MMD -MP -MF"Core/Src/main.d" -MT"Core/Src/main.o" --specs=nano.specs -mfpu=fpv4-sp-d16 -mfloat-abi=hard -mthumb -o "Core/Src/main.o"
arm-none-eabi-g++ -o "test-19.elf" @"objects.list"   -mcpu=cortex-m4 -T"C:\Users\Max\OneDrive - Cal Poly\Documents\5 Hobbies\1 Coding\Mechatronics Codebases\ME 507 Codebase\test-19\STM32F411CEUX_FLASH.ld" --specs=nosys.specs -Wl,-Map="test-19.map" -Wl,--gc-sections -static -u _printf_float --specs=nano.specs -mfpu=fpv4-sp-d16 -mfloat-abi=hard -mthumb -Wl,--start-group -lc -lm -lstdc++ -lsupc++ -Wl,--end-group
Finished building target: test-19.elf
 
arm-none-eabi-size  test-19.elf 
arm-none-eabi-objdump -h -S test-19.elf  > "test-19.list"
   text	   data	    bss	    dec	    hex	filename
  70100	   1172	   2988	  74260	  12214	test-19.elf
Finished building: default.size.stdout
 
Finished building: test-19.list
 
13:03:44 **** Incremental Build of configuration Debug for project test-19 ****
make -j16 all 
arm-none-eabi-g++ "../Core/Src/main.cpp" -mcpu=cortex-m4 -std=gnu++14 -g3 -DDEBUG -DUSE_HAL_DRIVER -DSTM32F411xE -c -I../Core/Inc -I../Drivers/VL53L0X/platform/src -I../Drivers/VL53L0X/platform/inc -I../Drivers/VL53L0X/core/inc -I../Drivers/VL53L0X/core/src -I../Drivers/STM32F4xx_HAL_Driver/Inc -I../Drivers/STM32F4xx_HAL_Driver/Inc/Legacy -I../Drivers/CMSIS/Device/ST/STM32F4xx/Include -I../Drivers/CMSIS/Include -O0 -ffunction-sections -fdata-sections -fno-exceptions -fno-rtti -fno-use-cxa-atexit -Wall -fstack-usage -fcyclomatic-complexity -MMD -MP -MF"Core/Src/main.d" -MT"Core/Src/main.o" --specs=nano.specs -mfpu=fpv4-sp-d16 -mfloat-abi=hard -mthumb -o "Core/Src/main.o"
../Core/Src/main.cpp: In function 'int main()':
../Core/Src/main.cpp:340:45: error: unable to find numeric literal operator 'operator""f'
  340 |   float distance_from_ToF_to_color_sensor = 42f;
      |                                             ^~~
make: *** [Core/Src/subdir.mk:68: Core/Src/main.o] Error 1
"make -j16 all" terminated with exit code 2. Build might be incomplete.
13:03:52 **** Incremental Build of configuration Debug for project test-19 ****
make -j16 all 
arm-none-eabi-g++ "../Core/Src/main.cpp" -mcpu=cortex-m4 -std=gnu++14 -g3 -DDEBUG -DUSE_HAL_DRIVER -DSTM32F411xE -c -I../Core/Inc -I../Drivers/VL53L0X/platform/src -I../Drivers/VL53L0X/platform/inc -I../Drivers/VL53L0X/core/inc -I../Drivers/VL53L0X/core/src -I../Drivers/STM32F4xx_HAL_Driver/Inc -I../Drivers/STM32F4xx_HAL_Driver/Inc/Legacy -I../Drivers/CMSIS/Device/ST/STM32F4xx/Include -I../Drivers/CMSIS/Include -O0 -ffunction-sections -fdata-sections -fno-exceptions -fno-rtti -fno-use-cxa-atexit -Wall -fstack-usage -fcyclomatic-complexity -MMD -MP -MF"Core/Src/main.d" -MT"Core/Src/main.o" --specs=nano.specs -mfpu=fpv4-sp-d16 -mfloat-abi=hard -mthumb -o "Core/Src/main.o"
arm-none-eabi-g++ -o "test-19.elf" @"objects.list"   -mcpu=cortex-m4 -T"C:\Users\Max\OneDrive - Cal Poly\Documents\5 Hobbies\1 Coding\Mechatronics Codebases\ME 507 Codebase\test-19\STM32F411CEUX_FLASH.ld" --specs=nosys.specs -Wl,-Map="test-19.map" -Wl,--gc-sections -static -u _printf_float --specs=nano.specs -mfpu=fpv4-sp-d16 -mfloat-abi=hard -mthumb -Wl,--start-group -lc -lm -lstdc++ -lsupc++ -Wl,--end-group
Finished building target: test-19.elf
 
arm-none-eabi-size  test-19.elf 
arm-none-eabi-objdump -h -S test-19.elf  > "test-19.list"
   text	   data	    bss	    dec	    hex	filename
  70100	   1172	   2988	  74260	  12214	test-19.elf
Finished building: default.size.stdout
 
Finished building: test-19.list
 
13:05:07 **** Incremental Build of configuration Debug for project test-19 ****
make -j16 all 
arm-none-eabi-g++ "../Core/Src/main.cpp" -mcpu=cortex-m4 -std=gnu++14 -g3 -DDEBUG -DUSE_HAL_DRIVER -DSTM32F411xE -c -I../Core/Inc -I../Drivers/VL53L0X/platform/src -I../Drivers/VL53L0X/platform/inc -I../Drivers/VL53L0X/core/inc -I../Drivers/VL53L0X/core/src -I../Drivers/STM32F4xx_HAL_Driver/Inc -I../Drivers/STM32F4xx_HAL_Driver/Inc/Legacy -I../Drivers/CMSIS/Device/ST/STM32F4xx/Include -I../Drivers/CMSIS/Include -O0 -ffunction-sections -fdata-sections -fno-exceptions -fno-rtti -fno-use-cxa-atexit -Wall -fstack-usage -fcyclomatic-complexity -MMD -MP -MF"Core/Src/main.d" -MT"Core/Src/main.o" --specs=nano.specs -mfpu=fpv4-sp-d16 -mfloat-abi=hard -mthumb -o "Core/Src/main.o"
arm-none-eabi-g++ -o "test-19.elf" @"objects.list"   -mcpu=cortex-m4 -T"C:\Users\Max\OneDrive - Cal Poly\Documents\5 Hobbies\1 Coding\Mechatronics Codebases\ME 507 Codebase\test-19\STM32F411CEUX_FLASH.ld" --specs=nosys.specs -Wl,-Map="test-19.map" -Wl,--gc-sections -static -u _printf_float --specs=nano.specs -mfpu=fpv4-sp-d16 -mfloat-abi=hard -mthumb -Wl,--start-group -lc -lm -lstdc++ -lsupc++ -Wl,--end-group
Finished building target: test-19.elf
 
arm-none-eabi-size  test-19.elf 
arm-none-eabi-objdump -h -S test-19.elf  > "test-19.list"
   text	   data	    bss	    dec	    hex	filename
  70100	   1172	   2988	  74260	  12214	test-19.elf
Finished building: default.size.stdout
 
Finished building: test-19.list
 
13:06:01 **** Incremental Build of configuration Debug for project test-19 ****
make -j16 all 
arm-none-eabi-g++ "../Core/Src/main.cpp" -mcpu=cortex-m4 -std=gnu++14 -g3 -DDEBUG -DUSE_HAL_DRIVER -DSTM32F411xE -c -I../Core/Inc -I../Drivers/VL53L0X/platform/src -I../Drivers/VL53L0X/platform/inc -I../Drivers/VL53L0X/core/inc -I../Drivers/VL53L0X/core/src -I../Drivers/STM32F4xx_HAL_Driver/Inc -I../Drivers/STM32F4xx_HAL_Driver/Inc/Legacy -I../Drivers/CMSIS/Device/ST/STM32F4xx/Include -I../Drivers/CMSIS/Include -O0 -ffunction-sections -fdata-sections -fno-exceptions -fno-rtti -fno-use-cxa-atexit -Wall -fstack-usage -fcyclomatic-complexity -MMD -MP -MF"Core/Src/main.d" -MT"Core/Src/main.o" --specs=nano.specs -mfpu=fpv4-sp-d16 -mfloat-abi=hard -mthumb -o "Core/Src/main.o"
arm-none-eabi-g++ -o "test-19.elf" @"objects.list"   -mcpu=cortex-m4 -T"C:\Users\Max\OneDrive - Cal Poly\Documents\5 Hobbies\1 Coding\Mechatronics Codebases\ME 507 Codebase\test-19\STM32F411CEUX_FLASH.ld" --specs=nosys.specs -Wl,-Map="test-19.map" -Wl,--gc-sections -static -u _printf_float --specs=nano.specs -mfpu=fpv4-sp-d16 -mfloat-abi=hard -mthumb -Wl,--start-group -lc -lm -lstdc++ -lsupc++ -Wl,--end-group
Finished building target: test-19.elf
 
arm-none-eabi-size  test-19.elf 
arm-none-eabi-objdump -h -S test-19.elf  > "test-19.list"
   text	   data	    bss	    dec	    hex	filename
  70100	   1172	   2988	  74260	  12214	test-19.elf
Finished building: default.size.stdout
 
Finished building: test-19.list
 
13:07:52 **** Incremental Build of configuration Debug for project test-19 ****
make -j16 all 
arm-none-eabi-g++ "../Core/Src/main.cpp" -mcpu=cortex-m4 -std=gnu++14 -g3 -DDEBUG -DUSE_HAL_DRIVER -DSTM32F411xE -c -I../Core/Inc -I../Drivers/VL53L0X/platform/src -I../Drivers/VL53L0X/platform/inc -I../Drivers/VL53L0X/core/inc -I../Drivers/VL53L0X/core/src -I../Drivers/STM32F4xx_HAL_Driver/Inc -I../Drivers/STM32F4xx_HAL_Driver/Inc/Legacy -I../Drivers/CMSIS/Device/ST/STM32F4xx/Include -I../Drivers/CMSIS/Include -O0 -ffunction-sections -fdata-sections -fno-exceptions -fno-rtti -fno-use-cxa-atexit -Wall -fstack-usage -fcyclomatic-complexity -MMD -MP -MF"Core/Src/main.d" -MT"Core/Src/main.o" --specs=nano.specs -mfpu=fpv4-sp-d16 -mfloat-abi=hard -mthumb -o "Core/Src/main.o"
arm-none-eabi-g++ -o "test-19.elf" @"objects.list"   -mcpu=cortex-m4 -T"C:\Users\Max\OneDrive - Cal Poly\Documents\5 Hobbies\1 Coding\Mechatronics Codebases\ME 507 Codebase\test-19\STM32F411CEUX_FLASH.ld" --specs=nosys.specs -Wl,-Map="test-19.map" -Wl,--gc-sections -static -u _printf_float --specs=nano.specs -mfpu=fpv4-sp-d16 -mfloat-abi=hard -mthumb -Wl,--start-group -lc -lm -lstdc++ -lsupc++ -Wl,--end-group
Finished building target: test-19.elf
 
arm-none-eabi-size  test-19.elf 
arm-none-eabi-objdump -h -S test-19.elf  > "test-19.list"
   text	   data	    bss	    dec	    hex	filename
  70100	   1172	   2988	  74260	  12214	test-19.elf
Finished building: default.size.stdout
 
Finished building: test-19.list
 
13:08:00 **** Incremental Build of configuration Debug for project test-19 ****
make -j16 all 
arm-none-eabi-size  test-19.elf 
   text	   data	    bss	    dec	    hex	filename
  70100	   1172	   2988	  74260	  12214	test-19.elf
Finished building: default.size.stdout
 
13:08:57 **** Incremental Build of configuration Debug for project test-19 ****
make -j16 all 
arm-none-eabi-g++ "../Core/Src/main.cpp" -mcpu=cortex-m4 -std=gnu++14 -g3 -DDEBUG -DUSE_HAL_DRIVER -DSTM32F411xE -c -I../Core/Inc -I../Drivers/VL53L0X/platform/src -I../Drivers/VL53L0X/platform/inc -I../Drivers/VL53L0X/core/inc -I../Drivers/VL53L0X/core/src -I../Drivers/STM32F4xx_HAL_Driver/Inc -I../Drivers/STM32F4xx_HAL_Driver/Inc/Legacy -I../Drivers/CMSIS/Device/ST/STM32F4xx/Include -I../Drivers/CMSIS/Include -O0 -ffunction-sections -fdata-sections -fno-exceptions -fno-rtti -fno-use-cxa-atexit -Wall -fstack-usage -fcyclomatic-complexity -MMD -MP -MF"Core/Src/main.d" -MT"Core/Src/main.o" --specs=nano.specs -mfpu=fpv4-sp-d16 -mfloat-abi=hard -mthumb -o "Core/Src/main.o"
arm-none-eabi-g++ -o "test-19.elf" @"objects.list"   -mcpu=cortex-m4 -T"C:\Users\Max\OneDrive - Cal Poly\Documents\5 Hobbies\1 Coding\Mechatronics Codebases\ME 507 Codebase\test-19\STM32F411CEUX_FLASH.ld" --specs=nosys.specs -Wl,-Map="test-19.map" -Wl,--gc-sections -static -u _printf_float --specs=nano.specs -mfpu=fpv4-sp-d16 -mfloat-abi=hard -mthumb -Wl,--start-group -lc -lm -lstdc++ -lsupc++ -Wl,--end-group
Finished building target: test-19.elf
 
arm-none-eabi-size  test-19.elf 
arm-none-eabi-objdump -h -S test-19.elf  > "test-19.list"
   text	   data	    bss	    dec	    hex	filename
  70060	   1172	   2988	  74220	  121ec	test-19.elf
Finished building: default.size.stdout
 
Finished building: test-19.list
 
