19:34:33 **** Incremental Build of configuration Debug for project test-18 ****
make -j16 all 
arm-none-eabi-g++ "../Core/Src/RemoteControlControl.cpp" -mcpu=cortex-m4 -std=gnu++14 -g3 -DDEBUG -DUSE_HAL_DRIVER -DSTM32F411xE -c -I../Core/Inc -I../Drivers/STM32F4xx_HAL_Driver/Inc -I../Drivers/STM32F4xx_HAL_Driver/Inc/Legacy -I../Drivers/CMSIS/Device/ST/STM32F4xx/Include -I../Drivers/CMSIS/Include -O0 -ffunction-sections -fdata-sections -fno-exceptions -fno-rtti -fno-use-cxa-atexit -Wall -fstack-usage -fcyclomatic-complexity -MMD -MP -MF"Core/Src/RemoteControlControl.d" -MT"Core/Src/RemoteControlControl.o" --specs=nano.specs -mfpu=fpv4-sp-d16 -mfloat-abi=hard -mthumb -o "Core/Src/RemoteControlControl.o"
arm-none-eabi-g++ "../Core/Src/TB6612FNG_Motor.cpp" -mcpu=cortex-m4 -std=gnu++14 -g3 -DDEBUG -DUSE_HAL_DRIVER -DSTM32F411xE -c -I../Core/Inc -I../Drivers/STM32F4xx_HAL_Driver/Inc -I../Drivers/STM32F4xx_HAL_Driver/Inc/Legacy -I../Drivers/CMSIS/Device/ST/STM32F4xx/Include -I../Drivers/CMSIS/Include -O0 -ffunction-sections -fdata-sections -fno-exceptions -fno-rtti -fno-use-cxa-atexit -Wall -fstack-usage -fcyclomatic-complexity -MMD -MP -MF"Core/Src/TB6612FNG_Motor.d" -MT"Core/Src/TB6612FNG_Motor.o" --specs=nano.specs -mfpu=fpv4-sp-d16 -mfloat-abi=hard -mthumb -o "Core/Src/TB6612FNG_Motor.o"
arm-none-eabi-g++ "../Core/Src/main.cpp" -mcpu=cortex-m4 -std=gnu++14 -g3 -DDEBUG -DUSE_HAL_DRIVER -DSTM32F411xE -c -I../Core/Inc -I../Drivers/STM32F4xx_HAL_Driver/Inc -I../Drivers/STM32F4xx_HAL_Driver/Inc/Legacy -I../Drivers/CMSIS/Device/ST/STM32F4xx/Include -I../Drivers/CMSIS/Include -O0 -ffunction-sections -fdata-sections -fno-exceptions -fno-rtti -fno-use-cxa-atexit -Wall -fstack-usage -fcyclomatic-complexity -MMD -MP -MF"Core/Src/main.d" -MT"Core/Src/main.o" --specs=nano.specs -mfpu=fpv4-sp-d16 -mfloat-abi=hard -mthumb -o "Core/Src/main.o"
arm-none-eabi-g++ -o "test-18.elf" @"objects.list"   -mcpu=cortex-m4 -T"C:\Users\Max\OneDrive - Cal Poly\Documents\5 Hobbies\1 Coding\Mechatronics Codebases\ME 507 Codebase\test-18\STM32F411CEUX_FLASH.ld" --specs=nosys.specs -Wl,-Map="test-18.map" -Wl,--gc-sections -static --specs=nano.specs -mfpu=fpv4-sp-d16 -mfloat-abi=hard -mthumb -Wl,--start-group -lc -lm -lstdc++ -lsupc++ -Wl,--end-group
Finished building target: test-18.elf
 
arm-none-eabi-size  test-18.elf 
arm-none-eabi-objdump -h -S test-18.elf  > "test-18.list"
   text	   data	    bss	    dec	    hex	filename
  21932	     92	   2324	  24348	   5f1c	test-18.elf
Finished building: default.size.stdout
 
Finished building: test-18.list
 
19:34:35 **** Incremental Build of configuration Debug for project test-18 ****
make -j16 all 
arm-none-eabi-size  test-18.elf 
   text	   data	    bss	    dec	    hex	filename
  21932	     92	   2324	  24348	   5f1c	test-18.elf
Finished building: default.size.stdout
 
19:35:31 **** Incremental Build of configuration Debug for project test-18 ****
make -j16 all 
arm-none-eabi-g++ "../Core/Src/main.cpp" -mcpu=cortex-m4 -std=gnu++14 -g3 -DDEBUG -DUSE_HAL_DRIVER -DSTM32F411xE -c -I../Core/Inc -I../Drivers/STM32F4xx_HAL_Driver/Inc -I../Drivers/STM32F4xx_HAL_Driver/Inc/Legacy -I../Drivers/CMSIS/Device/ST/STM32F4xx/Include -I../Drivers/CMSIS/Include -O0 -ffunction-sections -fdata-sections -fno-exceptions -fno-rtti -fno-use-cxa-atexit -Wall -fstack-usage -fcyclomatic-complexity -MMD -MP -MF"Core/Src/main.d" -MT"Core/Src/main.o" --specs=nano.specs -mfpu=fpv4-sp-d16 -mfloat-abi=hard -mthumb -o "Core/Src/main.o"
arm-none-eabi-g++ -o "test-18.elf" @"objects.list"   -mcpu=cortex-m4 -T"C:\Users\Max\OneDrive - Cal Poly\Documents\5 Hobbies\1 Coding\Mechatronics Codebases\ME 507 Codebase\test-18\STM32F411CEUX_FLASH.ld" --specs=nosys.specs -Wl,-Map="test-18.map" -Wl,--gc-sections -static --specs=nano.specs -mfpu=fpv4-sp-d16 -mfloat-abi=hard -mthumb -Wl,--start-group -lc -lm -lstdc++ -lsupc++ -Wl,--end-group
Finished building target: test-18.elf
 
arm-none-eabi-size  test-18.elf 
arm-none-eabi-objdump -h -S test-18.elf  > "test-18.list"
   text	   data	    bss	    dec	    hex	filename
  21952	     92	   2324	  24368	   5f30	test-18.elf
Finished building: default.size.stdout
 
Finished building: test-18.list
 
19:37:28 **** Incremental Build of configuration Debug for project test-18 ****
make -j16 all 
arm-none-eabi-g++ "../Core/Src/TB6612FNG_Motor.cpp" -mcpu=cortex-m4 -std=gnu++14 -g3 -DDEBUG -DUSE_HAL_DRIVER -DSTM32F411xE -c -I../Core/Inc -I../Drivers/STM32F4xx_HAL_Driver/Inc -I../Drivers/STM32F4xx_HAL_Driver/Inc/Legacy -I../Drivers/CMSIS/Device/ST/STM32F4xx/Include -I../Drivers/CMSIS/Include -O0 -ffunction-sections -fdata-sections -fno-exceptions -fno-rtti -fno-use-cxa-atexit -Wall -fstack-usage -fcyclomatic-complexity -MMD -MP -MF"Core/Src/TB6612FNG_Motor.d" -MT"Core/Src/TB6612FNG_Motor.o" --specs=nano.specs -mfpu=fpv4-sp-d16 -mfloat-abi=hard -mthumb -o "Core/Src/TB6612FNG_Motor.o"
arm-none-eabi-g++ -o "test-18.elf" @"objects.list"   -mcpu=cortex-m4 -T"C:\Users\Max\OneDrive - Cal Poly\Documents\5 Hobbies\1 Coding\Mechatronics Codebases\ME 507 Codebase\test-18\STM32F411CEUX_FLASH.ld" --specs=nosys.specs -Wl,-Map="test-18.map" -Wl,--gc-sections -static --specs=nano.specs -mfpu=fpv4-sp-d16 -mfloat-abi=hard -mthumb -Wl,--start-group -lc -lm -lstdc++ -lsupc++ -Wl,--end-group
Finished building target: test-18.elf
 
arm-none-eabi-size  test-18.elf 
arm-none-eabi-objdump -h -S test-18.elf  > "test-18.list"
   text	   data	    bss	    dec	    hex	filename
  21952	     92	   2324	  24368	   5f30	test-18.elf
Finished building: default.size.stdout
 
Finished building: test-18.list
 
19:37:51 **** Incremental Build of configuration Debug for project test-18 ****
make -j16 all 
arm-none-eabi-g++ "../Core/Src/main.cpp" -mcpu=cortex-m4 -std=gnu++14 -g3 -DDEBUG -DUSE_HAL_DRIVER -DSTM32F411xE -c -I../Core/Inc -I../Drivers/STM32F4xx_HAL_Driver/Inc -I../Drivers/STM32F4xx_HAL_Driver/Inc/Legacy -I../Drivers/CMSIS/Device/ST/STM32F4xx/Include -I../Drivers/CMSIS/Include -O0 -ffunction-sections -fdata-sections -fno-exceptions -fno-rtti -fno-use-cxa-atexit -Wall -fstack-usage -fcyclomatic-complexity -MMD -MP -MF"Core/Src/main.d" -MT"Core/Src/main.o" --specs=nano.specs -mfpu=fpv4-sp-d16 -mfloat-abi=hard -mthumb -o "Core/Src/main.o"
arm-none-eabi-g++ -o "test-18.elf" @"objects.list"   -mcpu=cortex-m4 -T"C:\Users\Max\OneDrive - Cal Poly\Documents\5 Hobbies\1 Coding\Mechatronics Codebases\ME 507 Codebase\test-18\STM32F411CEUX_FLASH.ld" --specs=nosys.specs -Wl,-Map="test-18.map" -Wl,--gc-sections -static --specs=nano.specs -mfpu=fpv4-sp-d16 -mfloat-abi=hard -mthumb -Wl,--start-group -lc -lm -lstdc++ -lsupc++ -Wl,--end-group
Finished building target: test-18.elf
 
arm-none-eabi-size  test-18.elf 
arm-none-eabi-objdump -h -S test-18.elf  > "test-18.list"
   text	   data	    bss	    dec	    hex	filename
  21932	     92	   2324	  24348	   5f1c	test-18.elf
Finished building: default.size.stdout
 
Finished building: test-18.list
 
19:39:59 **** Incremental Build of configuration Debug for project test-18 ****
make -j16 all 
arm-none-eabi-g++ "../Core/Src/main.cpp" -mcpu=cortex-m4 -std=gnu++14 -g3 -DDEBUG -DUSE_HAL_DRIVER -DSTM32F411xE -c -I../Core/Inc -I../Drivers/STM32F4xx_HAL_Driver/Inc -I../Drivers/STM32F4xx_HAL_Driver/Inc/Legacy -I../Drivers/CMSIS/Device/ST/STM32F4xx/Include -I../Drivers/CMSIS/Include -O0 -ffunction-sections -fdata-sections -fno-exceptions -fno-rtti -fno-use-cxa-atexit -Wall -fstack-usage -fcyclomatic-complexity -MMD -MP -MF"Core/Src/main.d" -MT"Core/Src/main.o" --specs=nano.specs -mfpu=fpv4-sp-d16 -mfloat-abi=hard -mthumb -o "Core/Src/main.o"
arm-none-eabi-g++ -o "test-18.elf" @"objects.list"   -mcpu=cortex-m4 -T"C:\Users\Max\OneDrive - Cal Poly\Documents\5 Hobbies\1 Coding\Mechatronics Codebases\ME 507 Codebase\test-18\STM32F411CEUX_FLASH.ld" --specs=nosys.specs -Wl,-Map="test-18.map" -Wl,--gc-sections -static --specs=nano.specs -mfpu=fpv4-sp-d16 -mfloat-abi=hard -mthumb -Wl,--start-group -lc -lm -lstdc++ -lsupc++ -Wl,--end-group
Finished building target: test-18.elf
 
arm-none-eabi-size  test-18.elf 
arm-none-eabi-objdump -h -S test-18.elf  > "test-18.list"
   text	   data	    bss	    dec	    hex	filename
  21912	     92	   2324	  24328	   5f08	test-18.elf
Finished building: default.size.stdout
 
Finished building: test-18.list
 
19:40:57 **** Incremental Build of configuration Debug for project test-18 ****
make -j16 all 
arm-none-eabi-g++ "../Core/Src/TB6612FNG_Motor.cpp" -mcpu=cortex-m4 -std=gnu++14 -g3 -DDEBUG -DUSE_HAL_DRIVER -DSTM32F411xE -c -I../Core/Inc -I../Drivers/STM32F4xx_HAL_Driver/Inc -I../Drivers/STM32F4xx_HAL_Driver/Inc/Legacy -I../Drivers/CMSIS/Device/ST/STM32F4xx/Include -I../Drivers/CMSIS/Include -O0 -ffunction-sections -fdata-sections -fno-exceptions -fno-rtti -fno-use-cxa-atexit -Wall -fstack-usage -fcyclomatic-complexity -MMD -MP -MF"Core/Src/TB6612FNG_Motor.d" -MT"Core/Src/TB6612FNG_Motor.o" --specs=nano.specs -mfpu=fpv4-sp-d16 -mfloat-abi=hard -mthumb -o "Core/Src/TB6612FNG_Motor.o"
arm-none-eabi-g++ -o "test-18.elf" @"objects.list"   -mcpu=cortex-m4 -T"C:\Users\Max\OneDrive - Cal Poly\Documents\5 Hobbies\1 Coding\Mechatronics Codebases\ME 507 Codebase\test-18\STM32F411CEUX_FLASH.ld" --specs=nosys.specs -Wl,-Map="test-18.map" -Wl,--gc-sections -static --specs=nano.specs -mfpu=fpv4-sp-d16 -mfloat-abi=hard -mthumb -Wl,--start-group -lc -lm -lstdc++ -lsupc++ -Wl,--end-group
Finished building target: test-18.elf
 
arm-none-eabi-size  test-18.elf 
arm-none-eabi-objdump -h -S test-18.elf  > "test-18.list"
   text	   data	    bss	    dec	    hex	filename
  21920	     92	   2324	  24336	   5f10	test-18.elf
Finished building: default.size.stdout
 
Finished building: test-18.list
 
19:43:32 **** Incremental Build of configuration Debug for project test-18 ****
make -j16 all 
arm-none-eabi-g++ "../Core/Src/TB6612FNG_Motor.cpp" -mcpu=cortex-m4 -std=gnu++14 -g3 -DDEBUG -DUSE_HAL_DRIVER -DSTM32F411xE -c -I../Core/Inc -I../Drivers/STM32F4xx_HAL_Driver/Inc -I../Drivers/STM32F4xx_HAL_Driver/Inc/Legacy -I../Drivers/CMSIS/Device/ST/STM32F4xx/Include -I../Drivers/CMSIS/Include -O0 -ffunction-sections -fdata-sections -fno-exceptions -fno-rtti -fno-use-cxa-atexit -Wall -fstack-usage -fcyclomatic-complexity -MMD -MP -MF"Core/Src/TB6612FNG_Motor.d" -MT"Core/Src/TB6612FNG_Motor.o" --specs=nano.specs -mfpu=fpv4-sp-d16 -mfloat-abi=hard -mthumb -o "Core/Src/TB6612FNG_Motor.o"
arm-none-eabi-g++ -o "test-18.elf" @"objects.list"   -mcpu=cortex-m4 -T"C:\Users\Max\OneDrive - Cal Poly\Documents\5 Hobbies\1 Coding\Mechatronics Codebases\ME 507 Codebase\test-18\STM32F411CEUX_FLASH.ld" --specs=nosys.specs -Wl,-Map="test-18.map" -Wl,--gc-sections -static --specs=nano.specs -mfpu=fpv4-sp-d16 -mfloat-abi=hard -mthumb -Wl,--start-group -lc -lm -lstdc++ -lsupc++ -Wl,--end-group
Finished building target: test-18.elf
 
arm-none-eabi-size  test-18.elf 
arm-none-eabi-objdump -h -S test-18.elf  > "test-18.list"
   text	   data	    bss	    dec	    hex	filename
  21912	     92	   2324	  24328	   5f08	test-18.elf
Finished building: default.size.stdout
 
Finished building: test-18.list
 
