13:27:22 **** Incremental Build of configuration Debug for project test-19 ****
make -j16 all 
arm-none-eabi-g++ "../Core/Src/main.cpp" -mcpu=cortex-m4 -std=gnu++14 -g3 -DDEBUG -DUSE_HAL_DRIVER -DSTM32F411xE -c -I../Core/Inc -I../Drivers/VL53L0X/platform/src -I../Drivers/VL53L0X/platform/inc -I../Drivers/VL53L0X/core/inc -I../Drivers/VL53L0X/core/src -I../Drivers/STM32F4xx_HAL_Driver/Inc -I../Drivers/STM32F4xx_HAL_Driver/Inc/Legacy -I../Drivers/CMSIS/Device/ST/STM32F4xx/Include -I../Drivers/CMSIS/Include -O0 -ffunction-sections -fdata-sections -fno-exceptions -fno-rtti -fno-use-cxa-atexit -Wall -fstack-usage -fcyclomatic-complexity -MMD -MP -MF"Core/Src/main.d" -MT"Core/Src/main.o" --specs=nano.specs -mfpu=fpv4-sp-d16 -mfloat-abi=hard -mthumb -o "Core/Src/main.o"
arm-none-eabi-g++ -o "test-19.elf" @"objects.list"   -mcpu=cortex-m4 -T"C:\Users\Max\OneDrive - Cal Poly\Documents\5 Hobbies\1 Coding\Mechatronics Codebases\ME 507 Codebase\test-19\STM32F411CEUX_FLASH.ld" --specs=nosys.specs -Wl,-Map="test-19.map" -Wl,--gc-sections -static -u _printf_float --specs=nano.specs -mfpu=fpv4-sp-d16 -mfloat-abi=hard -mthumb -Wl,--start-group -lc -lm -lstdc++ -lsupc++ -Wl,--end-group
Finished building target: test-19.elf
 
arm-none-eabi-size  test-19.elf 
arm-none-eabi-objdump -h -S test-19.elf  > "test-19.list"
   text	   data	    bss	    dec	    hex	filename
  70396	   1172	   2988	  74556	  1233c	test-19.elf
Finished building: default.size.stdout
 
Finished building: test-19.list
 
13:27:24 **** Incremental Build of configuration Debug for project test-19 ****
make -j16 all 
arm-none-eabi-size  test-19.elf 
   text	   data	    bss	    dec	    hex	filename
  70396	   1172	   2988	  74556	  1233c	test-19.elf
Finished building: default.size.stdout
 
13:28:18 **** Incremental Build of configuration Debug for project test-19 ****
make -j16 all 
arm-none-eabi-g++ "../Core/Src/main.cpp" -mcpu=cortex-m4 -std=gnu++14 -g3 -DDEBUG -DUSE_HAL_DRIVER -DSTM32F411xE -c -I../Core/Inc -I../Drivers/VL53L0X/platform/src -I../Drivers/VL53L0X/platform/inc -I../Drivers/VL53L0X/core/inc -I../Drivers/VL53L0X/core/src -I../Drivers/STM32F4xx_HAL_Driver/Inc -I../Drivers/STM32F4xx_HAL_Driver/Inc/Legacy -I../Drivers/CMSIS/Device/ST/STM32F4xx/Include -I../Drivers/CMSIS/Include -O0 -ffunction-sections -fdata-sections -fno-exceptions -fno-rtti -fno-use-cxa-atexit -Wall -fstack-usage -fcyclomatic-complexity -MMD -MP -MF"Core/Src/main.d" -MT"Core/Src/main.o" --specs=nano.specs -mfpu=fpv4-sp-d16 -mfloat-abi=hard -mthumb -o "Core/Src/main.o"
arm-none-eabi-g++ -o "test-19.elf" @"objects.list"   -mcpu=cortex-m4 -T"C:\Users\Max\OneDrive - Cal Poly\Documents\5 Hobbies\1 Coding\Mechatronics Codebases\ME 507 Codebase\test-19\STM32F411CEUX_FLASH.ld" --specs=nosys.specs -Wl,-Map="test-19.map" -Wl,--gc-sections -static -u _printf_float --specs=nano.specs -mfpu=fpv4-sp-d16 -mfloat-abi=hard -mthumb -Wl,--start-group -lc -lm -lstdc++ -lsupc++ -Wl,--end-group
Finished building target: test-19.elf
 
arm-none-eabi-size  test-19.elf 
arm-none-eabi-objdump -h -S test-19.elf  > "test-19.list"
   text	   data	    bss	    dec	    hex	filename
  70396	   1172	   2988	  74556	  1233c	test-19.elf
Finished building: default.size.stdout
 
Finished building: test-19.list
 
13:30:17 **** Incremental Build of configuration Debug for project test-19 ****
make -j16 all 
arm-none-eabi-g++ "../Core/Src/main.cpp" -mcpu=cortex-m4 -std=gnu++14 -g3 -DDEBUG -DUSE_HAL_DRIVER -DSTM32F411xE -c -I../Core/Inc -I../Drivers/VL53L0X/platform/src -I../Drivers/VL53L0X/platform/inc -I../Drivers/VL53L0X/core/inc -I../Drivers/VL53L0X/core/src -I../Drivers/STM32F4xx_HAL_Driver/Inc -I../Drivers/STM32F4xx_HAL_Driver/Inc/Legacy -I../Drivers/CMSIS/Device/ST/STM32F4xx/Include -I../Drivers/CMSIS/Include -O0 -ffunction-sections -fdata-sections -fno-exceptions -fno-rtti -fno-use-cxa-atexit -Wall -fstack-usage -fcyclomatic-complexity -MMD -MP -MF"Core/Src/main.d" -MT"Core/Src/main.o" --specs=nano.specs -mfpu=fpv4-sp-d16 -mfloat-abi=hard -mthumb -o "Core/Src/main.o"
../Core/Src/main.cpp: In function 'int main()':
../Core/Src/main.cpp:380:92: warning: format '%i' expects argument of type 'int', but argument 3 has type 'int32_t' {aka 'long int'} [-Wformat=]
  380 |                                   int string_length = sprintf(my_message, "Channel value: %i/%i.\r\n",ThrottleChannel->value,ThrottleChannel->rescale_forward_magnitude);
      |                                                                                           ~^          ~~~~~~~~~~~~~~~~~~~~~~
      |                                                                                            |                           |
      |                                                                                            int                         int32_t {aka long int}
      |                                                                                           %li
../Core/Src/main.cpp:380:95: warning: format '%i' expects argument of type 'int', but argument 4 has type 'int32_t' {aka 'long int'} [-Wformat=]
  380 |                                   int string_length = sprintf(my_message, "Channel value: %i/%i.\r\n",ThrottleChannel->value,ThrottleChannel->rescale_forward_magnitude);
      |                                                                                              ~^                              ~~~~~~~~~~~~~~~~~~~~~~~~~~~~~~~~~~~~~~~~~~
      |                                                                                               |                                               |
      |                                                                                               int                                             int32_t {aka long int}
      |                                                                                              %li
arm-none-eabi-g++ -o "test-19.elf" @"objects.list"   -mcpu=cortex-m4 -T"C:\Users\Max\OneDrive - Cal Poly\Documents\5 Hobbies\1 Coding\Mechatronics Codebases\ME 507 Codebase\test-19\STM32F411CEUX_FLASH.ld" --specs=nosys.specs -Wl,-Map="test-19.map" -Wl,--gc-sections -static -u _printf_float --specs=nano.specs -mfpu=fpv4-sp-d16 -mfloat-abi=hard -mthumb -Wl,--start-group -lc -lm -lstdc++ -lsupc++ -Wl,--end-group
Finished building target: test-19.elf
 
arm-none-eabi-size  test-19.elf 
arm-none-eabi-objdump -h -S test-19.elf  > "test-19.list"
   text	   data	    bss	    dec	    hex	filename
  70460	   1172	   2988	  74620	  1237c	test-19.elf
Finished building: default.size.stdout
 
Finished building: test-19.list
 
13:31:22 **** Incremental Build of configuration Debug for project test-19 ****
make -j16 all 
arm-none-eabi-g++ "../Core/Src/main.cpp" -mcpu=cortex-m4 -std=gnu++14 -g3 -DDEBUG -DUSE_HAL_DRIVER -DSTM32F411xE -c -I../Core/Inc -I../Drivers/VL53L0X/platform/src -I../Drivers/VL53L0X/platform/inc -I../Drivers/VL53L0X/core/inc -I../Drivers/VL53L0X/core/src -I../Drivers/STM32F4xx_HAL_Driver/Inc -I../Drivers/STM32F4xx_HAL_Driver/Inc/Legacy -I../Drivers/CMSIS/Device/ST/STM32F4xx/Include -I../Drivers/CMSIS/Include -O0 -ffunction-sections -fdata-sections -fno-exceptions -fno-rtti -fno-use-cxa-atexit -Wall -fstack-usage -fcyclomatic-complexity -MMD -MP -MF"Core/Src/main.d" -MT"Core/Src/main.o" --specs=nano.specs -mfpu=fpv4-sp-d16 -mfloat-abi=hard -mthumb -o "Core/Src/main.o"
../Core/Src/main.cpp: In function 'int main()':
../Core/Src/main.cpp:380:92: warning: format '%i' expects argument of type 'int', but argument 3 has type 'int32_t' {aka 'long int'} [-Wformat=]
  380 |                                   int string_length = sprintf(my_message, "Channel value: %i/%i.\r\n",ThrottleChannel->value,ThrottleChannel->rescale_forward_magnitude);
      |                                                                                           ~^          ~~~~~~~~~~~~~~~~~~~~~~
      |                                                                                            |                           |
      |                                                                                            int                         int32_t {aka long int}
      |                                                                                           %li
../Core/Src/main.cpp:380:95: warning: format '%i' expects argument of type 'int', but argument 4 has type 'int32_t' {aka 'long int'} [-Wformat=]
  380 |                                   int string_length = sprintf(my_message, "Channel value: %i/%i.\r\n",ThrottleChannel->value,ThrottleChannel->rescale_forward_magnitude);
      |                                                                                              ~^                              ~~~~~~~~~~~~~~~~~~~~~~~~~~~~~~~~~~~~~~~~~~
      |                                                                                               |                                               |
      |                                                                                               int                                             int32_t {aka long int}
      |                                                                                              %li
arm-none-eabi-g++ -o "test-19.elf" @"objects.list"   -mcpu=cortex-m4 -T"C:\Users\Max\OneDrive - Cal Poly\Documents\5 Hobbies\1 Coding\Mechatronics Codebases\ME 507 Codebase\test-19\STM32F411CEUX_FLASH.ld" --specs=nosys.specs -Wl,-Map="test-19.map" -Wl,--gc-sections -static -u _printf_float --specs=nano.specs -mfpu=fpv4-sp-d16 -mfloat-abi=hard -mthumb -Wl,--start-group -lc -lm -lstdc++ -lsupc++ -Wl,--end-group
Finished building target: test-19.elf
 
arm-none-eabi-size  test-19.elf 
arm-none-eabi-objdump -h -S test-19.elf  > "test-19.list"
   text	   data	    bss	    dec	    hex	filename
  70460	   1172	   2988	  74620	  1237c	test-19.elf
Finished building: default.size.stdout
 
Finished building: test-19.list
 
