21:39:17 **** Incremental Build of configuration Debug for project test-19 ****
make -j16 all 
arm-none-eabi-g++ "../Core/Src/main.cpp" -mcpu=cortex-m4 -std=gnu++14 -g3 -DDEBUG -DUSE_HAL_DRIVER -DSTM32F411xE -c -I../Core/Inc -I../Drivers/STM32F4xx_HAL_Driver/Inc -I../Drivers/STM32F4xx_HAL_Driver/Inc/Legacy -I../Drivers/CMSIS/Device/ST/STM32F4xx/Include -I../Drivers/CMSIS/Include -O0 -ffunction-sections -fdata-sections -fno-exceptions -fno-rtti -fno-use-cxa-atexit -Wall -fstack-usage -fcyclomatic-complexity -MMD -MP -MF"Core/Src/main.d" -MT"Core/Src/main.o" --specs=nano.specs -mfpu=fpv4-sp-d16 -mfloat-abi=hard -mthumb -o "Core/Src/main.o"
arm-none-eabi-g++ -o "test-19.elf" @"objects.list"   -mcpu=cortex-m4 -T"C:\Users\Max\OneDrive - Cal Poly\Documents\5 Hobbies\1 Coding\Mechatronics Codebases\ME 507 Codebase\test-19\STM32F411CEUX_FLASH.ld" --specs=nosys.specs -Wl,-Map="test-19.map" -Wl,--gc-sections -static -u _printf_float --specs=nano.specs -mfpu=fpv4-sp-d16 -mfloat-abi=hard -mthumb -Wl,--start-group -lc -lm -lstdc++ -lsupc++ -Wl,--end-group
Finished building target: test-19.elf
 
arm-none-eabi-size  test-19.elf 
arm-none-eabi-objdump -h -S test-19.elf  > "test-19.list"
   text	   data	    bss	    dec	    hex	filename
  36752	    468	   2332	  39552	   9a80	test-19.elf
Finished building: default.size.stdout
 
Finished building: test-19.list
 
21:39:48 **** Incremental Build of configuration Debug for project test-19 ****
make -j16 all 
arm-none-eabi-g++ "../Core/Src/main.cpp" -mcpu=cortex-m4 -std=gnu++14 -g3 -DDEBUG -DUSE_HAL_DRIVER -DSTM32F411xE -c -I../Core/Inc -I../Drivers/STM32F4xx_HAL_Driver/Inc -I../Drivers/STM32F4xx_HAL_Driver/Inc/Legacy -I../Drivers/CMSIS/Device/ST/STM32F4xx/Include -I../Drivers/CMSIS/Include -O0 -ffunction-sections -fdata-sections -fno-exceptions -fno-rtti -fno-use-cxa-atexit -Wall -fstack-usage -fcyclomatic-complexity -MMD -MP -MF"Core/Src/main.d" -MT"Core/Src/main.o" --specs=nano.specs -mfpu=fpv4-sp-d16 -mfloat-abi=hard -mthumb -o "Core/Src/main.o"
../Core/Src/main.cpp: In function 'int main()':
../Core/Src/main.cpp:245:17: warning: unused variable 'setpoint' [-Wunused-variable]
  245 |           float setpoint = 15; // RPM
      |                 ^~~~~~~~
arm-none-eabi-g++ -o "test-19.elf" @"objects.list"   -mcpu=cortex-m4 -T"C:\Users\Max\OneDrive - Cal Poly\Documents\5 Hobbies\1 Coding\Mechatronics Codebases\ME 507 Codebase\test-19\STM32F411CEUX_FLASH.ld" --specs=nosys.specs -Wl,-Map="test-19.map" -Wl,--gc-sections -static -u _printf_float --specs=nano.specs -mfpu=fpv4-sp-d16 -mfloat-abi=hard -mthumb -Wl,--start-group -lc -lm -lstdc++ -lsupc++ -Wl,--end-group
Finished building target: test-19.elf
 
arm-none-eabi-size  test-19.elf 
arm-none-eabi-objdump -h -S test-19.elf  > "test-19.list"
   text	   data	    bss	    dec	    hex	filename
  35648	    468	   2332	  38448	   9630	test-19.elf
Finished building: default.size.stdout
 
Finished building: test-19.list
 
21:40:50 **** Incremental Build of configuration Debug for project test-19 ****
make -j16 all 
arm-none-eabi-g++ "../Core/Src/RemoteControlControl.cpp" -mcpu=cortex-m4 -std=gnu++14 -g3 -DDEBUG -DUSE_HAL_DRIVER -DSTM32F411xE -c -I../Core/Inc -I../Drivers/STM32F4xx_HAL_Driver/Inc -I../Drivers/STM32F4xx_HAL_Driver/Inc/Legacy -I../Drivers/CMSIS/Device/ST/STM32F4xx/Include -I../Drivers/CMSIS/Include -O0 -ffunction-sections -fdata-sections -fno-exceptions -fno-rtti -fno-use-cxa-atexit -Wall -fstack-usage -fcyclomatic-complexity -MMD -MP -MF"Core/Src/RemoteControlControl.d" -MT"Core/Src/RemoteControlControl.o" --specs=nano.specs -mfpu=fpv4-sp-d16 -mfloat-abi=hard -mthumb -o "Core/Src/RemoteControlControl.o"
arm-none-eabi-g++ "../Core/Src/main.cpp" -mcpu=cortex-m4 -std=gnu++14 -g3 -DDEBUG -DUSE_HAL_DRIVER -DSTM32F411xE -c -I../Core/Inc -I../Drivers/STM32F4xx_HAL_Driver/Inc -I../Drivers/STM32F4xx_HAL_Driver/Inc/Legacy -I../Drivers/CMSIS/Device/ST/STM32F4xx/Include -I../Drivers/CMSIS/Include -O0 -ffunction-sections -fdata-sections -fno-exceptions -fno-rtti -fno-use-cxa-atexit -Wall -fstack-usage -fcyclomatic-complexity -MMD -MP -MF"Core/Src/main.d" -MT"Core/Src/main.o" --specs=nano.specs -mfpu=fpv4-sp-d16 -mfloat-abi=hard -mthumb -o "Core/Src/main.o"
arm-none-eabi-g++ -o "test-19.elf" @"objects.list"   -mcpu=cortex-m4 -T"C:\Users\Max\OneDrive - Cal Poly\Documents\5 Hobbies\1 Coding\Mechatronics Codebases\ME 507 Codebase\test-19\STM32F411CEUX_FLASH.ld" --specs=nosys.specs -Wl,-Map="test-19.map" -Wl,--gc-sections -static -u _printf_float --specs=nano.specs -mfpu=fpv4-sp-d16 -mfloat-abi=hard -mthumb -Wl,--start-group -lc -lm -lstdc++ -lsupc++ -Wl,--end-group
Finished building target: test-19.elf
 
arm-none-eabi-size  test-19.elf 
arm-none-eabi-objdump -h -S test-19.elf  > "test-19.list"
   text	   data	    bss	    dec	    hex	filename
  35768	    468	   2332	  38568	   96a8	test-19.elf
Finished building: default.size.stdout
 
Finished building: test-19.list
 
21:42:04 **** Incremental Build of configuration Debug for project test-19 ****
make -j16 all 
arm-none-eabi-g++ "../Core/Src/main.cpp" -mcpu=cortex-m4 -std=gnu++14 -g3 -DDEBUG -DUSE_HAL_DRIVER -DSTM32F411xE -c -I../Core/Inc -I../Drivers/STM32F4xx_HAL_Driver/Inc -I../Drivers/STM32F4xx_HAL_Driver/Inc/Legacy -I../Drivers/CMSIS/Device/ST/STM32F4xx/Include -I../Drivers/CMSIS/Include -O0 -ffunction-sections -fdata-sections -fno-exceptions -fno-rtti -fno-use-cxa-atexit -Wall -fstack-usage -fcyclomatic-complexity -MMD -MP -MF"Core/Src/main.d" -MT"Core/Src/main.o" --specs=nano.specs -mfpu=fpv4-sp-d16 -mfloat-abi=hard -mthumb -o "Core/Src/main.o"
arm-none-eabi-g++ -o "test-19.elf" @"objects.list"   -mcpu=cortex-m4 -T"C:\Users\Max\OneDrive - Cal Poly\Documents\5 Hobbies\1 Coding\Mechatronics Codebases\ME 507 Codebase\test-19\STM32F411CEUX_FLASH.ld" --specs=nosys.specs -Wl,-Map="test-19.map" -Wl,--gc-sections -static -u _printf_float --specs=nano.specs -mfpu=fpv4-sp-d16 -mfloat-abi=hard -mthumb -Wl,--start-group -lc -lm -lstdc++ -lsupc++ -Wl,--end-group
Finished building target: test-19.elf
 
arm-none-eabi-size  test-19.elf 
arm-none-eabi-objdump -h -S test-19.elf  > "test-19.list"
   text	   data	    bss	    dec	    hex	filename
  35768	    468	   2332	  38568	   96a8	test-19.elf
Finished building: default.size.stdout
 
Finished building: test-19.list
 
21:42:57 **** Incremental Build of configuration Debug for project test-19 ****
make -j16 all 
arm-none-eabi-g++ "../Core/Src/main.cpp" -mcpu=cortex-m4 -std=gnu++14 -g3 -DDEBUG -DUSE_HAL_DRIVER -DSTM32F411xE -c -I../Core/Inc -I../Drivers/STM32F4xx_HAL_Driver/Inc -I../Drivers/STM32F4xx_HAL_Driver/Inc/Legacy -I../Drivers/CMSIS/Device/ST/STM32F4xx/Include -I../Drivers/CMSIS/Include -O0 -ffunction-sections -fdata-sections -fno-exceptions -fno-rtti -fno-use-cxa-atexit -Wall -fstack-usage -fcyclomatic-complexity -MMD -MP -MF"Core/Src/main.d" -MT"Core/Src/main.o" --specs=nano.specs -mfpu=fpv4-sp-d16 -mfloat-abi=hard -mthumb -o "Core/Src/main.o"
arm-none-eabi-g++ -o "test-19.elf" @"objects.list"   -mcpu=cortex-m4 -T"C:\Users\Max\OneDrive - Cal Poly\Documents\5 Hobbies\1 Coding\Mechatronics Codebases\ME 507 Codebase\test-19\STM32F411CEUX_FLASH.ld" --specs=nosys.specs -Wl,-Map="test-19.map" -Wl,--gc-sections -static -u _printf_float --specs=nano.specs -mfpu=fpv4-sp-d16 -mfloat-abi=hard -mthumb -Wl,--start-group -lc -lm -lstdc++ -lsupc++ -Wl,--end-group
Finished building target: test-19.elf
 
arm-none-eabi-size  test-19.elf 
arm-none-eabi-objdump -h -S test-19.elf  > "test-19.list"
   text	   data	    bss	    dec	    hex	filename
  35768	    468	   2332	  38568	   96a8	test-19.elf
Finished building: default.size.stdout
 
Finished building: test-19.list
 
21:44:02 **** Incremental Build of configuration Debug for project test-19 ****
make -j16 all 
arm-none-eabi-g++ "../Core/Src/main.cpp" -mcpu=cortex-m4 -std=gnu++14 -g3 -DDEBUG -DUSE_HAL_DRIVER -DSTM32F411xE -c -I../Core/Inc -I../Drivers/STM32F4xx_HAL_Driver/Inc -I../Drivers/STM32F4xx_HAL_Driver/Inc/Legacy -I../Drivers/CMSIS/Device/ST/STM32F4xx/Include -I../Drivers/CMSIS/Include -O0 -ffunction-sections -fdata-sections -fno-exceptions -fno-rtti -fno-use-cxa-atexit -Wall -fstack-usage -fcyclomatic-complexity -MMD -MP -MF"Core/Src/main.d" -MT"Core/Src/main.o" --specs=nano.specs -mfpu=fpv4-sp-d16 -mfloat-abi=hard -mthumb -o "Core/Src/main.o"
arm-none-eabi-g++ -o "test-19.elf" @"objects.list"   -mcpu=cortex-m4 -T"C:\Users\Max\OneDrive - Cal Poly\Documents\5 Hobbies\1 Coding\Mechatronics Codebases\ME 507 Codebase\test-19\STM32F411CEUX_FLASH.ld" --specs=nosys.specs -Wl,-Map="test-19.map" -Wl,--gc-sections -static -u _printf_float --specs=nano.specs -mfpu=fpv4-sp-d16 -mfloat-abi=hard -mthumb -Wl,--start-group -lc -lm -lstdc++ -lsupc++ -Wl,--end-group
Finished building target: test-19.elf
 
arm-none-eabi-size  test-19.elf 
arm-none-eabi-objdump -h -S test-19.elf  > "test-19.list"
   text	   data	    bss	    dec	    hex	filename
  36640	    468	   2324	  39432	   9a08	test-19.elf
Finished building: default.size.stdout
 
Finished building: test-19.list
 
21:44:50 **** Incremental Build of configuration Debug for project test-19 ****
make -j16 all 
arm-none-eabi-size  test-19.elf 
   text	   data	    bss	    dec	    hex	filename
  36640	    468	   2324	  39432	   9a08	test-19.elf
Finished building: default.size.stdout
 
21:48:03 **** Incremental Build of configuration Debug for project test-19 ****
make -j16 all 
arm-none-eabi-g++ "../Core/Src/MotorControl.cpp" -mcpu=cortex-m4 -std=gnu++14 -g3 -DDEBUG -DUSE_HAL_DRIVER -DSTM32F411xE -c -I../Core/Inc -I../Drivers/STM32F4xx_HAL_Driver/Inc -I../Drivers/STM32F4xx_HAL_Driver/Inc/Legacy -I../Drivers/CMSIS/Device/ST/STM32F4xx/Include -I../Drivers/CMSIS/Include -O0 -ffunction-sections -fdata-sections -fno-exceptions -fno-rtti -fno-use-cxa-atexit -Wall -fstack-usage -fcyclomatic-complexity -MMD -MP -MF"Core/Src/MotorControl.d" -MT"Core/Src/MotorControl.o" --specs=nano.specs -mfpu=fpv4-sp-d16 -mfloat-abi=hard -mthumb -o "Core/Src/MotorControl.o"
arm-none-eabi-g++ -o "test-19.elf" @"objects.list"   -mcpu=cortex-m4 -T"C:\Users\Max\OneDrive - Cal Poly\Documents\5 Hobbies\1 Coding\Mechatronics Codebases\ME 507 Codebase\test-19\STM32F411CEUX_FLASH.ld" --specs=nosys.specs -Wl,-Map="test-19.map" -Wl,--gc-sections -static -u _printf_float --specs=nano.specs -mfpu=fpv4-sp-d16 -mfloat-abi=hard -mthumb -Wl,--start-group -lc -lm -lstdc++ -lsupc++ -Wl,--end-group
Finished building target: test-19.elf
 
arm-none-eabi-size  test-19.elf 
arm-none-eabi-objdump -h -S test-19.elf  > "test-19.list"
   text	   data	    bss	    dec	    hex	filename
  36640	    468	   2324	  39432	   9a08	test-19.elf
Finished building: default.size.stdout
 
Finished building: test-19.list
 
21:49:22 **** Incremental Build of configuration Debug for project test-19 ****
make -j16 all 
arm-none-eabi-g++ "../Core/Src/MotorControl.cpp" -mcpu=cortex-m4 -std=gnu++14 -g3 -DDEBUG -DUSE_HAL_DRIVER -DSTM32F411xE -c -I../Core/Inc -I../Drivers/STM32F4xx_HAL_Driver/Inc -I../Drivers/STM32F4xx_HAL_Driver/Inc/Legacy -I../Drivers/CMSIS/Device/ST/STM32F4xx/Include -I../Drivers/CMSIS/Include -O0 -ffunction-sections -fdata-sections -fno-exceptions -fno-rtti -fno-use-cxa-atexit -Wall -fstack-usage -fcyclomatic-complexity -MMD -MP -MF"Core/Src/MotorControl.d" -MT"Core/Src/MotorControl.o" --specs=nano.specs -mfpu=fpv4-sp-d16 -mfloat-abi=hard -mthumb -o "Core/Src/MotorControl.o"
arm-none-eabi-g++ -o "test-19.elf" @"objects.list"   -mcpu=cortex-m4 -T"C:\Users\Max\OneDrive - Cal Poly\Documents\5 Hobbies\1 Coding\Mechatronics Codebases\ME 507 Codebase\test-19\STM32F411CEUX_FLASH.ld" --specs=nosys.specs -Wl,-Map="test-19.map" -Wl,--gc-sections -static -u _printf_float --specs=nano.specs -mfpu=fpv4-sp-d16 -mfloat-abi=hard -mthumb -Wl,--start-group -lc -lm -lstdc++ -lsupc++ -Wl,--end-group
Finished building target: test-19.elf
 
arm-none-eabi-size  test-19.elf 
arm-none-eabi-objdump -h -S test-19.elf  > "test-19.list"
   text	   data	    bss	    dec	    hex	filename
  36680	    468	   2324	  39472	   9a30	test-19.elf
Finished building: default.size.stdout
 
Finished building: test-19.list
 
21:50:11 **** Incremental Build of configuration Debug for project test-19 ****
make -j16 all 
arm-none-eabi-g++ "../Core/Src/main.cpp" -mcpu=cortex-m4 -std=gnu++14 -g3 -DDEBUG -DUSE_HAL_DRIVER -DSTM32F411xE -c -I../Core/Inc -I../Drivers/STM32F4xx_HAL_Driver/Inc -I../Drivers/STM32F4xx_HAL_Driver/Inc/Legacy -I../Drivers/CMSIS/Device/ST/STM32F4xx/Include -I../Drivers/CMSIS/Include -O0 -ffunction-sections -fdata-sections -fno-exceptions -fno-rtti -fno-use-cxa-atexit -Wall -fstack-usage -fcyclomatic-complexity -MMD -MP -MF"Core/Src/main.d" -MT"Core/Src/main.o" --specs=nano.specs -mfpu=fpv4-sp-d16 -mfloat-abi=hard -mthumb -o "Core/Src/main.o"
../Core/Src/main.cpp: In function 'int main()':
../Core/Src/main.cpp:219:19: error: unable to find numeric literal operator 'operator""f'
  219 |                   50f,
      |                   ^~~
make: *** [Core/Src/subdir.mk:53: Core/Src/main.o] Error 1
"make -j16 all" terminated with exit code 2. Build might be incomplete.
21:50:17 **** Incremental Build of configuration Debug for project test-19 ****
make -j16 all 
arm-none-eabi-g++ "../Core/Src/main.cpp" -mcpu=cortex-m4 -std=gnu++14 -g3 -DDEBUG -DUSE_HAL_DRIVER -DSTM32F411xE -c -I../Core/Inc -I../Drivers/STM32F4xx_HAL_Driver/Inc -I../Drivers/STM32F4xx_HAL_Driver/Inc/Legacy -I../Drivers/CMSIS/Device/ST/STM32F4xx/Include -I../Drivers/CMSIS/Include -O0 -ffunction-sections -fdata-sections -fno-exceptions -fno-rtti -fno-use-cxa-atexit -Wall -fstack-usage -fcyclomatic-complexity -MMD -MP -MF"Core/Src/main.d" -MT"Core/Src/main.o" --specs=nano.specs -mfpu=fpv4-sp-d16 -mfloat-abi=hard -mthumb -o "Core/Src/main.o"
arm-none-eabi-g++ -o "test-19.elf" @"objects.list"   -mcpu=cortex-m4 -T"C:\Users\Max\OneDrive - Cal Poly\Documents\5 Hobbies\1 Coding\Mechatronics Codebases\ME 507 Codebase\test-19\STM32F411CEUX_FLASH.ld" --specs=nosys.specs -Wl,-Map="test-19.map" -Wl,--gc-sections -static -u _printf_float --specs=nano.specs -mfpu=fpv4-sp-d16 -mfloat-abi=hard -mthumb -Wl,--start-group -lc -lm -lstdc++ -lsupc++ -Wl,--end-group
Finished building target: test-19.elf
 
arm-none-eabi-size  test-19.elf 
arm-none-eabi-objdump -h -S test-19.elf  > "test-19.list"
   text	   data	    bss	    dec	    hex	filename
  36688	    468	   2324	  39480	   9a38	test-19.elf
Finished building: default.size.stdout
 
Finished building: test-19.list
 
21:51:24 **** Incremental Build of configuration Debug for project test-19 ****
make -j16 all 
arm-none-eabi-g++ "../Core/Src/main.cpp" -mcpu=cortex-m4 -std=gnu++14 -g3 -DDEBUG -DUSE_HAL_DRIVER -DSTM32F411xE -c -I../Core/Inc -I../Drivers/STM32F4xx_HAL_Driver/Inc -I../Drivers/STM32F4xx_HAL_Driver/Inc/Legacy -I../Drivers/CMSIS/Device/ST/STM32F4xx/Include -I../Drivers/CMSIS/Include -O0 -ffunction-sections -fdata-sections -fno-exceptions -fno-rtti -fno-use-cxa-atexit -Wall -fstack-usage -fcyclomatic-complexity -MMD -MP -MF"Core/Src/main.d" -MT"Core/Src/main.o" --specs=nano.specs -mfpu=fpv4-sp-d16 -mfloat-abi=hard -mthumb -o "Core/Src/main.o"
arm-none-eabi-g++ -o "test-19.elf" @"objects.list"   -mcpu=cortex-m4 -T"C:\Users\Max\OneDrive - Cal Poly\Documents\5 Hobbies\1 Coding\Mechatronics Codebases\ME 507 Codebase\test-19\STM32F411CEUX_FLASH.ld" --specs=nosys.specs -Wl,-Map="test-19.map" -Wl,--gc-sections -static -u _printf_float --specs=nano.specs -mfpu=fpv4-sp-d16 -mfloat-abi=hard -mthumb -Wl,--start-group -lc -lm -lstdc++ -lsupc++ -Wl,--end-group
Finished building target: test-19.elf
 
arm-none-eabi-size  test-19.elf 
arm-none-eabi-objdump -h -S test-19.elf  > "test-19.list"
   text	   data	    bss	    dec	    hex	filename
  36688	    468	   2324	  39480	   9a38	test-19.elf
Finished building: default.size.stdout
 
Finished building: test-19.list
 
21:51:58 **** Incremental Build of configuration Debug for project test-19 ****
make -j16 all 
arm-none-eabi-size  test-19.elf 
   text	   data	    bss	    dec	    hex	filename
  36688	    468	   2324	  39480	   9a38	test-19.elf
Finished building: default.size.stdout
 
21:53:07 **** Incremental Build of configuration Debug for project test-19 ****
make -j16 all 
arm-none-eabi-g++ "../Core/Src/main.cpp" -mcpu=cortex-m4 -std=gnu++14 -g3 -DDEBUG -DUSE_HAL_DRIVER -DSTM32F411xE -c -I../Core/Inc -I../Drivers/STM32F4xx_HAL_Driver/Inc -I../Drivers/STM32F4xx_HAL_Driver/Inc/Legacy -I../Drivers/CMSIS/Device/ST/STM32F4xx/Include -I../Drivers/CMSIS/Include -O0 -ffunction-sections -fdata-sections -fno-exceptions -fno-rtti -fno-use-cxa-atexit -Wall -fstack-usage -fcyclomatic-complexity -MMD -MP -MF"Core/Src/main.d" -MT"Core/Src/main.o" --specs=nano.specs -mfpu=fpv4-sp-d16 -mfloat-abi=hard -mthumb -o "Core/Src/main.o"
arm-none-eabi-g++ -o "test-19.elf" @"objects.list"   -mcpu=cortex-m4 -T"C:\Users\Max\OneDrive - Cal Poly\Documents\5 Hobbies\1 Coding\Mechatronics Codebases\ME 507 Codebase\test-19\STM32F411CEUX_FLASH.ld" --specs=nosys.specs -Wl,-Map="test-19.map" -Wl,--gc-sections -static -u _printf_float --specs=nano.specs -mfpu=fpv4-sp-d16 -mfloat-abi=hard -mthumb -Wl,--start-group -lc -lm -lstdc++ -lsupc++ -Wl,--end-group
Finished building target: test-19.elf
 
arm-none-eabi-size  test-19.elf 
arm-none-eabi-objdump -h -S test-19.elf  > "test-19.list"
   text	   data	    bss	    dec	    hex	filename
  36688	    468	   2324	  39480	   9a38	test-19.elf
Finished building: default.size.stdout
 
Finished building: test-19.list
 
21:54:34 **** Incremental Build of configuration Debug for project test-19 ****
make -j16 all 
arm-none-eabi-g++ "../Core/Src/MotorControl.cpp" -mcpu=cortex-m4 -std=gnu++14 -g3 -DDEBUG -DUSE_HAL_DRIVER -DSTM32F411xE -c -I../Core/Inc -I../Drivers/STM32F4xx_HAL_Driver/Inc -I../Drivers/STM32F4xx_HAL_Driver/Inc/Legacy -I../Drivers/CMSIS/Device/ST/STM32F4xx/Include -I../Drivers/CMSIS/Include -O0 -ffunction-sections -fdata-sections -fno-exceptions -fno-rtti -fno-use-cxa-atexit -Wall -fstack-usage -fcyclomatic-complexity -MMD -MP -MF"Core/Src/MotorControl.d" -MT"Core/Src/MotorControl.o" --specs=nano.specs -mfpu=fpv4-sp-d16 -mfloat-abi=hard -mthumb -o "Core/Src/MotorControl.o"
../Core/Src/MotorControl.cpp: In member function 'void MotorControl::debug_message(UART_HandleTypeDef*)':
../Core/Src/MotorControl.cpp:39:120: warning: format '%li' expects argument of type 'long int', but argument 11 has type 'int' [-Wformat=]
   39 |     int string_length = snprintf(my_message, MESSAGE_LENGTH, "Controller effort: %*i/%*i, Error: %*.3f RPM, Intgtr: %*li \r\n",
      |                                                                                                                     ~~~^
      |                                                                                                                        |
      |                                                                                                                        long int
      |                                                                                                                     %*i
......
   43 |                                                          VALUE_WIDTH, running_error );
      |                                                                       ~~~~~~~~~~~~~                                     
      |                                                                       |
      |                                                                       int
arm-none-eabi-g++ -o "test-19.elf" @"objects.list"   -mcpu=cortex-m4 -T"C:\Users\Max\OneDrive - Cal Poly\Documents\5 Hobbies\1 Coding\Mechatronics Codebases\ME 507 Codebase\test-19\STM32F411CEUX_FLASH.ld" --specs=nosys.specs -Wl,-Map="test-19.map" -Wl,--gc-sections -static -u _printf_float --specs=nano.specs -mfpu=fpv4-sp-d16 -mfloat-abi=hard -mthumb -Wl,--start-group -lc -lm -lstdc++ -lsupc++ -Wl,--end-group
Finished building target: test-19.elf
 
arm-none-eabi-size  test-19.elf 
arm-none-eabi-objdump -h -S test-19.elf  > "test-19.list"
   text	   data	    bss	    dec	    hex	filename
  36720	    468	   2324	  39512	   9a58	test-19.elf
Finished building: default.size.stdout
 
Finished building: test-19.list
 
21:55:13 **** Incremental Build of configuration Debug for project test-19 ****
make -j16 all 
arm-none-eabi-g++ "../Core/Src/MotorControl.cpp" -mcpu=cortex-m4 -std=gnu++14 -g3 -DDEBUG -DUSE_HAL_DRIVER -DSTM32F411xE -c -I../Core/Inc -I../Drivers/STM32F4xx_HAL_Driver/Inc -I../Drivers/STM32F4xx_HAL_Driver/Inc/Legacy -I../Drivers/CMSIS/Device/ST/STM32F4xx/Include -I../Drivers/CMSIS/Include -O0 -ffunction-sections -fdata-sections -fno-exceptions -fno-rtti -fno-use-cxa-atexit -Wall -fstack-usage -fcyclomatic-complexity -MMD -MP -MF"Core/Src/MotorControl.d" -MT"Core/Src/MotorControl.o" --specs=nano.specs -mfpu=fpv4-sp-d16 -mfloat-abi=hard -mthumb -o "Core/Src/MotorControl.o"
arm-none-eabi-g++ -o "test-19.elf" @"objects.list"   -mcpu=cortex-m4 -T"C:\Users\Max\OneDrive - Cal Poly\Documents\5 Hobbies\1 Coding\Mechatronics Codebases\ME 507 Codebase\test-19\STM32F411CEUX_FLASH.ld" --specs=nosys.specs -Wl,-Map="test-19.map" -Wl,--gc-sections -static -u _printf_float --specs=nano.specs -mfpu=fpv4-sp-d16 -mfloat-abi=hard -mthumb -Wl,--start-group -lc -lm -lstdc++ -lsupc++ -Wl,--end-group
Finished building target: test-19.elf
 
arm-none-eabi-size  test-19.elf 
arm-none-eabi-objdump -h -S test-19.elf  > "test-19.list"
   text	   data	    bss	    dec	    hex	filename
  36720	    468	   2324	  39512	   9a58	test-19.elf
Finished building: default.size.stdout
 
Finished building: test-19.list
 
21:56:49 **** Incremental Build of configuration Debug for project test-19 ****
make -j16 all 
arm-none-eabi-g++ "../Core/Src/MotorControl.cpp" -mcpu=cortex-m4 -std=gnu++14 -g3 -DDEBUG -DUSE_HAL_DRIVER -DSTM32F411xE -c -I../Core/Inc -I../Drivers/STM32F4xx_HAL_Driver/Inc -I../Drivers/STM32F4xx_HAL_Driver/Inc/Legacy -I../Drivers/CMSIS/Device/ST/STM32F4xx/Include -I../Drivers/CMSIS/Include -O0 -ffunction-sections -fdata-sections -fno-exceptions -fno-rtti -fno-use-cxa-atexit -Wall -fstack-usage -fcyclomatic-complexity -MMD -MP -MF"Core/Src/MotorControl.d" -MT"Core/Src/MotorControl.o" --specs=nano.specs -mfpu=fpv4-sp-d16 -mfloat-abi=hard -mthumb -o "Core/Src/MotorControl.o"
arm-none-eabi-g++ -o "test-19.elf" @"objects.list"   -mcpu=cortex-m4 -T"C:\Users\Max\OneDrive - Cal Poly\Documents\5 Hobbies\1 Coding\Mechatronics Codebases\ME 507 Codebase\test-19\STM32F411CEUX_FLASH.ld" --specs=nosys.specs -Wl,-Map="test-19.map" -Wl,--gc-sections -static -u _printf_float --specs=nano.specs -mfpu=fpv4-sp-d16 -mfloat-abi=hard -mthumb -Wl,--start-group -lc -lm -lstdc++ -lsupc++ -Wl,--end-group
Finished building target: test-19.elf
 
arm-none-eabi-size  test-19.elf 
arm-none-eabi-objdump -h -S test-19.elf  > "test-19.list"
   text	   data	    bss	    dec	    hex	filename
  36720	    468	   2324	  39512	   9a58	test-19.elf
Finished building: default.size.stdout
 
Finished building: test-19.list
 
21:57:59 **** Incremental Build of configuration Debug for project test-19 ****
make -j16 all 
arm-none-eabi-size  test-19.elf 
   text	   data	    bss	    dec	    hex	filename
  36720	    468	   2324	  39512	   9a58	test-19.elf
Finished building: default.size.stdout
 
21:59:26 **** Incremental Build of configuration Debug for project test-19 ****
make -j16 all 
arm-none-eabi-g++ "../Core/Src/MotorControl.cpp" -mcpu=cortex-m4 -std=gnu++14 -g3 -DDEBUG -DUSE_HAL_DRIVER -DSTM32F411xE -c -I../Core/Inc -I../Drivers/STM32F4xx_HAL_Driver/Inc -I../Drivers/STM32F4xx_HAL_Driver/Inc/Legacy -I../Drivers/CMSIS/Device/ST/STM32F4xx/Include -I../Drivers/CMSIS/Include -O0 -ffunction-sections -fdata-sections -fno-exceptions -fno-rtti -fno-use-cxa-atexit -Wall -fstack-usage -fcyclomatic-complexity -MMD -MP -MF"Core/Src/MotorControl.d" -MT"Core/Src/MotorControl.o" --specs=nano.specs -mfpu=fpv4-sp-d16 -mfloat-abi=hard -mthumb -o "Core/Src/MotorControl.o"
arm-none-eabi-g++ -o "test-19.elf" @"objects.list"   -mcpu=cortex-m4 -T"C:\Users\Max\OneDrive - Cal Poly\Documents\5 Hobbies\1 Coding\Mechatronics Codebases\ME 507 Codebase\test-19\STM32F411CEUX_FLASH.ld" --specs=nosys.specs -Wl,-Map="test-19.map" -Wl,--gc-sections -static -u _printf_float --specs=nano.specs -mfpu=fpv4-sp-d16 -mfloat-abi=hard -mthumb -Wl,--start-group -lc -lm -lstdc++ -lsupc++ -Wl,--end-group
Finished building target: test-19.elf
 
arm-none-eabi-size  test-19.elf 
arm-none-eabi-objdump -h -S test-19.elf  > "test-19.list"
   text	   data	    bss	    dec	    hex	filename
  36736	    468	   2324	  39528	   9a68	test-19.elf
Finished building: default.size.stdout
 
Finished building: test-19.list
 
22:01:13 **** Incremental Build of configuration Debug for project test-19 ****
make -j16 all 
arm-none-eabi-g++ "../Core/Src/MotorControl.cpp" -mcpu=cortex-m4 -std=gnu++14 -g3 -DDEBUG -DUSE_HAL_DRIVER -DSTM32F411xE -c -I../Core/Inc -I../Drivers/STM32F4xx_HAL_Driver/Inc -I../Drivers/STM32F4xx_HAL_Driver/Inc/Legacy -I../Drivers/CMSIS/Device/ST/STM32F4xx/Include -I../Drivers/CMSIS/Include -O0 -ffunction-sections -fdata-sections -fno-exceptions -fno-rtti -fno-use-cxa-atexit -Wall -fstack-usage -fcyclomatic-complexity -MMD -MP -MF"Core/Src/MotorControl.d" -MT"Core/Src/MotorControl.o" --specs=nano.specs -mfpu=fpv4-sp-d16 -mfloat-abi=hard -mthumb -o "Core/Src/MotorControl.o"
arm-none-eabi-g++ "../Core/Src/RemoteControlControl.cpp" -mcpu=cortex-m4 -std=gnu++14 -g3 -DDEBUG -DUSE_HAL_DRIVER -DSTM32F411xE -c -I../Core/Inc -I../Drivers/STM32F4xx_HAL_Driver/Inc -I../Drivers/STM32F4xx_HAL_Driver/Inc/Legacy -I../Drivers/CMSIS/Device/ST/STM32F4xx/Include -I../Drivers/CMSIS/Include -O0 -ffunction-sections -fdata-sections -fno-exceptions -fno-rtti -fno-use-cxa-atexit -Wall -fstack-usage -fcyclomatic-complexity -MMD -MP -MF"Core/Src/RemoteControlControl.d" -MT"Core/Src/RemoteControlControl.o" --specs=nano.specs -mfpu=fpv4-sp-d16 -mfloat-abi=hard -mthumb -o "Core/Src/RemoteControlControl.o"
arm-none-eabi-g++ "../Core/Src/main.cpp" -mcpu=cortex-m4 -std=gnu++14 -g3 -DDEBUG -DUSE_HAL_DRIVER -DSTM32F411xE -c -I../Core/Inc -I../Drivers/STM32F4xx_HAL_Driver/Inc -I../Drivers/STM32F4xx_HAL_Driver/Inc/Legacy -I../Drivers/CMSIS/Device/ST/STM32F4xx/Include -I../Drivers/CMSIS/Include -O0 -ffunction-sections -fdata-sections -fno-exceptions -fno-rtti -fno-use-cxa-atexit -Wall -fstack-usage -fcyclomatic-complexity -MMD -MP -MF"Core/Src/main.d" -MT"Core/Src/main.o" --specs=nano.specs -mfpu=fpv4-sp-d16 -mfloat-abi=hard -mthumb -o "Core/Src/main.o"
../Core/Src/MotorControl.cpp: In member function 'void MotorControl::debug_message(UART_HandleTypeDef*)':
../Core/Src/MotorControl.cpp:39:119: warning: format '%i' expects argument of type 'int', but argument 11 has type 'double' [-Wformat=]
   39 |     int string_length = snprintf(my_message, MESSAGE_LENGTH, "Controller effort: %*i/%*i, Error: %*.3f RPM, Intgtr: %*i \r\n",
      |                                                                                                                     ~~^
      |                                                                                                                       |
      |                                                                                                                       int
      |                                                                                                                     %*f
......
   43 |                                                          VALUE_WIDTH, running_error );
      |                                                                       ~~~~~~~~~~~~~                                    
      |                                                                       |
      |                                                                       double
arm-none-eabi-g++ -o "test-19.elf" @"objects.list"   -mcpu=cortex-m4 -T"C:\Users\Max\OneDrive - Cal Poly\Documents\5 Hobbies\1 Coding\Mechatronics Codebases\ME 507 Codebase\test-19\STM32F411CEUX_FLASH.ld" --specs=nosys.specs -Wl,-Map="test-19.map" -Wl,--gc-sections -static -u _printf_float --specs=nano.specs -mfpu=fpv4-sp-d16 -mfloat-abi=hard -mthumb -Wl,--start-group -lc -lm -lstdc++ -lsupc++ -Wl,--end-group
Finished building target: test-19.elf
 
arm-none-eabi-size  test-19.elf 
arm-none-eabi-objdump -h -S test-19.elf  > "test-19.list"
   text	   data	    bss	    dec	    hex	filename
  36712	    468	   2324	  39504	   9a50	test-19.elf
Finished building: default.size.stdout
 
Finished building: test-19.list
 
