15:58:40 **** Incremental Build of configuration Debug for project test-19 ****
make -j16 all 
arm-none-eabi-g++ "../Core/Src/main.cpp" -mcpu=cortex-m4 -std=gnu++14 -g3 -DDEBUG -DUSE_HAL_DRIVER -DSTM32F411xE -c -I../Core/Inc -I../Drivers/VL53L0X/platform/src -I../Drivers/VL53L0X/platform/inc -I../Drivers/VL53L0X/core/inc -I../Drivers/VL53L0X/core/src -I../Drivers/STM32F4xx_HAL_Driver/Inc -I../Drivers/STM32F4xx_HAL_Driver/Inc/Legacy -I../Drivers/CMSIS/Device/ST/STM32F4xx/Include -I../Drivers/CMSIS/Include -O0 -ffunction-sections -fdata-sections -fno-exceptions -fno-rtti -fno-use-cxa-atexit -Wall -fstack-usage -fcyclomatic-complexity -MMD -MP -MF"Core/Src/main.d" -MT"Core/Src/main.o" --specs=nano.specs -mfpu=fpv4-sp-d16 -mfloat-abi=hard -mthumb -o "Core/Src/main.o"
../Core/Src/main.cpp: In function 'int main()':
../Core/Src/main.cpp:304:8: warning: unused variable 'ready_for_new_block' [-Wunused-variable]
  304 |   bool ready_for_new_block = true;
      |        ^~~~~~~~~~~~~~~~~~~
arm-none-eabi-g++ -o "test-19.elf" @"objects.list"   -mcpu=cortex-m4 -T"C:\Users\Max\OneDrive - Cal Poly\Documents\5 Hobbies\1 Coding\Mechatronics Codebases\ME 507 Codebase\test-19\STM32F411CEUX_FLASH.ld" --specs=nosys.specs -Wl,-Map="test-19.map" -Wl,--gc-sections -static -u _printf_float --specs=nano.specs -mfpu=fpv4-sp-d16 -mfloat-abi=hard -mthumb -Wl,--start-group -lc -lm -lstdc++ -lsupc++ -Wl,--end-group
Finished building target: test-19.elf
 
arm-none-eabi-size  test-19.elf 
arm-none-eabi-objdump -h -S test-19.elf  > "test-19.list"
   text	   data	    bss	    dec	    hex	filename
  63412	   1172	   2980	  67564	  107ec	test-19.elf
Finished building: default.size.stdout
 
Finished building: test-19.list
 
15:58:50 **** Incremental Build of configuration Debug for project test-19 ****
make -j16 all 
arm-none-eabi-size  test-19.elf 
   text	   data	    bss	    dec	    hex	filename
  63412	   1172	   2980	  67564	  107ec	test-19.elf
Finished building: default.size.stdout
 
16:14:56 **** Build of configuration Debug for project test-23 ****
make -j16 all 
arm-none-eabi-g++ "../Core/Src/VL53L0X.cpp" -mcpu=cortex-m4 -std=gnu++14 -g3 -DDEBUG -DUSE_HAL_DRIVER -DSTM32F411xE -c -I../Core/Inc -I../Drivers/VL53L0X/platform/src -I../Drivers/VL53L0X/platform/inc -I../Drivers/VL53L0X/core/inc -I../Drivers/VL53L0X/core/src -I../Drivers/STM32F4xx_HAL_Driver/Inc -I../Drivers/STM32F4xx_HAL_Driver/Inc/Legacy -I../Drivers/CMSIS/Device/ST/STM32F4xx/Include -I../Drivers/CMSIS/Include -O0 -ffunction-sections -fdata-sections -fno-exceptions -fno-rtti -fno-use-cxa-atexit -Wall -fstack-usage -fcyclomatic-complexity -MMD -MP -MF"Core/Src/VL53L0X.d" -MT"Core/Src/VL53L0X.o" --specs=nano.specs -mfpu=fpv4-sp-d16 -mfloat-abi=hard -mthumb -o "Core/Src/VL53L0X.o"
arm-none-eabi-g++ "../Core/Src/main.cpp" -mcpu=cortex-m4 -std=gnu++14 -g3 -DDEBUG -DUSE_HAL_DRIVER -DSTM32F411xE -c -I../Core/Inc -I../Drivers/VL53L0X/platform/src -I../Drivers/VL53L0X/platform/inc -I../Drivers/VL53L0X/core/inc -I../Drivers/VL53L0X/core/src -I../Drivers/STM32F4xx_HAL_Driver/Inc -I../Drivers/STM32F4xx_HAL_Driver/Inc/Legacy -I../Drivers/CMSIS/Device/ST/STM32F4xx/Include -I../Drivers/CMSIS/Include -O0 -ffunction-sections -fdata-sections -fno-exceptions -fno-rtti -fno-use-cxa-atexit -Wall -fstack-usage -fcyclomatic-complexity -MMD -MP -MF"Core/Src/main.d" -MT"Core/Src/main.o" --specs=nano.specs -mfpu=fpv4-sp-d16 -mfloat-abi=hard -mthumb -o "Core/Src/main.o"
../Core/Src/main.cpp: In function 'int main()':
../Core/Src/main.cpp:304:8: warning: unused variable 'ready_for_new_block' [-Wunused-variable]
  304 |   bool ready_for_new_block = true;
      |        ^~~~~~~~~~~~~~~~~~~
arm-none-eabi-g++ -o "test-23.elf" @"objects.list"   -mcpu=cortex-m4 -T"C:\Users\Max\OneDrive - Cal Poly\Documents\5 Hobbies\1 Coding\Mechatronics Codebases\ME 507 Codebase\test-23\STM32F411CEUX_FLASH.ld" --specs=nosys.specs -Wl,-Map="test-23.map" -Wl,--gc-sections -static -u _printf_float --specs=nano.specs -mfpu=fpv4-sp-d16 -mfloat-abi=hard -mthumb -Wl,--start-group -lc -lm -lstdc++ -lsupc++ -Wl,--end-group
Finished building target: test-23.elf
 
arm-none-eabi-size  test-23.elf 
arm-none-eabi-objdump -h -S test-23.elf  > "test-23.list"
   text	   data	    bss	    dec	    hex	filename
  63412	   1172	   2980	  67564	  107ec	test-23.elf
Finished building: default.size.stdout
 
Finished building: test-23.list
 
