18:14:08 **** Incremental Build of configuration Debug for project test-18 ****
make -j16 all 
arm-none-eabi-g++ "../Core/Src/RCChannel.cpp" -mcpu=cortex-m4 -std=gnu++14 -g3 -DDEBUG -DUSE_HAL_DRIVER -DSTM32F411xE -c -I../Core/Inc -I../Drivers/STM32F4xx_HAL_Driver/Inc -I../Drivers/STM32F4xx_HAL_Driver/Inc/Legacy -I../Drivers/CMSIS/Device/ST/STM32F4xx/Include -I../Drivers/CMSIS/Include -O0 -ffunction-sections -fdata-sections -fno-exceptions -fno-rtti -fno-use-cxa-atexit -Wall -fstack-usage -fcyclomatic-complexity -MMD -MP -MF"Core/Src/RCChannel.d" -MT"Core/Src/RCChannel.o" --specs=nano.specs -mfpu=fpv4-sp-d16 -mfloat-abi=hard -mthumb -o "Core/Src/RCChannel.o"
arm-none-eabi-g++ -o "test-18.elf" @"objects.list"   -mcpu=cortex-m4 -T"C:\Users\Max\OneDrive - Cal Poly\Documents\5 Hobbies\1 Coding\Mechatronics Codebases\ME 507 Codebase\test-18\STM32F411CEUX_FLASH.ld" --specs=nosys.specs -Wl,-Map="test-18.map" -Wl,--gc-sections -static --specs=nano.specs -mfpu=fpv4-sp-d16 -mfloat-abi=hard -mthumb -Wl,--start-group -lc -lm -lstdc++ -lsupc++ -Wl,--end-group
Finished building target: test-18.elf
 
arm-none-eabi-size  test-18.elf 
arm-none-eabi-objdump -h -S test-18.elf  > "test-18.list"
   text	   data	    bss	    dec	    hex	filename
  21364	     92	   2324	  23780	   5ce4	test-18.elf
Finished building: default.size.stdout
 
Finished building: test-18.list
 

18:14:08 Build Finished. 0 errors, 0 warnings. (took 594ms)

