13:39:50 **** Incremental Build of configuration Debug for project test-13 ****
make -j16 all 
arm-none-eabi-gcc "../Core/Src/main.c" -mcpu=cortex-m4 -std=gnu11 -g3 -DDEBUG -DUSE_HAL_DRIVER -DSTM32L476xx -c -I../Core/Inc -I../Drivers/STM32L4xx_HAL_Driver/Inc -I../Drivers/STM32L4xx_HAL_Driver/Inc/Legacy -I../Drivers/CMSIS/Device/ST/STM32L4xx/Include -I../Drivers/CMSIS/Include -O0 -ffunction-sections -fdata-sections -Wall -fstack-usage -fcyclomatic-complexity -MMD -MP -MF"Core/Src/main.d" -MT"Core/Src/main.o" --specs=nano.specs -mfpu=fpv4-sp-d16 -mfloat-abi=hard -mthumb -o "Core/Src/main.o"
arm-none-eabi-gcc -o "test-13.elf" @"objects.list"   -mcpu=cortex-m4 -T"C:\Users\Max\OneDrive - Cal Poly\Documents\5 Hobbies\1 Coding\Mechatronics Codebases\ME 507 Codebase\test-13\STM32L476RGTX_FLASH.ld" --specs=nosys.specs -Wl,-Map="test-13.map" -Wl,--gc-sections -static --specs=nano.specs -mfpu=fpv4-sp-d16 -mfloat-abi=hard -mthumb -Wl,--start-group -lc -lm -Wl,--end-group
Finished building target: test-13.elf
 
arm-none-eabi-size  test-13.elf 
arm-none-eabi-objdump -h -S test-13.elf  > "test-13.list"
   text	   data	    bss	    dec	    hex	filename
  15432	     96	   2088	  17616	   44d0	test-13.elf
Finished building: default.size.stdout
 
Finished building: test-13.list
 

13:39:51 Build Finished. 0 errors, 0 warnings. (took 812ms)

