16:03:19 **** Incremental Build of configuration Debug for project test-00 ****
make -j16 all 
arm-none-eabi-gcc "../Core/Src/main.c" -mcpu=cortex-m4 -std=gnu11 -g3 -DDEBUG -DUSE_HAL_DRIVER -DSTM32L476xx -c -I../Core/Inc -I../Drivers/STM32L4xx_HAL_Driver/Inc -I../Drivers/STM32L4xx_HAL_Driver/Inc/Legacy -I../Drivers/CMSIS/Device/ST/STM32L4xx/Include -I../Drivers/CMSIS/Include -O0 -ffunction-sections -fdata-sections -Wall -fstack-usage -fcyclomatic-complexity -MMD -MP -MF"Core/Src/main.d" -MT"Core/Src/main.o" --specs=nano.specs -mfpu=fpv4-sp-d16 -mfloat-abi=hard -mthumb -o "Core/Src/main.o"
../Core/Src/main.c: In function 'main':
../Core/Src/main.c:99:13: warning: unused variable 'string_length' [-Wunused-variable]
   99 |   const int string_length = 50;
      |             ^~~~~~~~~~~~~
../Core/Src/main.c:97:8: warning: unused variable 'buffer' [-Wunused-variable]
   97 |   char buffer[50] = "";
      |        ^~~~~~
arm-none-eabi-gcc -o "test-00.elf" @"objects.list"   -mcpu=cortex-m4 -T"C:\Users\Max Gardenswartz\OneDrive - Cal Poly\Documents\5 Hobbies\1 Coding\mecha15\test-00\STM32L476RGTX_FLASH.ld" --specs=nosys.specs -Wl,-Map="test-00.map" -Wl,--gc-sections -static --specs=nano.specs -mfpu=fpv4-sp-d16 -mfloat-abi=hard -mthumb -Wl,--start-group -lc -lm -Wl,--end-group
Finished building target: test-00.elf
 
arm-none-eabi-size  test-00.elf 
arm-none-eabi-objdump -h -S test-00.elf  > "test-00.list"
   text	   data	    bss	    dec	    hex	filename
  15560	     12	   1780	  17352	   43c8	test-00.elf
Finished building: default.size.stdout
 
Finished building: test-00.list
 

16:03:20 Build Finished. 0 errors, 2 warnings. (took 915ms)

