20:35:08 **** Incremental Build of configuration Debug for project test-22 ****
make -j16 all 
arm-none-eabi-gcc "../Drivers/VL53L0X/platform/src/vl53l0x_platform.c" -mcpu=cortex-m4 -std=gnu11 -g3 -DDEBUG -DUSE_HAL_DRIVER -DSTM32F411xE -c -I../Core/Inc -I../Drivers/VL53L0X/platform/src -I../Drivers/VL53L0X/platform/inc -I../Drivers/VL53L0X/core/inc -I../Drivers/VL53L0X/core/src -I../Drivers/STM32F4xx_HAL_Driver/Inc -I../Drivers/STM32F4xx_HAL_Driver/Inc/Legacy -I../Drivers/CMSIS/Device/ST/STM32F4xx/Include -I../Drivers/CMSIS/Include -O0 -ffunction-sections -fdata-sections -Wall -fstack-usage -fcyclomatic-complexity -MMD -MP -MF"Drivers/VL53L0X/platform/src/vl53l0x_platform.d" -MT"Drivers/VL53L0X/platform/src/vl53l0x_platform.o" --specs=nano.specs -mfpu=fpv4-sp-d16 -mfloat-abi=hard -mthumb -o "Drivers/VL53L0X/platform/src/vl53l0x_platform.o"
arm-none-eabi-gcc "../Drivers/VL53L0X/platform/src/vl53l0x_platform_log.c" -mcpu=cortex-m4 -std=gnu11 -g3 -DDEBUG -DUSE_HAL_DRIVER -DSTM32F411xE -c -I../Core/Inc -I../Drivers/VL53L0X/platform/src -I../Drivers/VL53L0X/platform/inc -I../Drivers/VL53L0X/core/inc -I../Drivers/VL53L0X/core/src -I../Drivers/STM32F4xx_HAL_Driver/Inc -I../Drivers/STM32F4xx_HAL_Driver/Inc/Legacy -I../Drivers/CMSIS/Device/ST/STM32F4xx/Include -I../Drivers/CMSIS/Include -O0 -ffunction-sections -fdata-sections -Wall -fstack-usage -fcyclomatic-complexity -MMD -MP -MF"Drivers/VL53L0X/platform/src/vl53l0x_platform_log.d" -MT"Drivers/VL53L0X/platform/src/vl53l0x_platform_log.o" --specs=nano.specs -mfpu=fpv4-sp-d16 -mfloat-abi=hard -mthumb -o "Drivers/VL53L0X/platform/src/vl53l0x_platform_log.o"
arm-none-eabi-gcc "../Drivers/VL53L0X/core/src/vl53l0x_api.c" -mcpu=cortex-m4 -std=gnu11 -g3 -DDEBUG -DUSE_HAL_DRIVER -DSTM32F411xE -c -I../Core/Inc -I../Drivers/VL53L0X/platform/src -I../Drivers/VL53L0X/platform/inc -I../Drivers/VL53L0X/core/inc -I../Drivers/VL53L0X/core/src -I../Drivers/STM32F4xx_HAL_Driver/Inc -I../Drivers/STM32F4xx_HAL_Driver/Inc/Legacy -I../Drivers/CMSIS/Device/ST/STM32F4xx/Include -I../Drivers/CMSIS/Include -O0 -ffunction-sections -fdata-sections -Wall -fstack-usage -fcyclomatic-complexity -MMD -MP -MF"Drivers/VL53L0X/core/src/vl53l0x_api.d" -MT"Drivers/VL53L0X/core/src/vl53l0x_api.o" --specs=nano.specs -mfpu=fpv4-sp-d16 -mfloat-abi=hard -mthumb -o "Drivers/VL53L0X/core/src/vl53l0x_api.o"
arm-none-eabi-gcc "../Drivers/VL53L0X/core/src/vl53l0x_api_calibration.c" -mcpu=cortex-m4 -std=gnu11 -g3 -DDEBUG -DUSE_HAL_DRIVER -DSTM32F411xE -c -I../Core/Inc -I../Drivers/VL53L0X/platform/src -I../Drivers/VL53L0X/platform/inc -I../Drivers/VL53L0X/core/inc -I../Drivers/VL53L0X/core/src -I../Drivers/STM32F4xx_HAL_Driver/Inc -I../Drivers/STM32F4xx_HAL_Driver/Inc/Legacy -I../Drivers/CMSIS/Device/ST/STM32F4xx/Include -I../Drivers/CMSIS/Include -O0 -ffunction-sections -fdata-sections -Wall -fstack-usage -fcyclomatic-complexity -MMD -MP -MF"Drivers/VL53L0X/core/src/vl53l0x_api_calibration.d" -MT"Drivers/VL53L0X/core/src/vl53l0x_api_calibration.o" --specs=nano.specs -mfpu=fpv4-sp-d16 -mfloat-abi=hard -mthumb -o "Drivers/VL53L0X/core/src/vl53l0x_api_calibration.o"
arm-none-eabi-gcc "../Drivers/VL53L0X/core/src/vl53l0x_api_core.c" -mcpu=cortex-m4 -std=gnu11 -g3 -DDEBUG -DUSE_HAL_DRIVER -DSTM32F411xE -c -I../Core/Inc -I../Drivers/VL53L0X/platform/src -I../Drivers/VL53L0X/platform/inc -I../Drivers/VL53L0X/core/inc -I../Drivers/VL53L0X/core/src -I../Drivers/STM32F4xx_HAL_Driver/Inc -I../Drivers/STM32F4xx_HAL_Driver/Inc/Legacy -I../Drivers/CMSIS/Device/ST/STM32F4xx/Include -I../Drivers/CMSIS/Include -O0 -ffunction-sections -fdata-sections -Wall -fstack-usage -fcyclomatic-complexity -MMD -MP -MF"Drivers/VL53L0X/core/src/vl53l0x_api_core.d" -MT"Drivers/VL53L0X/core/src/vl53l0x_api_core.o" --specs=nano.specs -mfpu=fpv4-sp-d16 -mfloat-abi=hard -mthumb -o "Drivers/VL53L0X/core/src/vl53l0x_api_core.o"
arm-none-eabi-gcc "../Drivers/VL53L0X/core/src/vl53l0x_api_ranging.c" -mcpu=cortex-m4 -std=gnu11 -g3 -DDEBUG -DUSE_HAL_DRIVER -DSTM32F411xE -c -I../Core/Inc -I../Drivers/VL53L0X/platform/src -I../Drivers/VL53L0X/platform/inc -I../Drivers/VL53L0X/core/inc -I../Drivers/VL53L0X/core/src -I../Drivers/STM32F4xx_HAL_Driver/Inc -I../Drivers/STM32F4xx_HAL_Driver/Inc/Legacy -I../Drivers/CMSIS/Device/ST/STM32F4xx/Include -I../Drivers/CMSIS/Include -O0 -ffunction-sections -fdata-sections -Wall -fstack-usage -fcyclomatic-complexity -MMD -MP -MF"Drivers/VL53L0X/core/src/vl53l0x_api_ranging.d" -MT"Drivers/VL53L0X/core/src/vl53l0x_api_ranging.o" --specs=nano.specs -mfpu=fpv4-sp-d16 -mfloat-abi=hard -mthumb -o "Drivers/VL53L0X/core/src/vl53l0x_api_ranging.o"
arm-none-eabi-gcc "../Drivers/VL53L0X/core/src/vl53l0x_api_strings.c" -mcpu=cortex-m4 -std=gnu11 -g3 -DDEBUG -DUSE_HAL_DRIVER -DSTM32F411xE -c -I../Core/Inc -I../Drivers/VL53L0X/platform/src -I../Drivers/VL53L0X/platform/inc -I../Drivers/VL53L0X/core/inc -I../Drivers/VL53L0X/core/src -I../Drivers/STM32F4xx_HAL_Driver/Inc -I../Drivers/STM32F4xx_HAL_Driver/Inc/Legacy -I../Drivers/CMSIS/Device/ST/STM32F4xx/Include -I../Drivers/CMSIS/Include -O0 -ffunction-sections -fdata-sections -Wall -fstack-usage -fcyclomatic-complexity -MMD -MP -MF"Drivers/VL53L0X/core/src/vl53l0x_api_strings.d" -MT"Drivers/VL53L0X/core/src/vl53l0x_api_strings.o" --specs=nano.specs -mfpu=fpv4-sp-d16 -mfloat-abi=hard -mthumb -o "Drivers/VL53L0X/core/src/vl53l0x_api_strings.o"
arm-none-eabi-g++ "../Core/Src/main.cpp" -mcpu=cortex-m4 -std=gnu++14 -g3 -DDEBUG -DUSE_HAL_DRIVER -DSTM32F411xE -c -I../Core/Inc -I../Drivers/VL53L0X/platform/src -I../Drivers/VL53L0X/platform/inc -I../Drivers/VL53L0X/core/inc -I../Drivers/VL53L0X/core/src -I../Drivers/STM32F4xx_HAL_Driver/Inc -I../Drivers/STM32F4xx_HAL_Driver/Inc/Legacy -I../Drivers/CMSIS/Device/ST/STM32F4xx/Include -I../Drivers/CMSIS/Include -O0 -ffunction-sections -fdata-sections -fno-exceptions -fno-rtti -fno-use-cxa-atexit -Wall -fstack-usage -fcyclomatic-complexity -MMD -MP -MF"Core/Src/main.d" -MT"Core/Src/main.o" --specs=nano.specs -mfpu=fpv4-sp-d16 -mfloat-abi=hard -mthumb -o "Core/Src/main.o"
arm-none-eabi-g++ -o "test-22.elf" @"objects.list"   -mcpu=cortex-m4 -T"C:\Users\Max\OneDrive - Cal Poly\Documents\5 Hobbies\1 Coding\Mechatronics Codebases\ME 507 Codebase\test-22\STM32F411CEUX_FLASH.ld" -Wl,-Map="test-22.map" -Wl,--gc-sections -static --specs=nano.specs -mfpu=fpv4-sp-d16 -mfloat-abi=hard -mthumb -Wl,--start-group -lc -lm -lstdc++ -lsupc++ -Wl,--end-group
Finished building target: test-22.elf
 
arm-none-eabi-size  test-22.elf 
arm-none-eabi-objdump -h -S test-22.elf  > "test-22.list"
   text	   data	    bss	    dec	    hex	filename
  15188	     12	   2012	  17212	   433c	test-22.elf
Finished building: default.size.stdout
 
Finished building: test-22.list
 

20:35:09 Build Finished. 0 errors, 0 warnings. (took 1s.462ms)

