01:15:19 **** Incremental Build of configuration Debug for project test-04 ****
make -j16 all 
arm-none-eabi-g++ "../Core/Src/MotorDriver.cpp" -mcpu=cortex-m4 -std=gnu++14 -g3 -DDEBUG -DUSE_HAL_DRIVER -DSTM32L476xx -c -I../Core/Inc -I../Drivers/STM32L4xx_HAL_Driver/Inc -I../Drivers/STM32L4xx_HAL_Driver/Inc/Legacy -I../Drivers/CMSIS/Device/ST/STM32L4xx/Include -I../Drivers/CMSIS/Include -O0 -ffunction-sections -fdata-sections -fno-exceptions -fno-rtti -fno-use-cxa-atexit -Wall -fstack-usage -fcyclomatic-complexity -MMD -MP -MF"Core/Src/MotorDriver.d" -MT"Core/Src/MotorDriver.o" --specs=nano.specs -mfpu=fpv4-sp-d16 -mfloat-abi=hard -mthumb -o "Core/Src/MotorDriver.o"
arm-none-eabi-g++ -o "test-04.elf" @"objects.list"   -mcpu=cortex-m4 -T"C:\Users\Max Gardenswartz\OneDrive - Cal Poly\Documents\5 Hobbies\1 Coding\mecha15\test-04\STM32L476RGTX_FLASH.ld" --specs=nosys.specs -Wl,-Map="test-04.map" -Wl,--gc-sections -static --specs=nano.specs -mfpu=fpv4-sp-d16 -mfloat-abi=hard -mthumb -Wl,--start-group -lc -lm -lstdc++ -lsupc++ -Wl,--end-group
Finished building target: test-04.elf
 
arm-none-eabi-size  test-04.elf 
arm-none-eabi-objdump -h -S test-04.elf  > "test-04.list"
   text	   data	    bss	    dec	    hex	filename
  17116	     92	   2100	  19308	   4b6c	test-04.elf
Finished building: default.size.stdout
 
Finished building: test-04.list
 

01:15:20 Build Finished. 0 errors, 0 warnings. (took 1s.195ms)

