10:21:47 **** Incremental Build of configuration Debug for project test-01 ****
make -j16 all 
arm-none-eabi-gcc "../Core/Src/main.c" -mcpu=cortex-m4 -std=gnu11 -g3 -DDEBUG -DUSE_HAL_DRIVER -DSTM32L476xx -c -I../Core/Inc -I../Drivers/STM32L4xx_HAL_Driver/Inc -I../Drivers/STM32L4xx_HAL_Driver/Inc/Legacy -I../Drivers/CMSIS/Device/ST/STM32L4xx/Include -I../Drivers/CMSIS/Include -O0 -ffunction-sections -fdata-sections -Wall -fstack-usage -fcyclomatic-complexity -MMD -MP -MF"Core/Src/main.d" -MT"Core/Src/main.o" --specs=nano.specs -mfpu=fpv4-sp-d16 -mfloat-abi=hard -mthumb -o "Core/Src/main.o"
arm-none-eabi-g++ -o "test-01.elf" @"objects.list"   -mcpu=cortex-m4 -T"C:\Users\Max Gardenswartz\OneDrive - Cal Poly\Documents\5 Hobbies\1 Coding\mecha15\test-01\STM32L476RGTX_FLASH.ld" --specs=nosys.specs -Wl,-Map="test-01.map" -Wl,--gc-sections -static --specs=nano.specs -mfpu=fpv4-sp-d16 -mfloat-abi=hard -mthumb -Wl,--start-group -lc -lm -lstdc++ -lsupc++ -Wl,--end-group
Finished building target: test-01.elf
 
arm-none-eabi-size  test-01.elf 
arm-none-eabi-objdump -h -S test-01.elf  > "test-01.list"
   text	   data	    bss	    dec	    hex	filename
  19028	     92	   2116	  21236	   52f4	test-01.elf
Finished building: default.size.stdout
 
Finished building: test-01.list
 

10:21:47 Build Finished. 0 errors, 0 warnings. (took 749ms)

