../Core/Src/main.cpp:98:6:void HAL_GPIO_EXTI_Callback(uint16_t)	16	static
../Core/Src/main.cpp:109:6:void HAL_TIM_IC_CaptureCallback(TIM_HandleTypeDef*)	16	static
../Core/Src/main.cpp:128:6:void HAL_TIM_PeriodElapsedCallback(TIM_HandleTypeDef*)	16	static
../Core/Src/main.cpp:136:9:uint8_t Servo_Task(uint8_t)	16	static
../Core/Src/main.cpp:157:5:int main()	160	dynamic
../Core/Src/main.cpp:404:6:void SystemClock_Config()	88	static
../Core/Src/main.cpp:451:13:void MX_I2C1_Init()	8	static
../Core/Src/main.cpp:485:13:void MX_TIM1_Init()	48	static
../Core/Src/main.cpp:548:13:void MX_TIM2_Init()	64	static
../Core/Src/main.cpp:607:13:void MX_TIM3_Init()	64	static
../Core/Src/main.cpp:670:13:void MX_TIM5_Init()	56	static
../Core/Src/main.cpp:719:13:void MX_USART2_UART_Init()	8	static
../Core/Src/main.cpp:752:13:void MX_GPIO_Init()	40	static
../Core/Src/main.cpp:787:6:void I2C_Scan(UART_HandleTypeDef*)	24	static
../Core/Src/main.cpp:810:13:void VL53L0X_Init()	16	static
../Core/Src/main.cpp:840:6:void Error_Handler()	4	static,ignoring_inline_asm
